******************************************************************************
                  TI ARM Linker PC v18.1.1                     
******************************************************************************
>> Linked Wed Apr 25 17:00:30 2018

OUTPUT FILE NAME:   <Humidity_task.out>
ENTRY POINT SYMBOL: "_c_int00_noargs"  address: 00005d71


MEMORY CONFIGURATION

         name            origin    length      used     unused   attr    fill
----------------------  --------  ---------  --------  --------  ----  --------
  FLASH                 00000000   00100000  0000649c  000f9b64  R  X
  SRAM                  20000000   00040000  0000c6fc  00033904  RW X


SEGMENT ALLOCATION MAP

run origin  load origin   length   init length attrs members
----------  ----------- ---------- ----------- ----- -------
00000000    00000000    000064a0   000064a0    r-x
  00000000    00000000    00000208   00000208    r-- .intvecs
  00000208    00000208    00005e40   00005e40    r-x .text
  00006048    00006048    0000041c   0000041c    r-- .const
  00006468    00006468    00000038   00000038    r-- .cinit
20000000    20000000    0000c700   00000000    rw-
  20000000    20000000    0000c49c   00000000    rw- .bss
  2000c4a0    2000c4a0    00000200   00000000    rw- .stack
  2000c6a0    2000c6a0    00000060   00000000    rw- .data


SECTION ALLOCATION MAP

 output                                  attributes/
section   page    origin      length       input sections
--------  ----  ----------  ----------   ----------------
.intvecs   0    00000000    00000208     
                  00000000    00000208     tm4c1294ncpdt_startup_ccs.obj (.intvecs)

.text      0    00000208    00005e40     
                  00000208    000018bc     tasks.obj (.text)
                  00001ac4    00000d04     queue.obj (.text)
                  000027c8    00000a5e     rtsv7M4_T_le_v4SPD16_eabi.lib : _printfi.c.obj (.text:__TI_printfi)
                  00003226    00000002                                   : div0.asm.obj (.text)
                  00003228    00000594     timers.obj (.text)
                  000037bc    0000049c     uartstdio.obj (.text)
                  00003c58    000002fc     humidity_task.obj (.text)
                  00003f54    000002bc     heap_4.obj (.text)
                  00004210    00000270     rtsv7M4_T_le_v4SPD16_eabi.lib : _printfi.c.obj (.text:_pconv_a)
                  00004480    00000200     driverlib.lib : sysctl.obj (.text:SysCtlClockFreqSet)
                  00004680    000001d0     rtsv7M4_T_le_v4SPD16_eabi.lib : _printfi.c.obj (.text:_pconv_g)
                  00004850    000001b6                                   : fd_add_t2.asm.obj (.text)
                  00004a06    00000002     --HOLE-- [fill = 0]
                  00004a08    0000013c                                   : _printfi.c.obj (.text:_pconv_e)
                  00004b44    0000013c     port.obj (.text)
                  00004c80    00000136     rtsv7M4_T_le_v4SPD16_eabi.lib : fd_div_t2.asm.obj (.text)
                  00004db6    00000132     driverlib.lib : gpio.obj (.text:GPIOPadConfigSet)
                  00004ee8    0000012a     list.obj (.text)
                  00005012    00000002     --HOLE-- [fill = 0]
                  00005014    00000120     rtsv7M4_T_le_v4SPD16_eabi.lib : _printfi.c.obj (.text:fcvt)
                  00005134    00000110                                   : s_scalbn.c.obj (.text:scalbn)
                  00005244    000000fc                                   : fd_mul_t2.asm.obj (.text)
                  00005340    000000da     portasm.obj (.text)
                  0000541a    00000002     --HOLE-- [fill = 0]
                  0000541c    000000b1     rtsv7M4_T_le_v4SPD16_eabi.lib : _printfi.c.obj (.text:_ltostr)
                  000054cd    00000001     --HOLE-- [fill = 0]
                  000054ce    0000009c                                   : memcpy_t2.asm.obj (.text)
                  0000556a    00000096                                   : ull_div_t2.asm.obj (.text)
                  00005600    00000086                                   : fd_cmp_t2.asm.obj (.text:__aeabi_cdcmple)
                  00005686    00000086                                   : fd_cmp_t2.asm.obj (.text:__aeabi_cdrcmple)
                  0000570c    0000007a                                   : memset_t2.asm.obj (.text)
                  00005786    0000006e                                   : _printfi.c.obj (.text:_mcpy)
                  000057f4    0000006e                                   : fd_tos_t2.asm.obj (.text)
                  00005862    00000068                                   : copy_decompress_lzss.c.obj (.text:decompress:lzss:__TI_decompress_lzss)
                  000058ca    00000002     --HOLE-- [fill = 0]
                  000058cc    00000064                                   : s_frexp.c.obj (.text:frexp)
                  00005930    00000056                                   : _printfi.c.obj (.text:_pconv_f)
                  00005986    00000054                                   : ltoa.c.obj (.text:ltoa)
                  000059da    00000052                                   : _printfi.c.obj (.text:_ecpy)
                  00005a2c    00000050     driverlib.lib : sysctl.obj (.text:SysCtlPeripheralReset)
                  00005a7c    0000004c                   : i2c.obj (.text:I2CMasterInitExpClk)
                  00005ac8    0000004c     rtsv7M4_T_le_v4SPD16_eabi.lib : atoi.c.obj (.text:atoi)
                  00005b14    00000048     driverlib.lib : gpio.obj (.text:GPIOPinConfigure)
                  00005b5c    00000048                   : sysctl.obj (.text:_SysCtlFrequencyGet)
                  00005ba4    00000048     rtsv7M4_T_le_v4SPD16_eabi.lib : fd_toi_t2.asm.obj (.text)
                  00005bec    00000046     driverlib.lib : uart.obj (.text:UARTConfigSetExpClk)
                  00005c32    00000002     --HOLE-- [fill = 0]
                  00005c34    00000044     rtsv7M4_T_le_v4SPD16_eabi.lib : autoinit.c.obj (.text:__TI_auto_init_nobinit_nopinit:__TI_auto_init_nobinit_nopinit)
                  00005c78    00000040                                   : u_divt2.asm.obj (.text)
                  00005cb8    00000040                                   : sprintf.c.obj (.text:sprintf)
                  00005cf8    0000003e                                   : _printfi.c.obj (.text:_fcpy)
                  00005d36    00000002     --HOLE-- [fill = 0]
                  00005d38    00000038     driverlib.lib : sysctl.obj (.text:SysCtlPeripheralPresent)
                  00005d70    00000038     rtsv7M4_T_le_v4SPD16_eabi.lib : boot_cortex_m.c.obj (.text:_c_int00_noargs:_c_int00_noargs)
                  00005da8    00000038                                   : fs_tod_t2.asm.obj (.text)
                  00005de0    00000034     driverlib.lib : sysctl.obj (.text:SysCtlPeripheralDisable)
                  00005e14    00000034                   : sysctl.obj (.text:SysCtlPeripheralEnable)
                  00005e48    0000002e     rtsv7M4_T_le_v4SPD16_eabi.lib : i_tofd_t2.asm.obj (.text)
                  00005e76    0000002a     driverlib.lib : gpio.obj (.text:GPIODirModeSet)
                  00005ea0    00000020                   : uart.obj (.text:UARTDisable)
                  00005ec0    00000020                   : sysctl.obj (.text:_SysCtlMemTimingGet)
                  00005ee0    00000020     rtsv7M4_T_le_v4SPD16_eabi.lib : u_tofd_t2.asm.obj (.text)
                  00005f00    0000001c                                   : memccpy.c.obj (.text:memccpy)
                  00005f1c    00000018                                   : sprintf.c.obj (.text:_outs)
                  00005f34    00000016                                   : strchr.c.obj (.text:strchr)
                  00005f4a    00000014     driverlib.lib : uart.obj (.text:UARTEnable)
                  00005f5e    00000014     rtsv7M4_T_le_v4SPD16_eabi.lib : s_copysign.c.obj (.text:copysign)
                  00005f72    00000014                                   : strlen.c.obj (.text:strlen)
                  00005f86    00000012     driverlib.lib : gpio.obj (.text:GPIOPinTypeI2C)
                  00005f98    00000012                   : gpio.obj (.text:GPIOPinTypeI2CSCL)
                  00005faa    00000012                   : gpio.obj (.text:GPIOPinTypeUART)
                  00005fbc    00000012     rtsv7M4_T_le_v4SPD16_eabi.lib : wcslen.c.obj (.text:wcslen)
                  00005fce    0000000e                                   : copy_decompress_none.c.obj (.text:decompress:none:__TI_decompress_none)
                  00005fdc    0000000c                                   : copy_zero_init.c.obj (.text:decompress:ZI:__TI_zero_init)
                  00005fe8    0000000c     tm4c1294ncpdt_startup_ccs.obj (.text)
                  00005ff4    0000000a     driverlib.lib : i2c.obj (.text:I2CMasterEnable)
                  00005ffe    0000000a                   : uart.obj (.text:UARTCharGet)
                  00006008    0000000a                   : uart.obj (.text:UARTCharPut)
                  00006012    0000000a     rtsv7M4_T_le_v4SPD16_eabi.lib : sprintf.c.obj (.text:_outc)
                  0000601c    00000008     driverlib.lib : i2c.obj (.text:I2CMasterBusy)
                  00006024    00000008                   : i2c.obj (.text:I2CMasterSlaveAddrSet)
                  0000602c    00000008     rtsv7M4_T_le_v4SPD16_eabi.lib : errno.c.obj (.text:__aeabi_errno_addr)
                  00006034    00000004     driverlib.lib : i2c.obj (.text:I2CMasterControl)
                  00006038    00000004                   : i2c.obj (.text:I2CMasterDataGet)
                  0000603c    00000004                   : i2c.obj (.text:I2CMasterDataPut)
                  00006040    00000004     rtsv7M4_T_le_v4SPD16_eabi.lib : pre_init.c.obj (.text:_system_pre_init)
                  00006044    00000004                                   : exit.c.obj (.text:abort:abort)

.const     0    00006048    0000041c     
                  00006048    000001b0     driverlib.lib : sysctl.obj (.const:g_pppui32XTALtoVCO)
                  000061f8    00000101     rtsv7M4_T_le_v4SPD16_eabi.lib : ctype.c.obj (.const:.string:_ctypes_)
                  000062f9    00000003     --HOLE-- [fill = 0]
                  000062fc    00000090     driverlib.lib : gpio.obj (.const:g_pui32GPIOBaseAddrs)
                  0000638c    0000006c                   : sysctl.obj (.const:g_pui32Xtals)
                  000063f8    00000030                   : sysctl.obj (.const:g_sXTALtoMEMTIM)
                  00006428    00000012     uartstdio.obj (.const:.string)
                  0000643a    00000002     --HOLE-- [fill = 0]
                  0000643c    0000000c     uartstdio.obj (.const:g_ui32UARTBase)
                  00006448    0000000c     uartstdio.obj (.const:g_ui32UARTPeriph)
                  00006454    00000008     driverlib.lib : sysctl.obj (.const)
                  0000645c    00000004     port.obj (.const)
                  00006460    00000004     uartstdio.obj (.const)

.cinit     0    00006468    00000038     
                  00006468    0000000d     (.cinit..data.load) [load image, compression = lzss]
                  00006475    00000003     --HOLE-- [fill = 0]
                  00006478    0000000c     (__TI_handler_table)
                  00006484    00000004     --HOLE-- [fill = 0]
                  00006488    00000008     (.cinit..bss.load) [load image, compression = zero_init]
                  00006490    00000010     (__TI_cinit_table)

.init_array 
*          0    00000000    00000000     UNINITIALIZED

.bss       0    20000000    0000c49c     UNINITIALIZED
                  20000000    0000c350     heap_4.obj (.bss:ucHeap)
                  2000c350    00000064     tasks.obj (.bss:pxReadyTasksLists)
                  2000c3b4    00000040     (.common:xQueueRegistry)
                  2000c3f4    00000014     timers.obj (.bss:xActiveTimerList1)
                  2000c408    00000014     timers.obj (.bss:xActiveTimerList2)
                  2000c41c    00000014     tasks.obj (.bss:xDelayedTaskList1)
                  2000c430    00000014     tasks.obj (.bss:xDelayedTaskList2)
                  2000c444    00000014     tasks.obj (.bss:xPendingReadyList)
                  2000c458    00000014     tasks.obj (.bss:xSuspendedTaskList)
                  2000c46c    00000014     tasks.obj (.bss:xTasksWaitingTermination)
                  2000c480    00000008     tasks.obj (.bss)
                  2000c488    00000008     timers.obj (.bss)
                  2000c490    00000008     heap_4.obj (.bss:xStart)
                  2000c498    00000004     (.common:g_ui32SysClock)

.data      0    2000c6a0    00000060     UNINITIALIZED
                  2000c6a0    00000034     tasks.obj (.data)
                  2000c6d4    00000010     heap_4.obj (.data)
                  2000c6e4    0000000c     timers.obj (.data)
                  2000c6f0    00000005     uartstdio.obj (.data)
                  2000c6f5    00000003     --HOLE--
                  2000c6f8    00000004     port.obj (.data)
                  2000c6fc    00000004     rtsv7M4_T_le_v4SPD16_eabi.lib : errno.c.obj (.data)

.stack     0    2000c4a0    00000200     UNINITIALIZED
                  2000c4a0    00000004     rtsv7M4_T_le_v4SPD16_eabi.lib : boot_cortex_m.c.obj (.stack)
                  2000c4a4    000001fc     --HOLE--

MODULE SUMMARY

       Module                          code    ro data   rw data
       ------                          ----    -------   -------
    .\
       uartstdio.obj                   1180    46        5      
       humidity_task.obj               764     0         4      
       tm4c1294ncpdt_startup_ccs.obj   12      520       0      
    +--+-------------------------------+-------+---------+---------+
       Total:                          1956    566       9      
                                                                
    .\FreeRTOS\Source\
       tasks.obj                       6332    0         260    
       queue.obj                       3332    0         64     
       timers.obj                      1428    0         60     
       list.obj                        298     0         0      
    +--+-------------------------------+-------+---------+---------+
       Total:                          11390   0         384    
                                                                
    .\FreeRTOS\Source\portable\CCS\ARM_CM4F\
       port.obj                        316     4         4      
       portasm.obj                     218     0         0      
    +--+-------------------------------+-------+---------+---------+
       Total:                          534     4         4      
                                                                
    .\FreeRTOS\Source\portable\MemMang\
       heap_4.obj                      700     0         50024  
    +--+-------------------------------+-------+---------+---------+
       Total:                          700     0         50024  
                                                                
    C:/ti/TivaWare_C_Series-2.1.4.178/driverlib/ccs/Debug/driverlib.lib
       sysctl.obj                      856     596       0      
       gpio.obj                        474     144       0      
       uart.obj                        142     0         0      
       i2c.obj                         114     0         0      
    +--+-------------------------------+-------+---------+---------+
       Total:                          1586    740       0      
                                                                
    C:\ti\ccsv8\tools\compiler\ti-cgt-arm_18.1.1.LTS\lib\rtsv7M4_T_le_v4SPD16_eabi.lib
       _printfi.c.obj                  4863    0         0      
       fd_add_t2.asm.obj               438     0         0      
       fd_div_t2.asm.obj               310     0         0      
       s_scalbn.c.obj                  272     0         0      
       fd_cmp_t2.asm.obj               268     0         0      
       ctype.c.obj                     0       257       0      
       fd_mul_t2.asm.obj               252     0         0      
       memcpy_t2.asm.obj               156     0         0      
       ull_div_t2.asm.obj              150     0         0      
       memset_t2.asm.obj               122     0         0      
       fd_tos_t2.asm.obj               110     0         0      
       copy_decompress_lzss.c.obj      104     0         0      
       s_frexp.c.obj                   100     0         0      
       sprintf.c.obj                   98      0         0      
       ltoa.c.obj                      84      0         0      
       atoi.c.obj                      76      0         0      
       fd_toi_t2.asm.obj               72      0         0      
       autoinit.c.obj                  68      0         0      
       u_divt2.asm.obj                 64      0         0      
       boot_cortex_m.c.obj             56      0         0      
       fs_tod_t2.asm.obj               56      0         0      
       i_tofd_t2.asm.obj               46      0         0      
       u_tofd_t2.asm.obj               32      0         0      
       memccpy.c.obj                   28      0         0      
       strchr.c.obj                    22      0         0      
       s_copysign.c.obj                20      0         0      
       strlen.c.obj                    20      0         0      
       wcslen.c.obj                    18      0         0      
       copy_decompress_none.c.obj      14      0         0      
       copy_zero_init.c.obj            12      0         0      
       errno.c.obj                     8       0         4      
       exit.c.obj                      4       0         0      
       pre_init.c.obj                  4       0         0      
       div0.asm.obj                    2       0         0      
    +--+-------------------------------+-------+---------+---------+
       Total:                          7949    257       4      
                                                                
       Stack:                          0       0         512    
       Linker Generated:               0       49        0      
    +--+-------------------------------+-------+---------+---------+
       Grand Total:                    24115   1616      50937  


LINKER GENERATED COPY TABLES

__TI_cinit_table @ 00006490 records: 2, size/record: 8, table size: 16
	.data: load addr=00006468, load size=0000000d bytes, run addr=2000c6a0, run size=00000060 bytes, compression=lzss
	.bss: load addr=00006488, load size=00000008 bytes, run addr=20000000, run size=0000c49c bytes, compression=zero_init


LINKER GENERATED HANDLER TABLE

__TI_handler_table @ 00006478 records: 3, size/record: 4, table size: 12
	index: 0, handler: __TI_decompress_lzss
	index: 1, handler: __TI_decompress_none
	index: 2, handler: __TI_zero_init


GLOBAL SYMBOLS: SORTED ALPHABETICALLY BY Name 

address   name                               
-------   ----                               
00006045  C$$EXIT                            
00005e77  GPIODirModeSet                     
00004db7  GPIOPadConfigSet                   
00005b15  GPIOPinConfigure                   
00005f87  GPIOPinTypeI2C                     
00005f99  GPIOPinTypeI2CSCL                  
00005fab  GPIOPinTypeUART                    
00003e55  I2C0_Init                          
0000601d  I2CMasterBusy                      
00006035  I2CMasterControl                   
00006039  I2CMasterDataGet                   
0000603d  I2CMasterDataPut                   
00005ff5  I2CMasterEnable                    
00005a7d  I2CMasterInitExpClk                
00006025  I2CMasterSlaveAddrSet              
00005fe9  ResetISR                           
00004481  SysCtlClockFreqSet                 
00005de1  SysCtlPeripheralDisable            
00005e15  SysCtlPeripheralEnable             
00005d39  SysCtlPeripheralPresent            
00005a2d  SysCtlPeripheralReset              
00003c59  UART0_Initialize                   
00005fff  UARTCharGet                        
00006009  UARTCharPut                        
00005bed  UARTConfigSetExpClk                
00005ea1  UARTDisable                        
00005f4b  UARTEnable                         
000037bd  UARTStdioConfig                    
00003903  UARTgetc                           
00003849  UARTgets                           
00003c23  UARTprintf                         
00003929  UARTvprintf                        
00003803  UARTwrite                          
2000c6a0  __STACK_END                        
00000200  __STACK_SIZE                       
2000c6a0  __STACK_TOP                        
00006490  __TI_CINIT_Base                    
000064a0  __TI_CINIT_Limit                   
00006478  __TI_Handler_Table_Base            
00006484  __TI_Handler_Table_Limit           
00005c35  __TI_auto_init_nobinit_nopinit     
00005863  __TI_decompress_lzss               
00005fcf  __TI_decompress_none               
ffffffff  __TI_pprof_out_hndl                
000027c9  __TI_printfi                       
ffffffff  __TI_prof_data_size                
ffffffff  __TI_prof_data_start               
00000000  __TI_static_base__                 
00005fdd  __TI_zero_init                     
00005601  __aeabi_cdcmpeq                    
00005601  __aeabi_cdcmple                    
00005687  __aeabi_cdrcmple                   
000057f5  __aeabi_d2f                        
00005ba5  __aeabi_d2iz                       
0000485b  __aeabi_dadd                       
00004c81  __aeabi_ddiv                       
00005245  __aeabi_dmul                       
00004851  __aeabi_dsub                       
0000602d  __aeabi_errno_addr                 
00005da9  __aeabi_f2d                        
00005e49  __aeabi_i2d                        
00003227  __aeabi_idiv0                      
00003227  __aeabi_ldiv0                      
0000570d  __aeabi_memclr                     
0000570d  __aeabi_memclr4                    
0000570d  __aeabi_memclr8                    
000054cf  __aeabi_memcpy                     
000054cf  __aeabi_memcpy4                    
000054cf  __aeabi_memcpy8                    
0000570f  __aeabi_memset                     
0000570f  __aeabi_memset4                    
0000570f  __aeabi_memset8                    
00005ee1  __aeabi_ui2d                       
00005c79  __aeabi_uidiv                      
00005c79  __aeabi_uidivmod                   
0000556b  __aeabi_uldivmod                   
ffffffff  __binit__                          
ffffffff  __c_args__                         
UNDEFED   __mpu_init                         
2000c4a0  __stack                            
00005d71  _c_int00_noargs                    
000061f8  _ctypes_                           
UNDEFED   _system_post_cinit                 
00006041  _system_pre_init                   
00006045  abort                              
00005ac9  atoi                               
ffffffff  binit                              
00005f5f  copysign                           
00005f5f  copysignl                          
0000057d  eTaskGetState                      
2000c6fc  errno                              
000058cd  frexp                              
000058cd  frexpl                             
00000000  g_pfnVectors                       
2000c498  g_ui32SysClock                     
00003e19  humidity_task                      
00005135  ldexp                              
00005135  ldexpl                             
00005987  ltoa                               
00003e97  main                               
00005f01  memccpy                            
000054cf  memcpy                             
00005715  memset                             
000026df  pcQueueGetName                     
00000b57  pcTaskGetName                      
00003363  pcTimerGetName                     
00003f55  pvPortMalloc                       
000015e3  pvTaskIncrementMutexHeldCount      
0000374d  pvTimerGetTimerID                  
2000c6a0  pxCurrentTCB                       
00004b45  pxPortInitialiseStack              
00003cdf  read_humid_user_reg                
00003d39  read_humid_value                   
00005135  scalbn                             
00005135  scalbnl                            
00005cb9  sprintf                            
00005f35  strchr                             
00005f73  strlen                             
00002441  ucQueueGetQueueType                
0000645c  ulMaxSyscallInterruptPriority      
00005351  ulPortGetIPSR                      
00001601  ulTaskNotifyTake                   
00004fcb  uxListRemove                       
00002421  uxQueueGetQueueNumber              
000023c3  uxQueueMessagesWaiting             
000023f9  uxQueueMessagesWaitingFromISR      
000023d9  uxQueueSpacesAvailable             
00000b51  uxTaskGetNumberOfTasks             
00000b7d  uxTaskGetSystemState               
00001035  uxTaskGetTaskNumber                
00000611  uxTaskPriorityGet                  
00000641  uxTaskPriorityGetFromISR           
000015c1  uxTaskResetEventItemValue          
00003781  uxTimerGetTimerNumber              
00004ee9  vListInitialise                    
00004f19  vListInitialiseItem                
00004f65  vListInsert                        
00004f29  vListInsertEnd                     
0000540d  vPortEnableVFP                     
00004be5  vPortEndScheduler                  
00004be7  vPortEnterCritical                 
00004c07  vPortExitCritical                  
00004057  vPortFree                          
000040b5  vPortInitialiseBlocks              
000053c9  vPortSVCHandler                    
00004c43  vPortSetupTimerInterrupt           
000053e9  vPortStartFirstTask                
0000269d  vQueueAddToRegistry                
0000240b  vQueueDelete                       
0000242f  vQueueSetQueueNumber               
0000271f  vQueueUnregisterQueue              
00002763  vQueueWaitForMessageRestricted     
00000541  vTaskDelay                         
000004b1  vTaskDelayUntil                    
00000403  vTaskDelete                        
00000a19  vTaskEndScheduler                  
0000112d  vTaskGetInfo                       
00000f83  vTaskInternalSetTimeOutState       
00001023  vTaskMissedYield                   
0000191d  vTaskNotifyGiveFromISR             
00000dfd  vTaskPlaceOnEventList              
00000e43  vTaskPlaceOnEventListRestricted    
00000e19  vTaskPlaceOnUnorderedEventList     
000014e9  vTaskPriorityDisinheritAfterTimeout
0000068d  vTaskPrioritySet                   
00000ef9  vTaskRemoveFromUnorderedEventList  
000008b5  vTaskResume                        
00001059  vTaskSetTaskNumber                 
00000f65  vTaskSetTimeOutState               
000009bd  vTaskStartScheduler                
000007a5  vTaskSuspend                       
00000a35  vTaskSuspendAll                    
00000d95  vTaskSwitchContext                 
00003767  vTimerSetTimerID                   
0000378f  vTimerSetTimerNumber               
00005fbd  wcslen                             
00003c8f  write_humid_user_reg               
000040a9  xPortGetFreeHeapSize               
000040af  xPortGetMinimumEverFreeHeapSize    
00005369  xPortPendSVHandler                 
00004baf  xPortStartScheduler                
00004c1d  xPortSysTickHandler                
00001cc9  xQueueCreateCountingSemaphore      
00001c1d  xQueueCreateMutex                  
00001b63  xQueueGenericCreate                
00001ac5  xQueueGenericReset                 
00001ce9  xQueueGenericSend                  
00001e15  xQueueGenericSendFromISR           
00001eaf  xQueueGiveFromISR                  
00001c49  xQueueGiveMutexRecursive           
00002639  xQueueIsQueueEmptyFromISR          
0000267b  xQueueIsQueueFullFromISR           
000021b7  xQueuePeek                         
00002371  xQueuePeekFromISR                  
00001f41  xQueueReceive                      
000022d9  xQueueReceiveFromISR               
2000c3b4  xQueueRegistry                     
0000205d  xQueueSemaphoreTake                
00001c85  xQueueTakeMutexRecursive           
00000fa5  xTaskCheckForTimeOut               
00000209  xTaskCreate                        
00001723  xTaskGenericNotify                 
0000180d  xTaskGenericNotifyFromISR          
000012ff  xTaskGetCurrentTaskHandle          
00001319  xTaskGetSchedulerState             
00000b2d  xTaskGetTickCount                  
00000b3d  xTaskGetTickCountFromISR           
00000c71  xTaskIncrementTick                 
000019cb  xTaskNotifyStateClear              
00001681  xTaskNotifyWait                    
00001445  xTaskPriorityDisinherit            
00001365  xTaskPriorityInherit               
00000e7d  xTaskRemoveFromEventList           
00000a49  xTaskResumeAll                     
0000092f  xTaskResumeFromISR                 
00003255  xTimerCreate                       
00003229  xTimerCreateTimerTask              
000032c9  xTimerGenericCommand               
0000334d  xTimerGetExpiryTime                
0000333b  xTimerGetPeriod                    
00003335  xTimerGetTimerDaemonTaskHandle     
00003721  xTimerIsTimerActive                


GLOBAL SYMBOLS: SORTED BY Symbol Address 

address   name                               
-------   ----                               
00000000  __TI_static_base__                 
00000000  g_pfnVectors                       
00000200  __STACK_SIZE                       
00000209  xTaskCreate                        
00000403  vTaskDelete                        
000004b1  vTaskDelayUntil                    
00000541  vTaskDelay                         
0000057d  eTaskGetState                      
00000611  uxTaskPriorityGet                  
00000641  uxTaskPriorityGetFromISR           
0000068d  vTaskPrioritySet                   
000007a5  vTaskSuspend                       
000008b5  vTaskResume                        
0000092f  xTaskResumeFromISR                 
000009bd  vTaskStartScheduler                
00000a19  vTaskEndScheduler                  
00000a35  vTaskSuspendAll                    
00000a49  xTaskResumeAll                     
00000b2d  xTaskGetTickCount                  
00000b3d  xTaskGetTickCountFromISR           
00000b51  uxTaskGetNumberOfTasks             
00000b57  pcTaskGetName                      
00000b7d  uxTaskGetSystemState               
00000c71  xTaskIncrementTick                 
00000d95  vTaskSwitchContext                 
00000dfd  vTaskPlaceOnEventList              
00000e19  vTaskPlaceOnUnorderedEventList     
00000e43  vTaskPlaceOnEventListRestricted    
00000e7d  xTaskRemoveFromEventList           
00000ef9  vTaskRemoveFromUnorderedEventList  
00000f65  vTaskSetTimeOutState               
00000f83  vTaskInternalSetTimeOutState       
00000fa5  xTaskCheckForTimeOut               
00001023  vTaskMissedYield                   
00001035  uxTaskGetTaskNumber                
00001059  vTaskSetTaskNumber                 
0000112d  vTaskGetInfo                       
000012ff  xTaskGetCurrentTaskHandle          
00001319  xTaskGetSchedulerState             
00001365  xTaskPriorityInherit               
00001445  xTaskPriorityDisinherit            
000014e9  vTaskPriorityDisinheritAfterTimeout
000015c1  uxTaskResetEventItemValue          
000015e3  pvTaskIncrementMutexHeldCount      
00001601  ulTaskNotifyTake                   
00001681  xTaskNotifyWait                    
00001723  xTaskGenericNotify                 
0000180d  xTaskGenericNotifyFromISR          
0000191d  vTaskNotifyGiveFromISR             
000019cb  xTaskNotifyStateClear              
00001ac5  xQueueGenericReset                 
00001b63  xQueueGenericCreate                
00001c1d  xQueueCreateMutex                  
00001c49  xQueueGiveMutexRecursive           
00001c85  xQueueTakeMutexRecursive           
00001cc9  xQueueCreateCountingSemaphore      
00001ce9  xQueueGenericSend                  
00001e15  xQueueGenericSendFromISR           
00001eaf  xQueueGiveFromISR                  
00001f41  xQueueReceive                      
0000205d  xQueueSemaphoreTake                
000021b7  xQueuePeek                         
000022d9  xQueueReceiveFromISR               
00002371  xQueuePeekFromISR                  
000023c3  uxQueueMessagesWaiting             
000023d9  uxQueueSpacesAvailable             
000023f9  uxQueueMessagesWaitingFromISR      
0000240b  vQueueDelete                       
00002421  uxQueueGetQueueNumber              
0000242f  vQueueSetQueueNumber               
00002441  ucQueueGetQueueType                
00002639  xQueueIsQueueEmptyFromISR          
0000267b  xQueueIsQueueFullFromISR           
0000269d  vQueueAddToRegistry                
000026df  pcQueueGetName                     
0000271f  vQueueUnregisterQueue              
00002763  vQueueWaitForMessageRestricted     
000027c9  __TI_printfi                       
00003227  __aeabi_idiv0                      
00003227  __aeabi_ldiv0                      
00003229  xTimerCreateTimerTask              
00003255  xTimerCreate                       
000032c9  xTimerGenericCommand               
00003335  xTimerGetTimerDaemonTaskHandle     
0000333b  xTimerGetPeriod                    
0000334d  xTimerGetExpiryTime                
00003363  pcTimerGetName                     
00003721  xTimerIsTimerActive                
0000374d  pvTimerGetTimerID                  
00003767  vTimerSetTimerID                   
00003781  uxTimerGetTimerNumber              
0000378f  vTimerSetTimerNumber               
000037bd  UARTStdioConfig                    
00003803  UARTwrite                          
00003849  UARTgets                           
00003903  UARTgetc                           
00003929  UARTvprintf                        
00003c23  UARTprintf                         
00003c59  UART0_Initialize                   
00003c8f  write_humid_user_reg               
00003cdf  read_humid_user_reg                
00003d39  read_humid_value                   
00003e19  humidity_task                      
00003e55  I2C0_Init                          
00003e97  main                               
00003f55  pvPortMalloc                       
00004057  vPortFree                          
000040a9  xPortGetFreeHeapSize               
000040af  xPortGetMinimumEverFreeHeapSize    
000040b5  vPortInitialiseBlocks              
00004481  SysCtlClockFreqSet                 
00004851  __aeabi_dsub                       
0000485b  __aeabi_dadd                       
00004b45  pxPortInitialiseStack              
00004baf  xPortStartScheduler                
00004be5  vPortEndScheduler                  
00004be7  vPortEnterCritical                 
00004c07  vPortExitCritical                  
00004c1d  xPortSysTickHandler                
00004c43  vPortSetupTimerInterrupt           
00004c81  __aeabi_ddiv                       
00004db7  GPIOPadConfigSet                   
00004ee9  vListInitialise                    
00004f19  vListInitialiseItem                
00004f29  vListInsertEnd                     
00004f65  vListInsert                        
00004fcb  uxListRemove                       
00005135  ldexp                              
00005135  ldexpl                             
00005135  scalbn                             
00005135  scalbnl                            
00005245  __aeabi_dmul                       
00005351  ulPortGetIPSR                      
00005369  xPortPendSVHandler                 
000053c9  vPortSVCHandler                    
000053e9  vPortStartFirstTask                
0000540d  vPortEnableVFP                     
000054cf  __aeabi_memcpy                     
000054cf  __aeabi_memcpy4                    
000054cf  __aeabi_memcpy8                    
000054cf  memcpy                             
0000556b  __aeabi_uldivmod                   
00005601  __aeabi_cdcmpeq                    
00005601  __aeabi_cdcmple                    
00005687  __aeabi_cdrcmple                   
0000570d  __aeabi_memclr                     
0000570d  __aeabi_memclr4                    
0000570d  __aeabi_memclr8                    
0000570f  __aeabi_memset                     
0000570f  __aeabi_memset4                    
0000570f  __aeabi_memset8                    
00005715  memset                             
000057f5  __aeabi_d2f                        
00005863  __TI_decompress_lzss               
000058cd  frexp                              
000058cd  frexpl                             
00005987  ltoa                               
00005a2d  SysCtlPeripheralReset              
00005a7d  I2CMasterInitExpClk                
00005ac9  atoi                               
00005b15  GPIOPinConfigure                   
00005ba5  __aeabi_d2iz                       
00005bed  UARTConfigSetExpClk                
00005c35  __TI_auto_init_nobinit_nopinit     
00005c79  __aeabi_uidiv                      
00005c79  __aeabi_uidivmod                   
00005cb9  sprintf                            
00005d39  SysCtlPeripheralPresent            
00005d71  _c_int00_noargs                    
00005da9  __aeabi_f2d                        
00005de1  SysCtlPeripheralDisable            
00005e15  SysCtlPeripheralEnable             
00005e49  __aeabi_i2d                        
00005e77  GPIODirModeSet                     
00005ea1  UARTDisable                        
00005ee1  __aeabi_ui2d                       
00005f01  memccpy                            
00005f35  strchr                             
00005f4b  UARTEnable                         
00005f5f  copysign                           
00005f5f  copysignl                          
00005f73  strlen                             
00005f87  GPIOPinTypeI2C                     
00005f99  GPIOPinTypeI2CSCL                  
00005fab  GPIOPinTypeUART                    
00005fbd  wcslen                             
00005fcf  __TI_decompress_none               
00005fdd  __TI_zero_init                     
00005fe9  ResetISR                           
00005ff5  I2CMasterEnable                    
00005fff  UARTCharGet                        
00006009  UARTCharPut                        
0000601d  I2CMasterBusy                      
00006025  I2CMasterSlaveAddrSet              
0000602d  __aeabi_errno_addr                 
00006035  I2CMasterControl                   
00006039  I2CMasterDataGet                   
0000603d  I2CMasterDataPut                   
00006041  _system_pre_init                   
00006045  C$$EXIT                            
00006045  abort                              
000061f8  _ctypes_                           
0000645c  ulMaxSyscallInterruptPriority      
00006478  __TI_Handler_Table_Base            
00006484  __TI_Handler_Table_Limit           
00006490  __TI_CINIT_Base                    
000064a0  __TI_CINIT_Limit                   
2000c3b4  xQueueRegistry                     
2000c498  g_ui32SysClock                     
2000c4a0  __stack                            
2000c6a0  __STACK_END                        
2000c6a0  __STACK_TOP                        
2000c6a0  pxCurrentTCB                       
2000c6fc  errno                              
ffffffff  __TI_pprof_out_hndl                
ffffffff  __TI_prof_data_size                
ffffffff  __TI_prof_data_start               
ffffffff  __binit__                          
ffffffff  __c_args__                         
ffffffff  binit                              
UNDEFED   __mpu_init                         
UNDEFED   _system_post_cinit                 

[222 symbols]
