******************************************************************************
                  TI ARM Linker Unix v18.1.1                   
******************************************************************************
>> Linked Tue Apr 17 20:32:21 2018

OUTPUT FILE NAME:   <tiva_freertos_proj2.out>
ENTRY POINT SYMBOL: "_c_int00_noargs"  address: 000059dd


MEMORY CONFIGURATION

         name            origin    length      used     unused   attr    fill
----------------------  --------  ---------  --------  --------  ----  --------
  FLASH                 00000000   00100000  00005f06  000fa0fa  R  X
  SRAM                  20000000   00040000  0000c708  000338f8  RW X


SEGMENT ALLOCATION MAP

run origin  load origin   length   init length attrs members
----------  ----------- ---------- ----------- ----- -------
00000000    00000000    00005f08   00005f08    r-x
  00000000    00000000    00000208   00000208    r-- .intvecs
  00000208    00000208    0000596a   0000596a    r-x .text
  00005b74    00005b74    0000035c   0000035c    r-- .const
  00005ed0    00005ed0    00000038   00000038    r-- .cinit
20000000    20000000    0000c708   00000000    rw-
  20000000    20000000    0000c4a0   00000000    rw- .bss
  2000c4a0    2000c4a0    00000200   00000000    rw- .stack
  2000c6a0    2000c6a0    00000068   00000000    rw- .data


SECTION ALLOCATION MAP

 output                                  attributes/
section   page    origin      length       input sections
--------  ----  ----------  ----------   ----------------
.intvecs   0    00000000    00000208     
                  00000000    00000208     tm4c1294ncpdt_startup_ccs.obj (.intvecs)

.text      0    00000208    0000596a     
                  00000208    000018bc     tasks.obj (.text)
                  00001ac4    00000d04     queue.obj (.text)
                  000027c8    00000a5e     rtsv7M4_T_le_v4SPD16_eabi.lib : _printfi.c.obj (.text:__TI_printfi)
                  00003226    00000002                                   : div0.asm.obj (.text)
                  00003228    00000618     pedometer_task.obj (.text)
                  00003840    00000594     timers.obj (.text)
                  00003dd4    000002bc     heap_4.obj (.text)
                  00004090    00000270     rtsv7M4_T_le_v4SPD16_eabi.lib : _printfi.c.obj (.text:_pconv_a)
                  00004300    00000200     driverlib.lib : sysctl.obj (.text:SysCtlClockFreqSet)
                  00004500    000001d0     rtsv7M4_T_le_v4SPD16_eabi.lib : _printfi.c.obj (.text:_pconv_g)
                  000046d0    000001b6                                   : fd_add_t2.asm.obj (.text)
                  00004886    00000002     --HOLE-- [fill = 0]
                  00004888    0000013c                                   : _printfi.c.obj (.text:_pconv_e)
                  000049c4    0000013c     port.obj (.text)
                  00004b00    00000136     rtsv7M4_T_le_v4SPD16_eabi.lib : fd_div_t2.asm.obj (.text)
                  00004c36    00000132     driverlib.lib : gpio.obj (.text:GPIOPadConfigSet)
                  00004d68    0000012a     list.obj (.text)
                  00004e92    00000002     --HOLE-- [fill = 0]
                  00004e94    00000120     rtsv7M4_T_le_v4SPD16_eabi.lib : _printfi.c.obj (.text:fcvt)
                  00004fb4    00000110                                   : s_scalbn.c.obj (.text:scalbn)
                  000050c4    000000fc                                   : fd_mul_t2.asm.obj (.text)
                  000051c0    000000da     portasm.obj (.text)
                  0000529a    00000002     --HOLE-- [fill = 0]
                  0000529c    000000b1     rtsv7M4_T_le_v4SPD16_eabi.lib : _printfi.c.obj (.text:_ltostr)
                  0000534d    00000001     --HOLE-- [fill = 0]
                  0000534e    0000009c                                   : memcpy_t2.asm.obj (.text)
                  000053ea    00000096                                   : ull_div_t2.asm.obj (.text)
                  00005480    00000086                                   : fd_cmp_t2.asm.obj (.text:__aeabi_cdcmple)
                  00005506    00000086                                   : fd_cmp_t2.asm.obj (.text:__aeabi_cdrcmple)
                  0000558c    0000007a                                   : memset_t2.asm.obj (.text)
                  00005606    0000006e                                   : _printfi.c.obj (.text:_mcpy)
                  00005674    00000068                                   : copy_decompress_lzss.c.obj (.text:decompress:lzss:__TI_decompress_lzss)
                  000056dc    00000064                                   : s_frexp.c.obj (.text:frexp)
                  00005740    00000056                                   : _printfi.c.obj (.text:_pconv_f)
                  00005796    00000054                                   : ltoa.c.obj (.text:ltoa)
                  000057ea    00000052                                   : _printfi.c.obj (.text:_ecpy)
                  0000583c    0000004c                                   : atoi.c.obj (.text:atoi)
                  00005888    00000048     driverlib.lib : sysctl.obj (.text:_SysCtlFrequencyGet)
                  000058d0    00000048     rtsv7M4_T_le_v4SPD16_eabi.lib : fd_toi_t2.asm.obj (.text)
                  00005918    00000044                                   : autoinit.c.obj (.text:__TI_auto_init_nobinit_nopinit:__TI_auto_init_nobinit_nopinit)
                  0000595c    00000040                                   : sprintf.c.obj (.text:sprintf)
                  0000599c    0000003e                                   : _printfi.c.obj (.text:_fcpy)
                  000059da    00000002     --HOLE-- [fill = 0]
                  000059dc    00000038                                   : boot_cortex_m.c.obj (.text:_c_int00_noargs:_c_int00_noargs)
                  00005a14    0000002e                                   : i_tofd_t2.asm.obj (.text)
                  00005a42    0000002a     driverlib.lib : gpio.obj (.text:GPIODirModeSet)
                  00005a6c    00000020                   : sysctl.obj (.text:_SysCtlMemTimingGet)
                  00005a8c    0000001c     rtsv7M4_T_le_v4SPD16_eabi.lib : memccpy.c.obj (.text:memccpy)
                  00005aa8    00000018                                   : sprintf.c.obj (.text:_outs)
                  00005ac0    00000016                                   : strchr.c.obj (.text:strchr)
                  00005ad6    00000014                                   : s_copysign.c.obj (.text:copysign)
                  00005aea    00000014                                   : strlen.c.obj (.text:strlen)
                  00005afe    00000012     driverlib.lib : gpio.obj (.text:GPIOPinTypeI2CSCL)
                  00005b10    00000012     rtsv7M4_T_le_v4SPD16_eabi.lib : wcslen.c.obj (.text:wcslen)
                  00005b22    0000000e                                   : copy_decompress_none.c.obj (.text:decompress:none:__TI_decompress_none)
                  00005b30    0000000c                                   : copy_zero_init.c.obj (.text:decompress:ZI:__TI_zero_init)
                  00005b3c    0000000c     tm4c1294ncpdt_startup_ccs.obj (.text)
                  00005b48    0000000a     driverlib.lib : uart.obj (.text:UARTCharPut)
                  00005b52    0000000a     rtsv7M4_T_le_v4SPD16_eabi.lib : sprintf.c.obj (.text:_outc)
                  00005b5c    00000008                                   : errno.c.obj (.text:__aeabi_errno_addr)
                  00005b64    00000006     driverlib.lib : sysctl.obj (.text:SysCtlDelay)
                  00005b6a    00000004     rtsv7M4_T_le_v4SPD16_eabi.lib : pre_init.c.obj (.text:_system_pre_init)
                  00005b6e    00000004                                   : exit.c.obj (.text:abort:abort)

.const     0    00005b74    0000035c     
                  00005b74    000001b0     driverlib.lib : sysctl.obj (.const:g_pppui32XTALtoVCO)
                  00005d24    00000101     rtsv7M4_T_le_v4SPD16_eabi.lib : ctype.c.obj (.const:.string:_ctypes_)
                  00005e25    00000003     --HOLE-- [fill = 0]
                  00005e28    0000006c     driverlib.lib : sysctl.obj (.const:g_pui32Xtals)
                  00005e94    00000030                   : sysctl.obj (.const:g_sXTALtoMEMTIM)
                  00005ec4    00000008                   : sysctl.obj (.const)
                  00005ecc    00000004     port.obj (.const)

.cinit     0    00005ed0    00000038     
                  00005ed0    0000000e     (.cinit..data.load) [load image, compression = lzss]
                  00005ede    00000002     --HOLE-- [fill = 0]
                  00005ee0    0000000c     (__TI_handler_table)
                  00005eec    00000004     --HOLE-- [fill = 0]
                  00005ef0    00000008     (.cinit..bss.load) [load image, compression = zero_init]
                  00005ef8    00000010     (__TI_cinit_table)

.init_array 
*          0    00000000    00000000     UNINITIALIZED

.bss       0    20000000    0000c4a0     UNINITIALIZED
                  20000000    0000c350     heap_4.obj (.bss:ucHeap)
                  2000c350    00000064     tasks.obj (.bss:pxReadyTasksLists)
                  2000c3b4    00000040     (.common:xQueueRegistry)
                  2000c3f4    00000014     timers.obj (.bss:xActiveTimerList1)
                  2000c408    00000014     timers.obj (.bss:xActiveTimerList2)
                  2000c41c    00000014     tasks.obj (.bss:xDelayedTaskList1)
                  2000c430    00000014     tasks.obj (.bss:xDelayedTaskList2)
                  2000c444    00000014     tasks.obj (.bss:xPendingReadyList)
                  2000c458    00000014     tasks.obj (.bss:xSuspendedTaskList)
                  2000c46c    00000014     tasks.obj (.bss:xTasksWaitingTermination)
                  2000c480    00000008     tasks.obj (.bss)
                  2000c488    00000008     timers.obj (.bss)
                  2000c490    00000008     heap_4.obj (.bss:xStart)
                  2000c498    00000004     (.common:g_ui32SysClock)
                  2000c49c    00000004     (.common:xUARTSemaphore)

.data      0    2000c6a0    00000068     UNINITIALIZED
                  2000c6a0    00000034     tasks.obj (.data)
                  2000c6d4    00000010     heap_4.obj (.data)
                  2000c6e4    00000004     port.obj (.data)
                  2000c6e8    00000010     pedometer_task.obj (.data)
                  2000c6f8    0000000c     timers.obj (.data)
                  2000c704    00000004     rtsv7M4_T_le_v4SPD16_eabi.lib : errno.c.obj (.data)

.stack     0    2000c4a0    00000200     UNINITIALIZED
                  2000c4a0    00000004     rtsv7M4_T_le_v4SPD16_eabi.lib : boot_cortex_m.c.obj (.stack)
                  2000c4a4    000001fc     --HOLE--

MODULE SUMMARY

       Module                          code    ro data   rw data
       ------                          ----    -------   -------
    ./
       pedometer_task.obj              1560    0         24     
       tm4c1294ncpdt_startup_ccs.obj   12      520       0      
    +--+-------------------------------+-------+---------+---------+
       Total:                          1572    520       24     
                                                                
    ./FreeRTOS/Source/
       tasks.obj                       6332    0         260    
       queue.obj                       3332    0         64     
       timers.obj                      1428    0         60     
       list.obj                        298     0         0      
    +--+-------------------------------+-------+---------+---------+
       Total:                          11390   0         384    
                                                                
    ./FreeRTOS/Source/portable/CCS/ARM_CM4F/
       port.obj                        316     4         4      
       portasm.obj                     218     0         0      
    +--+-------------------------------+-------+---------+---------+
       Total:                          534     4         4      
                                                                
    ./FreeRTOS/Source/portable/MemMang/
       heap_4.obj                      700     0         50024  
    +--+-------------------------------+-------+---------+---------+
       Total:                          700     0         50024  
                                                                
    /Users/pavandhareshwar/CCS/ccsv8/tools/compiler/ti-cgt-arm_18.1.1.LTS/lib/rtsv7M4_T_le_v4SPD16_eabi.lib
       _printfi.c.obj                  4863    0         0      
       fd_add_t2.asm.obj               438     0         0      
       fd_div_t2.asm.obj               310     0         0      
       s_scalbn.c.obj                  272     0         0      
       fd_cmp_t2.asm.obj               268     0         0      
       ctype.c.obj                     0       257       0      
       fd_mul_t2.asm.obj               252     0         0      
       memcpy_t2.asm.obj               156     0         0      
       ull_div_t2.asm.obj              150     0         0      
       memset_t2.asm.obj               122     0         0      
       copy_decompress_lzss.c.obj      104     0         0      
       s_frexp.c.obj                   100     0         0      
       sprintf.c.obj                   98      0         0      
       ltoa.c.obj                      84      0         0      
       atoi.c.obj                      76      0         0      
       fd_toi_t2.asm.obj               72      0         0      
       autoinit.c.obj                  68      0         0      
       boot_cortex_m.c.obj             56      0         0      
       i_tofd_t2.asm.obj               46      0         0      
       memccpy.c.obj                   28      0         0      
       strchr.c.obj                    22      0         0      
       s_copysign.c.obj                20      0         0      
       strlen.c.obj                    20      0         0      
       wcslen.c.obj                    18      0         0      
       copy_decompress_none.c.obj      14      0         0      
       copy_zero_init.c.obj            12      0         0      
       errno.c.obj                     8       0         4      
       exit.c.obj                      4       0         0      
       pre_init.c.obj                  4       0         0      
       div0.asm.obj                    2       0         0      
    +--+-------------------------------+-------+---------+---------+
       Total:                          7687    257       4      
                                                                
    /Users/pavandhareshwar/Downloads/TivaWare/SW-TM4C-2.1.4.178/driverlib/ccs/Debug/driverlib.lib
       sysctl.obj                      622     596       0      
       gpio.obj                        366     0         0      
       uart.obj                        10      0         0      
    +--+-------------------------------+-------+---------+---------+
       Total:                          998     596       0      
                                                                
       Stack:                          0       0         512    
       Linker Generated:               0       50        0      
    +--+-------------------------------+-------+---------+---------+
       Grand Total:                    22881   1427      50952  


LINKER GENERATED COPY TABLES

__TI_cinit_table @ 00005ef8 records: 2, size/record: 8, table size: 16
	.data: load addr=00005ed0, load size=0000000e bytes, run addr=2000c6a0, run size=00000068 bytes, compression=lzss
	.bss: load addr=00005ef0, load size=00000008 bytes, run addr=20000000, run size=0000c4a0 bytes, compression=zero_init


LINKER GENERATED HANDLER TABLE

__TI_handler_table @ 00005ee0 records: 3, size/record: 4, table size: 12
	index: 0, handler: __TI_decompress_lzss
	index: 1, handler: __TI_decompress_none
	index: 2, handler: __TI_zero_init


GLOBAL SYMBOLS: SORTED ALPHABETICALLY BY Name 

address   name                               
-------   ----                               
00005b6f  C$$EXIT                            
0000332f  CreateTasks                        
00005a43  GPIODirModeSet                     
00004c37  GPIOPadConfigSet                   
00005aff  GPIOPinTypeI2CSCL                  
000032bd  I2C0_Init                          
00005b3d  ResetISR                           
00004301  SysCtlClockFreqSet                 
00005b65  SysCtlDelay                        
00003251  UART0_Init                         
00005b49  UARTCharPut                        
0000335b  UARTSend                           
2000c6a0  __STACK_END                        
00000200  __STACK_SIZE                       
2000c6a0  __STACK_TOP                        
00005ef8  __TI_CINIT_Base                    
00005f08  __TI_CINIT_Limit                   
00005ee0  __TI_Handler_Table_Base            
00005eec  __TI_Handler_Table_Limit           
00005919  __TI_auto_init_nobinit_nopinit     
00005675  __TI_decompress_lzss               
00005b23  __TI_decompress_none               
ffffffff  __TI_pprof_out_hndl                
000027c9  __TI_printfi                       
ffffffff  __TI_prof_data_size                
ffffffff  __TI_prof_data_start               
00000000  __TI_static_base__                 
00005b31  __TI_zero_init                     
00005481  __aeabi_cdcmpeq                    
00005481  __aeabi_cdcmple                    
00005507  __aeabi_cdrcmple                   
000058d1  __aeabi_d2iz                       
000046db  __aeabi_dadd                       
00004b01  __aeabi_ddiv                       
000050c5  __aeabi_dmul                       
000046d1  __aeabi_dsub                       
00005b5d  __aeabi_errno_addr                 
00005a15  __aeabi_i2d                        
00003227  __aeabi_idiv0                      
00003227  __aeabi_ldiv0                      
0000558d  __aeabi_memclr                     
0000558d  __aeabi_memclr4                    
0000558d  __aeabi_memclr8                    
0000534f  __aeabi_memcpy                     
0000534f  __aeabi_memcpy4                    
0000534f  __aeabi_memcpy8                    
0000558f  __aeabi_memset                     
0000558f  __aeabi_memset4                    
0000558f  __aeabi_memset8                    
000053eb  __aeabi_uldivmod                   
ffffffff  __binit__                          
ffffffff  __c_args__                         
UNDEFED   __mpu_init                         
2000c4a0  __stack                            
000059dd  _c_int00_noargs                    
00005d24  _ctypes_                           
UNDEFED   _system_post_cinit                 
00005b6b  _system_pre_init                   
00005b6f  abort                              
0000583d  atoi                               
ffffffff  binit                              
00005ad7  copysign                           
00005ad7  copysignl                          
0000057d  eTaskGetState                      
2000c704  errno                              
000056dd  frexp                              
000056dd  frexpl                             
00000000  g_pfnVectors                       
2000c498  g_ui32SysClock                     
00004fb5  ldexp                              
00004fb5  ldexpl                             
00005797  ltoa                               
00003229  main                               
00005a8d  memccpy                            
0000534f  memcpy                             
00005595  memset                             
000026df  pcQueueGetName                     
00000b57  pcTaskGetName                      
0000397b  pcTimerGetName                     
00003dd5  pvPortMalloc                       
000015e3  pvTaskIncrementMutexHeldCount      
00003d65  pvTimerGetTimerID                  
2000c6a0  pxCurrentTCB                       
000049c5  pxPortInitialiseStack              
00004fb5  scalbn                             
00004fb5  scalbnl                            
0000595d  sprintf                            
00005ac1  strchr                             
00005aeb  strlen                             
00002441  ucQueueGetQueueType                
00005ecc  ulMaxSyscallInterruptPriority      
000051d1  ulPortGetIPSR                      
00001601  ulTaskNotifyTake                   
00004e4b  uxListRemove                       
00002421  uxQueueGetQueueNumber              
000023c3  uxQueueMessagesWaiting             
000023f9  uxQueueMessagesWaitingFromISR      
000023d9  uxQueueSpacesAvailable             
00000b51  uxTaskGetNumberOfTasks             
00000b7d  uxTaskGetSystemState               
00001035  uxTaskGetTaskNumber                
00000611  uxTaskPriorityGet                  
00000641  uxTaskPriorityGetFromISR           
000015c1  uxTaskResetEventItemValue          
00003d99  uxTimerGetTimerNumber              
00004d69  vListInitialise                    
00004d99  vListInitialiseItem                
00004de5  vListInsert                        
00004da9  vListInsertEnd                     
00003489  vPedometerTask                     
000033d5  vPedometerTaskInit                 
0000528d  vPortEnableVFP                     
00004a65  vPortEndScheduler                  
00004a67  vPortEnterCritical                 
00004a87  vPortExitCritical                  
00003ed7  vPortFree                          
00003f35  vPortInitialiseBlocks              
00005249  vPortSVCHandler                    
00004ac3  vPortSetupTimerInterrupt           
00005269  vPortStartFirstTask                
0000269d  vQueueAddToRegistry                
0000240b  vQueueDelete                       
0000242f  vQueueSetQueueNumber               
0000271f  vQueueUnregisterQueue              
00002763  vQueueWaitForMessageRestricted     
000035c5  vReadPedometerSensorregister       
00000541  vTaskDelay                         
000004b1  vTaskDelayUntil                    
00000403  vTaskDelete                        
00000a19  vTaskEndScheduler                  
0000112d  vTaskGetInfo                       
00000f83  vTaskInternalSetTimeOutState       
00001023  vTaskMissedYield                   
0000191d  vTaskNotifyGiveFromISR             
00000dfd  vTaskPlaceOnEventList              
00000e43  vTaskPlaceOnEventListRestricted    
00000e19  vTaskPlaceOnUnorderedEventList     
000014e9  vTaskPriorityDisinheritAfterTimeout
0000068d  vTaskPrioritySet                   
00000ef9  vTaskRemoveFromUnorderedEventList  
000008b5  vTaskResume                        
00001059  vTaskSetTaskNumber                 
00000f65  vTaskSetTimeOutState               
000009bd  vTaskStartScheduler                
000007a5  vTaskSuspend                       
00000a35  vTaskSuspendAll                    
00000d95  vTaskSwitchContext                 
00003d7f  vTimerSetTimerID                   
00003da7  vTimerSetTimerNumber               
0000352b  vWritePedometerSensorRegister      
00005b11  wcslen                             
00003f29  xPortGetFreeHeapSize               
00003f2f  xPortGetMinimumEverFreeHeapSize    
000051e9  xPortPendSVHandler                 
00004a2f  xPortStartScheduler                
00004a9d  xPortSysTickHandler                
00001cc9  xQueueCreateCountingSemaphore      
00001c1d  xQueueCreateMutex                  
00001b63  xQueueGenericCreate                
00001ac5  xQueueGenericReset                 
00001ce9  xQueueGenericSend                  
00001e15  xQueueGenericSendFromISR           
00001eaf  xQueueGiveFromISR                  
00001c49  xQueueGiveMutexRecursive           
00002639  xQueueIsQueueEmptyFromISR          
0000267b  xQueueIsQueueFullFromISR           
000021b7  xQueuePeek                         
00002371  xQueuePeekFromISR                  
00001f41  xQueueReceive                      
000022d9  xQueueReceiveFromISR               
2000c3b4  xQueueRegistry                     
0000205d  xQueueSemaphoreTake                
00001c85  xQueueTakeMutexRecursive           
00000fa5  xTaskCheckForTimeOut               
00000209  xTaskCreate                        
00001723  xTaskGenericNotify                 
0000180d  xTaskGenericNotifyFromISR          
000012ff  xTaskGetCurrentTaskHandle          
00001319  xTaskGetSchedulerState             
00000b2d  xTaskGetTickCount                  
00000b3d  xTaskGetTickCountFromISR           
00000c71  xTaskIncrementTick                 
000019cb  xTaskNotifyStateClear              
00001681  xTaskNotifyWait                    
00001445  xTaskPriorityDisinherit            
00001365  xTaskPriorityInherit               
00000e7d  xTaskRemoveFromEventList           
00000a49  xTaskResumeAll                     
0000092f  xTaskResumeFromISR                 
0000386d  xTimerCreate                       
00003841  xTimerCreateTimerTask              
000038e1  xTimerGenericCommand               
00003965  xTimerGetExpiryTime                
00003953  xTimerGetPeriod                    
0000394d  xTimerGetTimerDaemonTaskHandle     
00003d39  xTimerIsTimerActive                
2000c49c  xUARTSemaphore                     


GLOBAL SYMBOLS: SORTED BY Symbol Address 

address   name                               
-------   ----                               
00000000  __TI_static_base__                 
00000000  g_pfnVectors                       
00000200  __STACK_SIZE                       
00000209  xTaskCreate                        
00000403  vTaskDelete                        
000004b1  vTaskDelayUntil                    
00000541  vTaskDelay                         
0000057d  eTaskGetState                      
00000611  uxTaskPriorityGet                  
00000641  uxTaskPriorityGetFromISR           
0000068d  vTaskPrioritySet                   
000007a5  vTaskSuspend                       
000008b5  vTaskResume                        
0000092f  xTaskResumeFromISR                 
000009bd  vTaskStartScheduler                
00000a19  vTaskEndScheduler                  
00000a35  vTaskSuspendAll                    
00000a49  xTaskResumeAll                     
00000b2d  xTaskGetTickCount                  
00000b3d  xTaskGetTickCountFromISR           
00000b51  uxTaskGetNumberOfTasks             
00000b57  pcTaskGetName                      
00000b7d  uxTaskGetSystemState               
00000c71  xTaskIncrementTick                 
00000d95  vTaskSwitchContext                 
00000dfd  vTaskPlaceOnEventList              
00000e19  vTaskPlaceOnUnorderedEventList     
00000e43  vTaskPlaceOnEventListRestricted    
00000e7d  xTaskRemoveFromEventList           
00000ef9  vTaskRemoveFromUnorderedEventList  
00000f65  vTaskSetTimeOutState               
00000f83  vTaskInternalSetTimeOutState       
00000fa5  xTaskCheckForTimeOut               
00001023  vTaskMissedYield                   
00001035  uxTaskGetTaskNumber                
00001059  vTaskSetTaskNumber                 
0000112d  vTaskGetInfo                       
000012ff  xTaskGetCurrentTaskHandle          
00001319  xTaskGetSchedulerState             
00001365  xTaskPriorityInherit               
00001445  xTaskPriorityDisinherit            
000014e9  vTaskPriorityDisinheritAfterTimeout
000015c1  uxTaskResetEventItemValue          
000015e3  pvTaskIncrementMutexHeldCount      
00001601  ulTaskNotifyTake                   
00001681  xTaskNotifyWait                    
00001723  xTaskGenericNotify                 
0000180d  xTaskGenericNotifyFromISR          
0000191d  vTaskNotifyGiveFromISR             
000019cb  xTaskNotifyStateClear              
00001ac5  xQueueGenericReset                 
00001b63  xQueueGenericCreate                
00001c1d  xQueueCreateMutex                  
00001c49  xQueueGiveMutexRecursive           
00001c85  xQueueTakeMutexRecursive           
00001cc9  xQueueCreateCountingSemaphore      
00001ce9  xQueueGenericSend                  
00001e15  xQueueGenericSendFromISR           
00001eaf  xQueueGiveFromISR                  
00001f41  xQueueReceive                      
0000205d  xQueueSemaphoreTake                
000021b7  xQueuePeek                         
000022d9  xQueueReceiveFromISR               
00002371  xQueuePeekFromISR                  
000023c3  uxQueueMessagesWaiting             
000023d9  uxQueueSpacesAvailable             
000023f9  uxQueueMessagesWaitingFromISR      
0000240b  vQueueDelete                       
00002421  uxQueueGetQueueNumber              
0000242f  vQueueSetQueueNumber               
00002441  ucQueueGetQueueType                
00002639  xQueueIsQueueEmptyFromISR          
0000267b  xQueueIsQueueFullFromISR           
0000269d  vQueueAddToRegistry                
000026df  pcQueueGetName                     
0000271f  vQueueUnregisterQueue              
00002763  vQueueWaitForMessageRestricted     
000027c9  __TI_printfi                       
00003227  __aeabi_idiv0                      
00003227  __aeabi_ldiv0                      
00003229  main                               
00003251  UART0_Init                         
000032bd  I2C0_Init                          
0000332f  CreateTasks                        
0000335b  UARTSend                           
000033d5  vPedometerTaskInit                 
00003489  vPedometerTask                     
0000352b  vWritePedometerSensorRegister      
000035c5  vReadPedometerSensorregister       
00003841  xTimerCreateTimerTask              
0000386d  xTimerCreate                       
000038e1  xTimerGenericCommand               
0000394d  xTimerGetTimerDaemonTaskHandle     
00003953  xTimerGetPeriod                    
00003965  xTimerGetExpiryTime                
0000397b  pcTimerGetName                     
00003d39  xTimerIsTimerActive                
00003d65  pvTimerGetTimerID                  
00003d7f  vTimerSetTimerID                   
00003d99  uxTimerGetTimerNumber              
00003da7  vTimerSetTimerNumber               
00003dd5  pvPortMalloc                       
00003ed7  vPortFree                          
00003f29  xPortGetFreeHeapSize               
00003f2f  xPortGetMinimumEverFreeHeapSize    
00003f35  vPortInitialiseBlocks              
00004301  SysCtlClockFreqSet                 
000046d1  __aeabi_dsub                       
000046db  __aeabi_dadd                       
000049c5  pxPortInitialiseStack              
00004a2f  xPortStartScheduler                
00004a65  vPortEndScheduler                  
00004a67  vPortEnterCritical                 
00004a87  vPortExitCritical                  
00004a9d  xPortSysTickHandler                
00004ac3  vPortSetupTimerInterrupt           
00004b01  __aeabi_ddiv                       
00004c37  GPIOPadConfigSet                   
00004d69  vListInitialise                    
00004d99  vListInitialiseItem                
00004da9  vListInsertEnd                     
00004de5  vListInsert                        
00004e4b  uxListRemove                       
00004fb5  ldexp                              
00004fb5  ldexpl                             
00004fb5  scalbn                             
00004fb5  scalbnl                            
000050c5  __aeabi_dmul                       
000051d1  ulPortGetIPSR                      
000051e9  xPortPendSVHandler                 
00005249  vPortSVCHandler                    
00005269  vPortStartFirstTask                
0000528d  vPortEnableVFP                     
0000534f  __aeabi_memcpy                     
0000534f  __aeabi_memcpy4                    
0000534f  __aeabi_memcpy8                    
0000534f  memcpy                             
000053eb  __aeabi_uldivmod                   
00005481  __aeabi_cdcmpeq                    
00005481  __aeabi_cdcmple                    
00005507  __aeabi_cdrcmple                   
0000558d  __aeabi_memclr                     
0000558d  __aeabi_memclr4                    
0000558d  __aeabi_memclr8                    
0000558f  __aeabi_memset                     
0000558f  __aeabi_memset4                    
0000558f  __aeabi_memset8                    
00005595  memset                             
00005675  __TI_decompress_lzss               
000056dd  frexp                              
000056dd  frexpl                             
00005797  ltoa                               
0000583d  atoi                               
000058d1  __aeabi_d2iz                       
00005919  __TI_auto_init_nobinit_nopinit     
0000595d  sprintf                            
000059dd  _c_int00_noargs                    
00005a15  __aeabi_i2d                        
00005a43  GPIODirModeSet                     
00005a8d  memccpy                            
00005ac1  strchr                             
00005ad7  copysign                           
00005ad7  copysignl                          
00005aeb  strlen                             
00005aff  GPIOPinTypeI2CSCL                  
00005b11  wcslen                             
00005b23  __TI_decompress_none               
00005b31  __TI_zero_init                     
00005b3d  ResetISR                           
00005b49  UARTCharPut                        
00005b5d  __aeabi_errno_addr                 
00005b65  SysCtlDelay                        
00005b6b  _system_pre_init                   
00005b6f  C$$EXIT                            
00005b6f  abort                              
00005d24  _ctypes_                           
00005ecc  ulMaxSyscallInterruptPriority      
00005ee0  __TI_Handler_Table_Base            
00005eec  __TI_Handler_Table_Limit           
00005ef8  __TI_CINIT_Base                    
00005f08  __TI_CINIT_Limit                   
2000c3b4  xQueueRegistry                     
2000c498  g_ui32SysClock                     
2000c49c  xUARTSemaphore                     
2000c4a0  __stack                            
2000c6a0  __STACK_END                        
2000c6a0  __STACK_TOP                        
2000c6a0  pxCurrentTCB                       
2000c704  errno                              
ffffffff  __TI_pprof_out_hndl                
ffffffff  __TI_prof_data_size                
ffffffff  __TI_prof_data_start               
ffffffff  __binit__                          
ffffffff  __c_args__                         
ffffffff  binit                              
UNDEFED   __mpu_init                         
UNDEFED   _system_post_cinit                 

[197 symbols]
