******************************************************************************
                  TI ARM Linker Unix v18.1.1                   
******************************************************************************
>> Linked Wed Apr 25 23:19:40 2018

OUTPUT FILE NAME:   <tiva_freertos_uart_comm.out>
ENTRY POINT SYMBOL: "_c_int00_noargs"  address: 000061fd


MEMORY CONFIGURATION

         name            origin    length      used     unused   attr    fill
----------------------  --------  ---------  --------  --------  ----  --------
  FLASH                 00000000   00100000  00006aa0  000f9560  R  X
  SRAM                  20000000   00040000  00018cc8  00027338  RW X


SEGMENT ALLOCATION MAP

run origin  load origin   length   init length attrs members
----------  ----------- ---------- ----------- ----- -------
00000000    00000000    00006aa0   00006aa0    r-x
  00000000    00000000    00000208   00000208    r-- .intvecs
  00000208    00000208    0000625c   0000625c    r-x .text
  00006464    00006464    000005f4   000005f4    r-- .const
  00006a58    00006a58    00000048   00000048    r-- .cinit
20000000    20000000    00018cc8   00000000    rw-
  20000000    20000000    0000026c   00000000    rw- .vtable
  2000026c    2000026c    00018804   00000000    rw- .bss
  20018a70    20018a70    00000200   00000000    rw- .stack
  20018c70    20018c70    00000058   00000000    rw- .data


SECTION ALLOCATION MAP

 output                                  attributes/
section   page    origin      length       input sections
--------  ----  ----------  ----------   ----------------
.intvecs   0    00000000    00000208     
                  00000000    00000208     tm4c1294ncpdt_startup_ccs.obj (.intvecs)

.text      0    00000208    0000625c     
                  00000208    000018bc     tasks.obj (.text)
                  00001ac4    00000d04     queue.obj (.text)
                  000027c8    00000cd4     main.obj (.text)
                  0000349c    00000a5e     rtsv7M4_T_le_v4SPD16_eabi.lib : _printfi.c.obj (.text:__TI_printfi)
                  00003efa    00000002                                   : div0.asm.obj (.text)
                  00003efc    00000594     timers.obj (.text)
                  00004490    000002bc     heap_4.obj (.text)
                  0000474c    00000270     rtsv7M4_T_le_v4SPD16_eabi.lib : _printfi.c.obj (.text:_pconv_a)
                  000049bc    00000200     driverlib.lib : sysctl.obj (.text:SysCtlClockFreqSet)
                  00004bbc    000001d0     rtsv7M4_T_le_v4SPD16_eabi.lib : _printfi.c.obj (.text:_pconv_g)
                  00004d8c    000001b6                                   : fd_add_t2.asm.obj (.text)
                  00004f42    00000002     --HOLE-- [fill = 0]
                  00004f44    0000013c                                   : _printfi.c.obj (.text:_pconv_e)
                  00005080    0000013c     port.obj (.text)
                  000051bc    00000136     rtsv7M4_T_le_v4SPD16_eabi.lib : fd_div_t2.asm.obj (.text)
                  000052f2    00000132     driverlib.lib : gpio.obj (.text:GPIOPadConfigSet)
                  00005424    0000012a     list.obj (.text)
                  0000554e    00000002     --HOLE-- [fill = 0]
                  00005550    00000120     rtsv7M4_T_le_v4SPD16_eabi.lib : _printfi.c.obj (.text:fcvt)
                  00005670    00000110                                   : s_scalbn.c.obj (.text:scalbn)
                  00005780    000000fc                                   : fd_mul_t2.asm.obj (.text)
                  0000587c    000000da     portasm.obj (.text)
                  00005956    00000002     --HOLE-- [fill = 0]
                  00005958    000000b1     rtsv7M4_T_le_v4SPD16_eabi.lib : _printfi.c.obj (.text:_ltostr)
                  00005a09    00000001     --HOLE-- [fill = 0]
                  00005a0a    0000009c                                   : memcpy_t2.asm.obj (.text)
                  00005aa6    00000096                                   : ull_div_t2.asm.obj (.text)
                  00005b3c    00000086                                   : fd_cmp_t2.asm.obj (.text:__aeabi_cdcmple)
                  00005bc2    00000086                                   : fd_cmp_t2.asm.obj (.text:__aeabi_cdrcmple)
                  00005c48    0000007a                                   : memset_t2.asm.obj (.text)
                  00005cc2    0000006e                                   : _printfi.c.obj (.text:_mcpy)
                  00005d30    0000006e                                   : fd_tos_t2.asm.obj (.text)
                  00005d9e    00000002     --HOLE-- [fill = 0]
                  00005da0    00000068     driverlib.lib : interrupt.obj (.text:IntEnable)
                  00005e08    00000068     rtsv7M4_T_le_v4SPD16_eabi.lib : copy_decompress_lzss.c.obj (.text:decompress:lzss:__TI_decompress_lzss)
                  00005e70    00000064                                   : s_frexp.c.obj (.text:frexp)
                  00005ed4    00000056                                   : _printfi.c.obj (.text:_pconv_f)
                  00005f2a    00000054                                   : ltoa.c.obj (.text:ltoa)
                  00005f7e    00000052                                   : _printfi.c.obj (.text:_ecpy)
                  00005fd0    0000004c                                   : atoi.c.obj (.text:atoi)
                  0000601c    00000048     driverlib.lib : gpio.obj (.text:GPIOPinConfigure)
                  00006064    00000048                   : sysctl.obj (.text:_SysCtlFrequencyGet)
                  000060ac    00000048     rtsv7M4_T_le_v4SPD16_eabi.lib : fd_toi_t2.asm.obj (.text)
                  000060f4    00000044     driverlib.lib : gpio.obj (.text:_GPIOIntNumberGet)
                  00006138    00000044     rtsv7M4_T_le_v4SPD16_eabi.lib : autoinit.c.obj (.text:__TI_auto_init_nobinit_nopinit:__TI_auto_init_nobinit_nopinit)
                  0000617c    00000040                                   : sprintf.c.obj (.text:sprintf)
                  000061bc    0000003e                                   : _printfi.c.obj (.text:_fcpy)
                  000061fa    00000002     --HOLE-- [fill = 0]
                  000061fc    00000038                                   : boot_cortex_m.c.obj (.text:_c_int00_noargs:_c_int00_noargs)
                  00006234    00000034     driverlib.lib : interrupt.obj (.text:IntRegister)
                  00006268    0000002e     rtsv7M4_T_le_v4SPD16_eabi.lib : i_tofd_t2.asm.obj (.text)
                  00006296    0000002a     driverlib.lib : gpio.obj (.text:GPIODirModeSet)
                  000062c0    00000020                   : sysctl.obj (.text:_SysCtlMemTimingGet)
                  000062e0    00000020     rtsv7M4_T_le_v4SPD16_eabi.lib : u_tofd_t2.asm.obj (.text)
                  00006300    0000001c                                   : memccpy.c.obj (.text:memccpy)
                  0000631c    00000018     driverlib.lib : gpio.obj (.text:GPIOIntRegister)
                  00006334    00000018     rtsv7M4_T_le_v4SPD16_eabi.lib : sprintf.c.obj (.text:_outs)
                  0000634c    00000016                                   : strchr.c.obj (.text:strchr)
                  00006362    00000014                                   : s_copysign.c.obj (.text:copysign)
                  00006376    00000014                                   : strlen.c.obj (.text:strlen)
                  0000638a    00000012     driverlib.lib : gpio.obj (.text:GPIOPinTypeI2CSCL)
                  0000639c    00000012     rtsv7M4_T_le_v4SPD16_eabi.lib : wcslen.c.obj (.text:wcslen)
                  000063ae    00000010     driverlib.lib : interrupt.obj (.text:IntMasterDisable)
                  000063be    00000010                   : interrupt.obj (.text:IntMasterEnable)
                  000063ce    0000000e                   : gpio.obj (.text:GPIOIntDisable)
                  000063dc    0000000e                   : uart.obj (.text:UARTCharsAvail)
                  000063ea    0000000e     rtsv7M4_T_le_v4SPD16_eabi.lib : copy_decompress_none.c.obj (.text:decompress:none:__TI_decompress_none)
                  000063f8    0000000c     driverlib.lib : cpu.obj (.text:CPUcpsid)
                  00006404    0000000c                   : cpu.obj (.text:CPUcpsie)
                  00006410    0000000c     rtsv7M4_T_le_v4SPD16_eabi.lib : copy_zero_init.c.obj (.text:decompress:ZI:__TI_zero_init)
                  0000641c    0000000c     tm4c1294ncpdt_startup_ccs.obj (.text)
                  00006428    0000000a     driverlib.lib : uart.obj (.text:UARTCharGet)
                  00006432    0000000a                   : uart.obj (.text:UARTCharPut)
                  0000643c    0000000a     rtsv7M4_T_le_v4SPD16_eabi.lib : sprintf.c.obj (.text:_outc)
                  00006446    00000002     --HOLE-- [fill = 0]
                  00006448    00000008                                   : errno.c.obj (.text:__aeabi_errno_addr)
                  00006450    00000006     driverlib.lib : gpio.obj (.text:GPIOIntClear)
                  00006456    00000006                   : sysctl.obj (.text:SysCtlDelay)
                  0000645c    00000004     rtsv7M4_T_le_v4SPD16_eabi.lib : pre_init.c.obj (.text:_system_pre_init)
                  00006460    00000004                                   : exit.c.obj (.text:abort:abort)

.const     0    00006464    000005f4     
                  00006464    000001b0     driverlib.lib : sysctl.obj (.const:g_pppui32XTALtoVCO)
                  00006614    00000101     rtsv7M4_T_le_v4SPD16_eabi.lib : ctype.c.obj (.const:.string:_ctypes_)
                  00006715    00000003     --HOLE-- [fill = 0]
                  00006718    000000d8     driverlib.lib : gpio.obj (.const:g_ppui32GPIOIntMapSnowflake)
                  000067f0    000000c0                   : gpio.obj (.const:g_ppui32GPIOIntMapBlizzard)
                  000068b0    00000090                   : gpio.obj (.const:g_pui32GPIOBaseAddrs)
                  00006940    00000070                   : interrupt.obj (.const)
                  000069b0    0000006c                   : sysctl.obj (.const:g_pui32Xtals)
                  00006a1c    00000030                   : sysctl.obj (.const:g_sXTALtoMEMTIM)
                  00006a4c    00000008                   : sysctl.obj (.const)
                  00006a54    00000004     port.obj (.const)

.cinit     0    00006a58    00000048     
                  00006a58    0000000d     (.cinit..data.load) [load image, compression = lzss]
                  00006a65    00000003     --HOLE-- [fill = 0]
                  00006a68    0000000c     (__TI_handler_table)
                  00006a74    00000004     --HOLE-- [fill = 0]
                  00006a78    00000008     (.cinit..bss.load) [load image, compression = zero_init]
                  00006a80    00000008     (.cinit..vtable.load) [load image, compression = zero_init]
                  00006a88    00000018     (__TI_cinit_table)

.init_array 
*          0    00000000    00000000     UNINITIALIZED

.vtable    0    20000000    0000026c     UNINITIALIZED
                  20000000    0000026c     driverlib.lib : interrupt.obj (.vtable)

.bss       0    2000026c    00018804     UNINITIALIZED
                  2000026c    000186a0     heap_4.obj (.bss:ucHeap)
                  2001890c    00000064     tasks.obj (.bss:pxReadyTasksLists)
                  20018970    00000040     (.common:xQueueRegistry)
                  200189b0    00000014     timers.obj (.bss:xActiveTimerList1)
                  200189c4    00000014     timers.obj (.bss:xActiveTimerList2)
                  200189d8    00000014     tasks.obj (.bss:xDelayedTaskList1)
                  200189ec    00000014     tasks.obj (.bss:xDelayedTaskList2)
                  20018a00    00000014     tasks.obj (.bss:xPendingReadyList)
                  20018a14    00000014     tasks.obj (.bss:xSuspendedTaskList)
                  20018a28    00000014     tasks.obj (.bss:xTasksWaitingTermination)
                  20018a3c    00000008     tasks.obj (.bss)
                  20018a44    00000008     timers.obj (.bss)
                  20018a4c    00000008     heap_4.obj (.bss:xStart)
                  20018a54    00000004     (.common:g_ui32SysClock)
                  20018a58    00000004     (.common:gui32IsrCounter)
                  20018a5c    00000004     (.common:xPedometerDataAvail)
                  20018a60    00000004     (.common:xQueue)
                  20018a64    00000004     (.common:xQueueMutex)
                  20018a68    00000004     (.common:xUARTSemaphore)
                  20018a6c    00000004     (.common:xUARTToBBGSemaphore)

.data      0    20018c70    00000058     UNINITIALIZED
                  20018c70    00000034     tasks.obj (.data)
                  20018ca4    00000010     heap_4.obj (.data)
                  20018cb4    0000000c     timers.obj (.data)
                  20018cc0    00000004     port.obj (.data)
                  20018cc4    00000004     rtsv7M4_T_le_v4SPD16_eabi.lib : errno.c.obj (.data)

.stack     0    20018a70    00000200     UNINITIALIZED
                  20018a70    00000004     rtsv7M4_T_le_v4SPD16_eabi.lib : boot_cortex_m.c.obj (.stack)
                  20018a74    000001fc     --HOLE--

MODULE SUMMARY

       Module                          code    ro data   rw data
       ------                          ----    -------   -------
    ./
       main.obj                        3284    0         28     
       tm4c1294ncpdt_startup_ccs.obj   12      520       0      
    +--+-------------------------------+-------+---------+---------+
       Total:                          3296    520       28     
                                                                
    ./FreeRTOS/Source/
       tasks.obj                       6332    0         260    
       queue.obj                       3332    0         64     
       timers.obj                      1428    0         60     
       list.obj                        298     0         0      
    +--+-------------------------------+-------+---------+---------+
       Total:                          11390   0         384    
                                                                
    ./FreeRTOS/Source/portable/CCS/ARM_CM4F/
       port.obj                        316     4         4      
       portasm.obj                     218     0         0      
    +--+-------------------------------+-------+---------+---------+
       Total:                          534     4         4      
                                                                
    ./FreeRTOS/Source/portable/MemMang/
       heap_4.obj                      700     0         100024 
    +--+-------------------------------+-------+---------+---------+
       Total:                          700     0         100024 
                                                                
    /Users/pavandhareshwar/CCS/ccsv8/tools/compiler/ti-cgt-arm_18.1.1.LTS/lib/rtsv7M4_T_le_v4SPD16_eabi.lib
       _printfi.c.obj                  4863    0         0      
       fd_add_t2.asm.obj               438     0         0      
       fd_div_t2.asm.obj               310     0         0      
       s_scalbn.c.obj                  272     0         0      
       fd_cmp_t2.asm.obj               268     0         0      
       ctype.c.obj                     0       257       0      
       fd_mul_t2.asm.obj               252     0         0      
       memcpy_t2.asm.obj               156     0         0      
       ull_div_t2.asm.obj              150     0         0      
       memset_t2.asm.obj               122     0         0      
       fd_tos_t2.asm.obj               110     0         0      
       copy_decompress_lzss.c.obj      104     0         0      
       s_frexp.c.obj                   100     0         0      
       sprintf.c.obj                   98      0         0      
       ltoa.c.obj                      84      0         0      
       atoi.c.obj                      76      0         0      
       fd_toi_t2.asm.obj               72      0         0      
       autoinit.c.obj                  68      0         0      
       boot_cortex_m.c.obj             56      0         0      
       i_tofd_t2.asm.obj               46      0         0      
       u_tofd_t2.asm.obj               32      0         0      
       memccpy.c.obj                   28      0         0      
       strchr.c.obj                    22      0         0      
       s_copysign.c.obj                20      0         0      
       strlen.c.obj                    20      0         0      
       wcslen.c.obj                    18      0         0      
       copy_decompress_none.c.obj      14      0         0      
       copy_zero_init.c.obj            12      0         0      
       errno.c.obj                     8       0         4      
       exit.c.obj                      4       0         0      
       pre_init.c.obj                  4       0         0      
       div0.asm.obj                    2       0         0      
    +--+-------------------------------+-------+---------+---------+
       Total:                          7829    257       4      
                                                                
    /Users/pavandhareshwar/Downloads/TivaWare/SW-TM4C-2.1.4.178/driverlib/ccs/Debug/driverlib.lib
       sysctl.obj                      622     596       0      
       gpio.obj                        550     552       0      
       interrupt.obj                   188     112       620    
       uart.obj                        34      0         0      
       cpu.obj                         24      0         0      
    +--+-------------------------------+-------+---------+---------+
       Total:                          1418    1260      620    
                                                                
       Stack:                          0       0         512    
       Linker Generated:               0       65        0      
    +--+-------------------------------+-------+---------+---------+
       Grand Total:                    25167   2106      101576 


LINKER GENERATED COPY TABLES

__TI_cinit_table @ 00006a88 records: 3, size/record: 8, table size: 24
	.data: load addr=00006a58, load size=0000000d bytes, run addr=20018c70, run size=00000058 bytes, compression=lzss
	.bss: load addr=00006a78, load size=00000008 bytes, run addr=2000026c, run size=00018804 bytes, compression=zero_init
	.vtable: load addr=00006a80, load size=00000008 bytes, run addr=20000000, run size=0000026c bytes, compression=zero_init


LINKER GENERATED HANDLER TABLE

__TI_handler_table @ 00006a68 records: 3, size/record: 4, table size: 12
	index: 0, handler: __TI_zero_init
	index: 1, handler: __TI_decompress_lzss
	index: 2, handler: __TI_decompress_none


GLOBAL SYMBOLS: SORTED ALPHABETICALLY BY Name 

address   name                               
-------   ----                               
00006461  C$$EXIT                            
000063f9  CPUcpsid                           
00006405  CPUcpsie                           
0000291b  CreateTasks                        
00006297  GPIODirModeSet                     
00006451  GPIOIntClear                       
000063cf  GPIOIntDisable                     
0000631d  GPIOIntRegister                    
000052f3  GPIOPadConfigSet                   
0000601d  GPIOPinConfigure                   
0000638b  GPIOPinTypeI2CSCL                  
00002873  I2C0_Init                          
00005da1  IntEnable                          
000063af  IntMasterDisable                   
000063bf  IntMasterEnable                    
00006235  IntRegister                        
000028e5  QueueCreate                        
0000641d  ResetISR                           
000049bd  SysCtlClockFreqSet                 
00006457  SysCtlDelay                        
00002807  UART0_Init                         
0000331d  UART7Init                          
00006429  UARTCharGet                        
00006433  UARTCharPut                        
000063dd  UARTCharsAvail                     
000033b9  UARTIntHandler                     
000029bd  UARTSend                           
00003371  UARTSendToBBG                      
20018c70  __STACK_END                        
00000200  __STACK_SIZE                       
20018c70  __STACK_TOP                        
00006a88  __TI_CINIT_Base                    
00006aa0  __TI_CINIT_Limit                   
00006a68  __TI_Handler_Table_Base            
00006a74  __TI_Handler_Table_Limit           
00006139  __TI_auto_init_nobinit_nopinit     
00005e09  __TI_decompress_lzss               
000063eb  __TI_decompress_none               
ffffffff  __TI_pprof_out_hndl                
0000349d  __TI_printfi                       
ffffffff  __TI_prof_data_size                
ffffffff  __TI_prof_data_start               
00000000  __TI_static_base__                 
00006411  __TI_zero_init                     
00005b3d  __aeabi_cdcmpeq                    
00005b3d  __aeabi_cdcmple                    
00005bc3  __aeabi_cdrcmple                   
00005d31  __aeabi_d2f                        
000060ad  __aeabi_d2iz                       
00004d97  __aeabi_dadd                       
000051bd  __aeabi_ddiv                       
00005781  __aeabi_dmul                       
00004d8d  __aeabi_dsub                       
00006449  __aeabi_errno_addr                 
00006269  __aeabi_i2d                        
00003efb  __aeabi_idiv0                      
00003efb  __aeabi_ldiv0                      
00005c49  __aeabi_memclr                     
00005c49  __aeabi_memclr4                    
00005c49  __aeabi_memclr8                    
00005a0b  __aeabi_memcpy                     
00005a0b  __aeabi_memcpy4                    
00005a0b  __aeabi_memcpy8                    
00005c4b  __aeabi_memset                     
00005c4b  __aeabi_memset4                    
00005c4b  __aeabi_memset8                    
000062e1  __aeabi_ui2d                       
00005aa7  __aeabi_uldivmod                   
ffffffff  __binit__                          
ffffffff  __c_args__                         
UNDEFED   __mpu_init                         
20018a70  __stack                            
000061fd  _c_int00_noargs                    
00006614  _ctypes_                           
UNDEFED   _system_post_cinit                 
0000645d  _system_pre_init                   
00006461  abort                              
00005fd1  atoi                               
ffffffff  binit                              
00006363  copysign                           
00006363  copysignl                          
0000057d  eTaskGetState                      
20018cc4  errno                              
00005e71  frexp                              
00005e71  frexpl                             
20000000  g_pfnRAMVectors                    
00000000  g_pfnVectors                       
20018a54  g_ui32SysClock                     
20018a58  gui32IsrCounter                    
00005671  ldexp                              
00005671  ldexpl                             
00005f2b  ltoa                               
000027c9  main                               
00006301  memccpy                            
00005a0b  memcpy                             
00005c51  memset                             
000026df  pcQueueGetName                     
00000b57  pcTaskGetName                      
00004037  pcTimerGetName                     
00004491  pvPortMalloc                       
000015e3  pvTaskIncrementMutexHeldCount      
00004421  pvTimerGetTimerID                  
20018c70  pxCurrentTCB                       
00005081  pxPortInitialiseStack              
00005671  scalbn                             
00005671  scalbnl                            
0000617d  sprintf                            
0000634d  strchr                             
00006377  strlen                             
00002441  ucQueueGetQueueType                
00006a54  ulMaxSyscallInterruptPriority      
0000588d  ulPortGetIPSR                      
00001601  ulTaskNotifyTake                   
00005507  uxListRemove                       
00002421  uxQueueGetQueueNumber              
000023c3  uxQueueMessagesWaiting             
000023f9  uxQueueMessagesWaitingFromISR      
000023d9  uxQueueSpacesAvailable             
00000b51  uxTaskGetNumberOfTasks             
00000b7d  uxTaskGetSystemState               
00001035  uxTaskGetTaskNumber                
00000611  uxTaskPriorityGet                  
00000641  uxTaskPriorityGetFromISR           
000015c1  uxTaskResetEventItemValue          
00004455  uxTimerGetTimerNumber              
00003015  vHumidityTask                      
00005425  vListInitialise                    
00005455  vListInitialiseItem                
000054a1  vListInsert                        
00005465  vListInsertEnd                     
00002c23  vPedometerTask                     
00002a61  vPedometerTaskInit                 
00005949  vPortEnableVFP                     
00005121  vPortEndScheduler                  
00005123  vPortEnterCritical                 
00005143  vPortExitCritical                  
00004593  vPortFree                          
000045f1  vPortInitialiseBlocks              
00005905  vPortSVCHandler                    
0000517f  vPortSetupTimerInterrupt           
00005925  vPortStartFirstTask                
0000269d  vQueueAddToRegistry                
0000240b  vQueueDelete                       
0000242f  vQueueSetQueueNumber               
0000271f  vQueueUnregisterQueue              
00002763  vQueueWaitForMessageRestricted     
00002efd  vReadPedometerSensorregister       
00000541  vTaskDelay                         
000004b1  vTaskDelayUntil                    
00000403  vTaskDelete                        
00000a19  vTaskEndScheduler                  
0000112d  vTaskGetInfo                       
00000f83  vTaskInternalSetTimeOutState       
00001023  vTaskMissedYield                   
0000191d  vTaskNotifyGiveFromISR             
00000dfd  vTaskPlaceOnEventList              
00000e43  vTaskPlaceOnEventListRestricted    
00000e19  vTaskPlaceOnUnorderedEventList     
000014e9  vTaskPriorityDisinheritAfterTimeout
0000068d  vTaskPrioritySet                   
00000ef9  vTaskRemoveFromUnorderedEventList  
000008b5  vTaskResume                        
00001059  vTaskSetTaskNumber                 
00000f65  vTaskSetTimeOutState               
000009bd  vTaskStartScheduler                
000007a5  vTaskSuspend                       
00000a35  vTaskSuspendAll                    
00000d95  vTaskSwitchContext                 
0000443b  vTimerSetTimerID                   
00004463  vTimerSetTimerNumber               
00003231  vUARTReaderTask                    
000031bd  vUARTWriterTask                    
00002e7d  vWritePedometerSensorRegister      
0000639d  wcslen                             
20018a5c  xPedometerDataAvail                
00002f89  xPedometerStepCountIntHandler      
000045e5  xPortGetFreeHeapSize               
000045eb  xPortGetMinimumEverFreeHeapSize    
000058a5  xPortPendSVHandler                 
000050eb  xPortStartScheduler                
00005159  xPortSysTickHandler                
20018a60  xQueue                             
00001cc9  xQueueCreateCountingSemaphore      
00001c1d  xQueueCreateMutex                  
00001b63  xQueueGenericCreate                
00001ac5  xQueueGenericReset                 
00001ce9  xQueueGenericSend                  
00001e15  xQueueGenericSendFromISR           
00001eaf  xQueueGiveFromISR                  
00001c49  xQueueGiveMutexRecursive           
00002639  xQueueIsQueueEmptyFromISR          
0000267b  xQueueIsQueueFullFromISR           
20018a64  xQueueMutex                        
000021b7  xQueuePeek                         
00002371  xQueuePeekFromISR                  
00001f41  xQueueReceive                      
000022d9  xQueueReceiveFromISR               
20018970  xQueueRegistry                     
0000205d  xQueueSemaphoreTake                
00001c85  xQueueTakeMutexRecursive           
00003093  xReadHumidityValue                 
00000fa5  xTaskCheckForTimeOut               
00000209  xTaskCreate                        
00001723  xTaskGenericNotify                 
0000180d  xTaskGenericNotifyFromISR          
000012ff  xTaskGetCurrentTaskHandle          
00001319  xTaskGetSchedulerState             
00000b2d  xTaskGetTickCount                  
00000b3d  xTaskGetTickCountFromISR           
00000c71  xTaskIncrementTick                 
000019cb  xTaskNotifyStateClear              
00001681  xTaskNotifyWait                    
00001445  xTaskPriorityDisinherit            
00001365  xTaskPriorityInherit               
00000e7d  xTaskRemoveFromEventList           
00000a49  xTaskResumeAll                     
0000092f  xTaskResumeFromISR                 
00003f29  xTimerCreate                       
00003efd  xTimerCreateTimerTask              
00003f9d  xTimerGenericCommand               
00004021  xTimerGetExpiryTime                
0000400f  xTimerGetPeriod                    
00004009  xTimerGetTimerDaemonTaskHandle     
000043f5  xTimerIsTimerActive                
20018a68  xUARTSemaphore                     
20018a6c  xUARTToBBGSemaphore                


GLOBAL SYMBOLS: SORTED BY Symbol Address 

address   name                               
-------   ----                               
00000000  __TI_static_base__                 
00000000  g_pfnVectors                       
00000200  __STACK_SIZE                       
00000209  xTaskCreate                        
00000403  vTaskDelete                        
000004b1  vTaskDelayUntil                    
00000541  vTaskDelay                         
0000057d  eTaskGetState                      
00000611  uxTaskPriorityGet                  
00000641  uxTaskPriorityGetFromISR           
0000068d  vTaskPrioritySet                   
000007a5  vTaskSuspend                       
000008b5  vTaskResume                        
0000092f  xTaskResumeFromISR                 
000009bd  vTaskStartScheduler                
00000a19  vTaskEndScheduler                  
00000a35  vTaskSuspendAll                    
00000a49  xTaskResumeAll                     
00000b2d  xTaskGetTickCount                  
00000b3d  xTaskGetTickCountFromISR           
00000b51  uxTaskGetNumberOfTasks             
00000b57  pcTaskGetName                      
00000b7d  uxTaskGetSystemState               
00000c71  xTaskIncrementTick                 
00000d95  vTaskSwitchContext                 
00000dfd  vTaskPlaceOnEventList              
00000e19  vTaskPlaceOnUnorderedEventList     
00000e43  vTaskPlaceOnEventListRestricted    
00000e7d  xTaskRemoveFromEventList           
00000ef9  vTaskRemoveFromUnorderedEventList  
00000f65  vTaskSetTimeOutState               
00000f83  vTaskInternalSetTimeOutState       
00000fa5  xTaskCheckForTimeOut               
00001023  vTaskMissedYield                   
00001035  uxTaskGetTaskNumber                
00001059  vTaskSetTaskNumber                 
0000112d  vTaskGetInfo                       
000012ff  xTaskGetCurrentTaskHandle          
00001319  xTaskGetSchedulerState             
00001365  xTaskPriorityInherit               
00001445  xTaskPriorityDisinherit            
000014e9  vTaskPriorityDisinheritAfterTimeout
000015c1  uxTaskResetEventItemValue          
000015e3  pvTaskIncrementMutexHeldCount      
00001601  ulTaskNotifyTake                   
00001681  xTaskNotifyWait                    
00001723  xTaskGenericNotify                 
0000180d  xTaskGenericNotifyFromISR          
0000191d  vTaskNotifyGiveFromISR             
000019cb  xTaskNotifyStateClear              
00001ac5  xQueueGenericReset                 
00001b63  xQueueGenericCreate                
00001c1d  xQueueCreateMutex                  
00001c49  xQueueGiveMutexRecursive           
00001c85  xQueueTakeMutexRecursive           
00001cc9  xQueueCreateCountingSemaphore      
00001ce9  xQueueGenericSend                  
00001e15  xQueueGenericSendFromISR           
00001eaf  xQueueGiveFromISR                  
00001f41  xQueueReceive                      
0000205d  xQueueSemaphoreTake                
000021b7  xQueuePeek                         
000022d9  xQueueReceiveFromISR               
00002371  xQueuePeekFromISR                  
000023c3  uxQueueMessagesWaiting             
000023d9  uxQueueSpacesAvailable             
000023f9  uxQueueMessagesWaitingFromISR      
0000240b  vQueueDelete                       
00002421  uxQueueGetQueueNumber              
0000242f  vQueueSetQueueNumber               
00002441  ucQueueGetQueueType                
00002639  xQueueIsQueueEmptyFromISR          
0000267b  xQueueIsQueueFullFromISR           
0000269d  vQueueAddToRegistry                
000026df  pcQueueGetName                     
0000271f  vQueueUnregisterQueue              
00002763  vQueueWaitForMessageRestricted     
000027c9  main                               
00002807  UART0_Init                         
00002873  I2C0_Init                          
000028e5  QueueCreate                        
0000291b  CreateTasks                        
000029bd  UARTSend                           
00002a61  vPedometerTaskInit                 
00002c23  vPedometerTask                     
00002e7d  vWritePedometerSensorRegister      
00002efd  vReadPedometerSensorregister       
00002f89  xPedometerStepCountIntHandler      
00003015  vHumidityTask                      
00003093  xReadHumidityValue                 
000031bd  vUARTWriterTask                    
00003231  vUARTReaderTask                    
0000331d  UART7Init                          
00003371  UARTSendToBBG                      
000033b9  UARTIntHandler                     
0000349d  __TI_printfi                       
00003efb  __aeabi_idiv0                      
00003efb  __aeabi_ldiv0                      
00003efd  xTimerCreateTimerTask              
00003f29  xTimerCreate                       
00003f9d  xTimerGenericCommand               
00004009  xTimerGetTimerDaemonTaskHandle     
0000400f  xTimerGetPeriod                    
00004021  xTimerGetExpiryTime                
00004037  pcTimerGetName                     
000043f5  xTimerIsTimerActive                
00004421  pvTimerGetTimerID                  
0000443b  vTimerSetTimerID                   
00004455  uxTimerGetTimerNumber              
00004463  vTimerSetTimerNumber               
00004491  pvPortMalloc                       
00004593  vPortFree                          
000045e5  xPortGetFreeHeapSize               
000045eb  xPortGetMinimumEverFreeHeapSize    
000045f1  vPortInitialiseBlocks              
000049bd  SysCtlClockFreqSet                 
00004d8d  __aeabi_dsub                       
00004d97  __aeabi_dadd                       
00005081  pxPortInitialiseStack              
000050eb  xPortStartScheduler                
00005121  vPortEndScheduler                  
00005123  vPortEnterCritical                 
00005143  vPortExitCritical                  
00005159  xPortSysTickHandler                
0000517f  vPortSetupTimerInterrupt           
000051bd  __aeabi_ddiv                       
000052f3  GPIOPadConfigSet                   
00005425  vListInitialise                    
00005455  vListInitialiseItem                
00005465  vListInsertEnd                     
000054a1  vListInsert                        
00005507  uxListRemove                       
00005671  ldexp                              
00005671  ldexpl                             
00005671  scalbn                             
00005671  scalbnl                            
00005781  __aeabi_dmul                       
0000588d  ulPortGetIPSR                      
000058a5  xPortPendSVHandler                 
00005905  vPortSVCHandler                    
00005925  vPortStartFirstTask                
00005949  vPortEnableVFP                     
00005a0b  __aeabi_memcpy                     
00005a0b  __aeabi_memcpy4                    
00005a0b  __aeabi_memcpy8                    
00005a0b  memcpy                             
00005aa7  __aeabi_uldivmod                   
00005b3d  __aeabi_cdcmpeq                    
00005b3d  __aeabi_cdcmple                    
00005bc3  __aeabi_cdrcmple                   
00005c49  __aeabi_memclr                     
00005c49  __aeabi_memclr4                    
00005c49  __aeabi_memclr8                    
00005c4b  __aeabi_memset                     
00005c4b  __aeabi_memset4                    
00005c4b  __aeabi_memset8                    
00005c51  memset                             
00005d31  __aeabi_d2f                        
00005da1  IntEnable                          
00005e09  __TI_decompress_lzss               
00005e71  frexp                              
00005e71  frexpl                             
00005f2b  ltoa                               
00005fd1  atoi                               
0000601d  GPIOPinConfigure                   
000060ad  __aeabi_d2iz                       
00006139  __TI_auto_init_nobinit_nopinit     
0000617d  sprintf                            
000061fd  _c_int00_noargs                    
00006235  IntRegister                        
00006269  __aeabi_i2d                        
00006297  GPIODirModeSet                     
000062e1  __aeabi_ui2d                       
00006301  memccpy                            
0000631d  GPIOIntRegister                    
0000634d  strchr                             
00006363  copysign                           
00006363  copysignl                          
00006377  strlen                             
0000638b  GPIOPinTypeI2CSCL                  
0000639d  wcslen                             
000063af  IntMasterDisable                   
000063bf  IntMasterEnable                    
000063cf  GPIOIntDisable                     
000063dd  UARTCharsAvail                     
000063eb  __TI_decompress_none               
000063f9  CPUcpsid                           
00006405  CPUcpsie                           
00006411  __TI_zero_init                     
0000641d  ResetISR                           
00006429  UARTCharGet                        
00006433  UARTCharPut                        
00006449  __aeabi_errno_addr                 
00006451  GPIOIntClear                       
00006457  SysCtlDelay                        
0000645d  _system_pre_init                   
00006461  C$$EXIT                            
00006461  abort                              
00006614  _ctypes_                           
00006a54  ulMaxSyscallInterruptPriority      
00006a68  __TI_Handler_Table_Base            
00006a74  __TI_Handler_Table_Limit           
00006a88  __TI_CINIT_Base                    
00006aa0  __TI_CINIT_Limit                   
20000000  g_pfnRAMVectors                    
20018970  xQueueRegistry                     
20018a54  g_ui32SysClock                     
20018a58  gui32IsrCounter                    
20018a5c  xPedometerDataAvail                
20018a60  xQueue                             
20018a64  xQueueMutex                        
20018a68  xUARTSemaphore                     
20018a6c  xUARTToBBGSemaphore                
20018a70  __stack                            
20018c70  __STACK_END                        
20018c70  __STACK_TOP                        
20018c70  pxCurrentTCB                       
20018cc4  errno                              
ffffffff  __TI_pprof_out_hndl                
ffffffff  __TI_prof_data_size                
ffffffff  __TI_prof_data_start               
ffffffff  __binit__                          
ffffffff  __c_args__                         
ffffffff  binit                              
UNDEFED   __mpu_init                         
UNDEFED   _system_post_cinit                 

[226 symbols]
