<?xml version="1.0" encoding="ISO-8859-1" ?>
<link_info>
   <banner>TI ARM Linker Unix v18.1.1.LTS</banner>
   <copyright>Copyright (c) 1996-2017 Texas Instruments Incorporated</copyright>
   <link_time>0x5ad6ae35</link_time>
   <link_errors>0x0</link_errors>
   <output_file>tiva_freertos_proj2.out</output_file>
   <entry_point>
      <name>_c_int00_noargs</name>
      <address>0x59dd</address>
   </entry_point>
   <input_file_list>
      <input_file id="fl-2">
         <path>./</path>
         <kind>object</kind>
         <file>pedometer_task.obj</file>
         <name>pedometer_task.obj</name>
      </input_file>
      <input_file id="fl-3">
         <path>./</path>
         <kind>object</kind>
         <file>tm4c1294ncpdt_startup_ccs.obj</file>
         <name>tm4c1294ncpdt_startup_ccs.obj</name>
      </input_file>
      <input_file id="fl-4">
         <path>./</path>
         <kind>object</kind>
         <file>uartstdio.obj</file>
         <name>uartstdio.obj</name>
      </input_file>
      <input_file id="fl-5">
         <path>./FreeRTOS/Source/</path>
         <kind>object</kind>
         <file>croutine.obj</file>
         <name>croutine.obj</name>
      </input_file>
      <input_file id="fl-6">
         <path>./FreeRTOS/Source/</path>
         <kind>object</kind>
         <file>event_groups.obj</file>
         <name>event_groups.obj</name>
      </input_file>
      <input_file id="fl-7">
         <path>./FreeRTOS/Source/</path>
         <kind>object</kind>
         <file>list.obj</file>
         <name>list.obj</name>
      </input_file>
      <input_file id="fl-8">
         <path>./FreeRTOS/Source/</path>
         <kind>object</kind>
         <file>queue.obj</file>
         <name>queue.obj</name>
      </input_file>
      <input_file id="fl-9">
         <path>./FreeRTOS/Source/</path>
         <kind>object</kind>
         <file>stream_buffer.obj</file>
         <name>stream_buffer.obj</name>
      </input_file>
      <input_file id="fl-a">
         <path>./FreeRTOS/Source/</path>
         <kind>object</kind>
         <file>tasks.obj</file>
         <name>tasks.obj</name>
      </input_file>
      <input_file id="fl-b">
         <path>./FreeRTOS/Source/</path>
         <kind>object</kind>
         <file>timers.obj</file>
         <name>timers.obj</name>
      </input_file>
      <input_file id="fl-c">
         <path>./FreeRTOS/Source/portable/CCS/ARM_CM4F/</path>
         <kind>object</kind>
         <file>port.obj</file>
         <name>port.obj</name>
      </input_file>
      <input_file id="fl-d">
         <path>./FreeRTOS/Source/portable/CCS/ARM_CM4F/</path>
         <kind>object</kind>
         <file>portasm.obj</file>
         <name>portasm.obj</name>
      </input_file>
      <input_file id="fl-e">
         <path>./FreeRTOS/Source/portable/Common/</path>
         <kind>object</kind>
         <file>mpu_wrappers.obj</file>
         <name>mpu_wrappers.obj</name>
      </input_file>
      <input_file id="fl-f">
         <path>./FreeRTOS/Source/portable/MemMang/</path>
         <kind>object</kind>
         <file>heap_4.obj</file>
         <name>heap_4.obj</name>
      </input_file>
      <input_file id="fl-14">
         <kind>object</kind>
         <file>&lt;internal&gt;</file>
         <name>&lt;internal&gt;</name>
      </input_file>
      <input_file id="fl-ca">
         <path>/Users/pavandhareshwar/CCS/ccsv8/tools/compiler/ti-cgt-arm_18.1.1.LTS/lib/</path>
         <kind>archive</kind>
         <file>rtsv7M4_T_le_v4SPD16_eabi.lib</file>
         <name>u_divt2.asm.obj</name>
      </input_file>
      <input_file id="fl-cb">
         <path>/Users/pavandhareshwar/CCS/ccsv8/tools/compiler/ti-cgt-arm_18.1.1.LTS/lib/</path>
         <kind>archive</kind>
         <file>rtsv7M4_T_le_v4SPD16_eabi.lib</file>
         <name>memcpy_t2.asm.obj</name>
      </input_file>
      <input_file id="fl-cc">
         <path>/Users/pavandhareshwar/CCS/ccsv8/tools/compiler/ti-cgt-arm_18.1.1.LTS/lib/</path>
         <kind>archive</kind>
         <file>rtsv7M4_T_le_v4SPD16_eabi.lib</file>
         <name>ull_div_t2.asm.obj</name>
      </input_file>
      <input_file id="fl-cd">
         <path>/Users/pavandhareshwar/CCS/ccsv8/tools/compiler/ti-cgt-arm_18.1.1.LTS/lib/</path>
         <kind>archive</kind>
         <file>rtsv7M4_T_le_v4SPD16_eabi.lib</file>
         <name>memset_t2.asm.obj</name>
      </input_file>
      <input_file id="fl-ce">
         <path>/Users/pavandhareshwar/CCS/ccsv8/tools/compiler/ti-cgt-arm_18.1.1.LTS/lib/</path>
         <kind>archive</kind>
         <file>rtsv7M4_T_le_v4SPD16_eabi.lib</file>
         <name>copy_zero_init.c.obj</name>
      </input_file>
      <input_file id="fl-cf">
         <path>/Users/pavandhareshwar/CCS/ccsv8/tools/compiler/ti-cgt-arm_18.1.1.LTS/lib/</path>
         <kind>archive</kind>
         <file>rtsv7M4_T_le_v4SPD16_eabi.lib</file>
         <name>copy_decompress_none.c.obj</name>
      </input_file>
      <input_file id="fl-d0">
         <path>/Users/pavandhareshwar/CCS/ccsv8/tools/compiler/ti-cgt-arm_18.1.1.LTS/lib/</path>
         <kind>archive</kind>
         <file>rtsv7M4_T_le_v4SPD16_eabi.lib</file>
         <name>copy_decompress_lzss.c.obj</name>
      </input_file>
      <input_file id="fl-d1">
         <path>/Users/pavandhareshwar/CCS/ccsv8/tools/compiler/ti-cgt-arm_18.1.1.LTS/lib/</path>
         <kind>archive</kind>
         <file>rtsv7M4_T_le_v4SPD16_eabi.lib</file>
         <name>boot_cortex_m.c.obj</name>
      </input_file>
      <input_file id="fl-d2">
         <path>/Users/pavandhareshwar/CCS/ccsv8/tools/compiler/ti-cgt-arm_18.1.1.LTS/lib/</path>
         <kind>archive</kind>
         <file>rtsv7M4_T_le_v4SPD16_eabi.lib</file>
         <name>exit.c.obj</name>
      </input_file>
      <input_file id="fl-d3">
         <path>/Users/pavandhareshwar/CCS/ccsv8/tools/compiler/ti-cgt-arm_18.1.1.LTS/lib/</path>
         <kind>archive</kind>
         <file>rtsv7M4_T_le_v4SPD16_eabi.lib</file>
         <name>_lock.c.obj</name>
      </input_file>
      <input_file id="fl-d4">
         <path>/Users/pavandhareshwar/CCS/ccsv8/tools/compiler/ti-cgt-arm_18.1.1.LTS/lib/</path>
         <kind>archive</kind>
         <file>rtsv7M4_T_le_v4SPD16_eabi.lib</file>
         <name>args_main.c.obj</name>
      </input_file>
      <input_file id="fl-d5">
         <path>/Users/pavandhareshwar/CCS/ccsv8/tools/compiler/ti-cgt-arm_18.1.1.LTS/lib/</path>
         <kind>archive</kind>
         <file>rtsv7M4_T_le_v4SPD16_eabi.lib</file>
         <name>sprintf.c.obj</name>
      </input_file>
      <input_file id="fl-d6">
         <path>/Users/pavandhareshwar/CCS/ccsv8/tools/compiler/ti-cgt-arm_18.1.1.LTS/lib/</path>
         <kind>archive</kind>
         <file>rtsv7M4_T_le_v4SPD16_eabi.lib</file>
         <name>strlen.c.obj</name>
      </input_file>
      <input_file id="fl-d7">
         <path>/Users/pavandhareshwar/CCS/ccsv8/tools/compiler/ti-cgt-arm_18.1.1.LTS/lib/</path>
         <kind>archive</kind>
         <file>rtsv7M4_T_le_v4SPD16_eabi.lib</file>
         <name>div0.asm.obj</name>
      </input_file>
      <input_file id="fl-d8">
         <path>/Users/pavandhareshwar/CCS/ccsv8/tools/compiler/ti-cgt-arm_18.1.1.LTS/lib/</path>
         <kind>archive</kind>
         <file>rtsv7M4_T_le_v4SPD16_eabi.lib</file>
         <name>autoinit.c.obj</name>
      </input_file>
      <input_file id="fl-d9">
         <path>/Users/pavandhareshwar/CCS/ccsv8/tools/compiler/ti-cgt-arm_18.1.1.LTS/lib/</path>
         <kind>archive</kind>
         <file>rtsv7M4_T_le_v4SPD16_eabi.lib</file>
         <name>pre_init.c.obj</name>
      </input_file>
      <input_file id="fl-da">
         <path>/Users/pavandhareshwar/CCS/ccsv8/tools/compiler/ti-cgt-arm_18.1.1.LTS/lib/</path>
         <kind>archive</kind>
         <file>rtsv7M4_T_le_v4SPD16_eabi.lib</file>
         <name>cpy_tbl.c.obj</name>
      </input_file>
      <input_file id="fl-db">
         <path>/Users/pavandhareshwar/CCS/ccsv8/tools/compiler/ti-cgt-arm_18.1.1.LTS/lib/</path>
         <kind>archive</kind>
         <file>rtsv7M4_T_le_v4SPD16_eabi.lib</file>
         <name>_printfi.c.obj</name>
      </input_file>
      <input_file id="fl-dc">
         <path>/Users/pavandhareshwar/CCS/ccsv8/tools/compiler/ti-cgt-arm_18.1.1.LTS/lib/</path>
         <kind>archive</kind>
         <file>rtsv7M4_T_le_v4SPD16_eabi.lib</file>
         <name>atoi.c.obj</name>
      </input_file>
      <input_file id="fl-dd">
         <path>/Users/pavandhareshwar/CCS/ccsv8/tools/compiler/ti-cgt-arm_18.1.1.LTS/lib/</path>
         <kind>archive</kind>
         <file>rtsv7M4_T_le_v4SPD16_eabi.lib</file>
         <name>ctype.c.obj</name>
      </input_file>
      <input_file id="fl-de">
         <path>/Users/pavandhareshwar/CCS/ccsv8/tools/compiler/ti-cgt-arm_18.1.1.LTS/lib/</path>
         <kind>archive</kind>
         <file>rtsv7M4_T_le_v4SPD16_eabi.lib</file>
         <name>ltoa.c.obj</name>
      </input_file>
      <input_file id="fl-df">
         <path>/Users/pavandhareshwar/CCS/ccsv8/tools/compiler/ti-cgt-arm_18.1.1.LTS/lib/</path>
         <kind>archive</kind>
         <file>rtsv7M4_T_le_v4SPD16_eabi.lib</file>
         <name>memccpy.c.obj</name>
      </input_file>
      <input_file id="fl-e0">
         <path>/Users/pavandhareshwar/CCS/ccsv8/tools/compiler/ti-cgt-arm_18.1.1.LTS/lib/</path>
         <kind>archive</kind>
         <file>rtsv7M4_T_le_v4SPD16_eabi.lib</file>
         <name>strchr.c.obj</name>
      </input_file>
      <input_file id="fl-e1">
         <path>/Users/pavandhareshwar/CCS/ccsv8/tools/compiler/ti-cgt-arm_18.1.1.LTS/lib/</path>
         <kind>archive</kind>
         <file>rtsv7M4_T_le_v4SPD16_eabi.lib</file>
         <name>s_frexp.c.obj</name>
      </input_file>
      <input_file id="fl-e2">
         <path>/Users/pavandhareshwar/CCS/ccsv8/tools/compiler/ti-cgt-arm_18.1.1.LTS/lib/</path>
         <kind>archive</kind>
         <file>rtsv7M4_T_le_v4SPD16_eabi.lib</file>
         <name>s_scalbn.c.obj</name>
      </input_file>
      <input_file id="fl-e3">
         <path>/Users/pavandhareshwar/CCS/ccsv8/tools/compiler/ti-cgt-arm_18.1.1.LTS/lib/</path>
         <kind>archive</kind>
         <file>rtsv7M4_T_le_v4SPD16_eabi.lib</file>
         <name>s_copysign.c.obj</name>
      </input_file>
      <input_file id="fl-e4">
         <path>/Users/pavandhareshwar/CCS/ccsv8/tools/compiler/ti-cgt-arm_18.1.1.LTS/lib/</path>
         <kind>archive</kind>
         <file>rtsv7M4_T_le_v4SPD16_eabi.lib</file>
         <name>wcslen.c.obj</name>
      </input_file>
      <input_file id="fl-e5">
         <path>/Users/pavandhareshwar/CCS/ccsv8/tools/compiler/ti-cgt-arm_18.1.1.LTS/lib/</path>
         <kind>archive</kind>
         <file>rtsv7M4_T_le_v4SPD16_eabi.lib</file>
         <name>fd_add_t2.asm.obj</name>
      </input_file>
      <input_file id="fl-e6">
         <path>/Users/pavandhareshwar/CCS/ccsv8/tools/compiler/ti-cgt-arm_18.1.1.LTS/lib/</path>
         <kind>archive</kind>
         <file>rtsv7M4_T_le_v4SPD16_eabi.lib</file>
         <name>fd_cmp_t2.asm.obj</name>
      </input_file>
      <input_file id="fl-e7">
         <path>/Users/pavandhareshwar/CCS/ccsv8/tools/compiler/ti-cgt-arm_18.1.1.LTS/lib/</path>
         <kind>archive</kind>
         <file>rtsv7M4_T_le_v4SPD16_eabi.lib</file>
         <name>fd_div_t2.asm.obj</name>
      </input_file>
      <input_file id="fl-e8">
         <path>/Users/pavandhareshwar/CCS/ccsv8/tools/compiler/ti-cgt-arm_18.1.1.LTS/lib/</path>
         <kind>archive</kind>
         <file>rtsv7M4_T_le_v4SPD16_eabi.lib</file>
         <name>fd_mul_t2.asm.obj</name>
      </input_file>
      <input_file id="fl-e9">
         <path>/Users/pavandhareshwar/CCS/ccsv8/tools/compiler/ti-cgt-arm_18.1.1.LTS/lib/</path>
         <kind>archive</kind>
         <file>rtsv7M4_T_le_v4SPD16_eabi.lib</file>
         <name>fd_toi_t2.asm.obj</name>
      </input_file>
      <input_file id="fl-ea">
         <path>/Users/pavandhareshwar/CCS/ccsv8/tools/compiler/ti-cgt-arm_18.1.1.LTS/lib/</path>
         <kind>archive</kind>
         <file>rtsv7M4_T_le_v4SPD16_eabi.lib</file>
         <name>i_tofd_t2.asm.obj</name>
      </input_file>
      <input_file id="fl-eb">
         <path>/Users/pavandhareshwar/CCS/ccsv8/tools/compiler/ti-cgt-arm_18.1.1.LTS/lib/</path>
         <kind>archive</kind>
         <file>rtsv7M4_T_le_v4SPD16_eabi.lib</file>
         <name>errno.c.obj</name>
      </input_file>
      <input_file id="fl-ec">
         <path>/Users/pavandhareshwar/Downloads/TivaWare/SW-TM4C-2.1.4.178/driverlib/ccs/Debug/</path>
         <kind>archive</kind>
         <file>driverlib.lib</file>
         <name>gpio.obj</name>
      </input_file>
      <input_file id="fl-ed">
         <path>/Users/pavandhareshwar/Downloads/TivaWare/SW-TM4C-2.1.4.178/driverlib/ccs/Debug/</path>
         <kind>archive</kind>
         <file>driverlib.lib</file>
         <name>interrupt.obj</name>
      </input_file>
      <input_file id="fl-ee">
         <path>/Users/pavandhareshwar/Downloads/TivaWare/SW-TM4C-2.1.4.178/driverlib/ccs/Debug/</path>
         <kind>archive</kind>
         <file>driverlib.lib</file>
         <name>sysctl.obj</name>
      </input_file>
      <input_file id="fl-ef">
         <path>/Users/pavandhareshwar/Downloads/TivaWare/SW-TM4C-2.1.4.178/driverlib/ccs/Debug/</path>
         <kind>archive</kind>
         <file>driverlib.lib</file>
         <name>uart.obj</name>
      </input_file>
      <input_file id="fl-f0">
         <path>/Users/pavandhareshwar/Downloads/TivaWare/SW-TM4C-2.1.4.178/driverlib/ccs/Debug/</path>
         <kind>archive</kind>
         <file>driverlib.lib</file>
         <name>cpu.obj</name>
      </input_file>
   </input_file_list>
   <object_component_list>
      <object_component id="oc-f">
         <name>.intvecs</name>
         <load_address>0x0</load_address>
         <run_address>0x0</run_address>
         <size>0x208</size>
         <input_file_ref idref="fl-3"/>
      </object_component>
      <object_component id="oc-7c">
         <name>.text</name>
         <load_address>0x208</load_address>
         <run_address>0x208</run_address>
         <size>0x18bc</size>
         <input_file_ref idref="fl-a"/>
      </object_component>
      <object_component id="oc-138">
         <name>.text</name>
         <load_address>0x1ac4</load_address>
         <run_address>0x1ac4</run_address>
         <size>0xd04</size>
         <input_file_ref idref="fl-8"/>
      </object_component>
      <object_component id="oc-225">
         <name>.text:__TI_printfi</name>
         <load_address>0x27c8</load_address>
         <run_address>0x27c8</run_address>
         <size>0xa5e</size>
         <input_file_ref idref="fl-db"/>
      </object_component>
      <object_component id="oc-23e">
         <name>.text</name>
         <load_address>0x3226</load_address>
         <run_address>0x3226</run_address>
         <size>0x2</size>
         <input_file_ref idref="fl-d7"/>
      </object_component>
      <object_component id="oc-bf">
         <name>.text</name>
         <load_address>0x3228</load_address>
         <run_address>0x3228</run_address>
         <size>0x618</size>
         <input_file_ref idref="fl-2"/>
      </object_component>
      <object_component id="oc-f3">
         <name>.text</name>
         <load_address>0x3840</load_address>
         <run_address>0x3840</run_address>
         <size>0x594</size>
         <input_file_ref idref="fl-b"/>
      </object_component>
      <object_component id="oc-db">
         <name>.text</name>
         <load_address>0x3dd4</load_address>
         <run_address>0x3dd4</run_address>
         <size>0x2bc</size>
         <input_file_ref idref="fl-f"/>
      </object_component>
      <object_component id="oc-2c8">
         <name>.text:_pconv_a</name>
         <load_address>0x4090</load_address>
         <run_address>0x4090</run_address>
         <size>0x270</size>
         <input_file_ref idref="fl-db"/>
      </object_component>
      <object_component id="oc-132">
         <name>.text:SysCtlClockFreqSet</name>
         <load_address>0x4300</load_address>
         <run_address>0x4300</run_address>
         <size>0x200</size>
         <input_file_ref idref="fl-ee"/>
      </object_component>
      <object_component id="oc-2b6">
         <name>.text:_pconv_g</name>
         <load_address>0x4500</load_address>
         <run_address>0x4500</run_address>
         <size>0x1d0</size>
         <input_file_ref idref="fl-db"/>
      </object_component>
      <object_component id="oc-348">
         <name>.text</name>
         <load_address>0x46d0</load_address>
         <run_address>0x46d0</run_address>
         <size>0x1b6</size>
         <input_file_ref idref="fl-e5"/>
      </object_component>
      <object_component id="oc-2c2">
         <name>.text:_pconv_e</name>
         <load_address>0x4888</load_address>
         <run_address>0x4888</run_address>
         <size>0x13c</size>
         <input_file_ref idref="fl-db"/>
      </object_component>
      <object_component id="oc-2f">
         <name>.text</name>
         <load_address>0x49c4</load_address>
         <run_address>0x49c4</run_address>
         <size>0x13c</size>
         <input_file_ref idref="fl-c"/>
      </object_component>
      <object_component id="oc-32e">
         <name>.text</name>
         <load_address>0x4b00</load_address>
         <run_address>0x4b00</run_address>
         <size>0x136</size>
         <input_file_ref idref="fl-e7"/>
      </object_component>
      <object_component id="oc-21a">
         <name>.text:GPIOPadConfigSet</name>
         <load_address>0x4c36</load_address>
         <run_address>0x4c36</run_address>
         <size>0x132</size>
         <input_file_ref idref="fl-ec"/>
      </object_component>
      <object_component id="oc-e1">
         <name>.text</name>
         <load_address>0x4d68</load_address>
         <run_address>0x4d68</run_address>
         <size>0x12a</size>
         <input_file_ref idref="fl-7"/>
      </object_component>
      <object_component id="oc-35a">
         <name>.text:fcvt</name>
         <load_address>0x4e94</load_address>
         <run_address>0x4e94</run_address>
         <size>0x120</size>
         <input_file_ref idref="fl-db"/>
      </object_component>
      <object_component id="oc-36e">
         <name>.text:scalbn</name>
         <load_address>0x4fb4</load_address>
         <run_address>0x4fb4</run_address>
         <size>0x110</size>
         <input_file_ref idref="fl-e2"/>
      </object_component>
      <object_component id="oc-329">
         <name>.text</name>
         <load_address>0x50c4</load_address>
         <run_address>0x50c4</run_address>
         <size>0xfc</size>
         <input_file_ref idref="fl-e8"/>
      </object_component>
      <object_component id="oc-2a">
         <name>.text</name>
         <load_address>0x51c0</load_address>
         <run_address>0x51c0</run_address>
         <size>0xda</size>
         <input_file_ref idref="fl-d"/>
      </object_component>
      <object_component id="oc-2ab">
         <name>.text:_ltostr</name>
         <load_address>0x529c</load_address>
         <run_address>0x529c</run_address>
         <size>0xb1</size>
         <input_file_ref idref="fl-db"/>
      </object_component>
      <object_component id="oc-43">
         <name>.text</name>
         <load_address>0x534e</load_address>
         <run_address>0x534e</run_address>
         <size>0x9c</size>
         <input_file_ref idref="fl-cb"/>
      </object_component>
      <object_component id="oc-159">
         <name>.text</name>
         <load_address>0x53ea</load_address>
         <run_address>0x53ea</run_address>
         <size>0x96</size>
         <input_file_ref idref="fl-cc"/>
      </object_component>
      <object_component id="oc-2b1">
         <name>.text:__aeabi_cdcmple</name>
         <load_address>0x5480</load_address>
         <run_address>0x5480</run_address>
         <size>0x86</size>
         <input_file_ref idref="fl-e6"/>
      </object_component>
      <object_component id="oc-333">
         <name>.text:__aeabi_cdrcmple</name>
         <load_address>0x5506</load_address>
         <run_address>0x5506</run_address>
         <size>0x86</size>
         <input_file_ref idref="fl-e6"/>
      </object_component>
      <object_component id="oc-b3">
         <name>.text</name>
         <load_address>0x558c</load_address>
         <run_address>0x558c</run_address>
         <size>0x7a</size>
         <input_file_ref idref="fl-cd"/>
      </object_component>
      <object_component id="oc-353">
         <name>.text:_mcpy</name>
         <load_address>0x5606</load_address>
         <run_address>0x5606</run_address>
         <size>0x6e</size>
         <input_file_ref idref="fl-db"/>
      </object_component>
      <object_component id="oc-12">
         <name>.text:decompress:lzss:__TI_decompress_lzss</name>
         <load_address>0x5674</load_address>
         <run_address>0x5674</run_address>
         <size>0x68</size>
         <input_file_ref idref="fl-d0"/>
      </object_component>
      <object_component id="oc-368">
         <name>.text:frexp</name>
         <load_address>0x56dc</load_address>
         <run_address>0x56dc</run_address>
         <size>0x64</size>
         <input_file_ref idref="fl-e1"/>
      </object_component>
      <object_component id="oc-2bc">
         <name>.text:_pconv_f</name>
         <load_address>0x5740</load_address>
         <run_address>0x5740</run_address>
         <size>0x56</size>
         <input_file_ref idref="fl-db"/>
      </object_component>
      <object_component id="oc-33d">
         <name>.text:ltoa</name>
         <load_address>0x5796</load_address>
         <run_address>0x5796</run_address>
         <size>0x54</size>
         <input_file_ref idref="fl-de"/>
      </object_component>
      <object_component id="oc-34d">
         <name>.text:_ecpy</name>
         <load_address>0x57ea</load_address>
         <run_address>0x57ea</run_address>
         <size>0x52</size>
         <input_file_ref idref="fl-db"/>
      </object_component>
      <object_component id="oc-2a5">
         <name>.text:atoi</name>
         <load_address>0x583c</load_address>
         <run_address>0x583c</run_address>
         <size>0x4c</size>
         <input_file_ref idref="fl-dc"/>
      </object_component>
      <object_component id="oc-1fa">
         <name>.text:_SysCtlFrequencyGet</name>
         <load_address>0x5888</load_address>
         <run_address>0x5888</run_address>
         <size>0x48</size>
         <input_file_ref idref="fl-ee"/>
      </object_component>
      <object_component id="oc-338">
         <name>.text</name>
         <load_address>0x58d0</load_address>
         <run_address>0x58d0</run_address>
         <size>0x48</size>
         <input_file_ref idref="fl-e9"/>
      </object_component>
      <object_component id="oc-16c">
         <name>.text:__TI_auto_init_nobinit_nopinit:__TI_auto_init_nobinit_nopinit</name>
         <load_address>0x5918</load_address>
         <run_address>0x5918</run_address>
         <size>0x44</size>
         <input_file_ref idref="fl-d8"/>
      </object_component>
      <object_component id="oc-153">
         <name>.text:sprintf</name>
         <load_address>0x595c</load_address>
         <run_address>0x595c</run_address>
         <size>0x40</size>
         <input_file_ref idref="fl-d5"/>
      </object_component>
      <object_component id="oc-360">
         <name>.text:_fcpy</name>
         <load_address>0x599c</load_address>
         <run_address>0x599c</run_address>
         <size>0x3e</size>
         <input_file_ref idref="fl-db"/>
      </object_component>
      <object_component id="oc-61">
         <name>.text:_c_int00_noargs:_c_int00_noargs</name>
         <load_address>0x59dc</load_address>
         <run_address>0x59dc</run_address>
         <size>0x38</size>
         <input_file_ref idref="fl-d1"/>
      </object_component>
      <object_component id="oc-343">
         <name>.text</name>
         <load_address>0x5a14</load_address>
         <run_address>0x5a14</run_address>
         <size>0x2e</size>
         <input_file_ref idref="fl-ea"/>
      </object_component>
      <object_component id="oc-214">
         <name>.text:GPIODirModeSet</name>
         <load_address>0x5a42</load_address>
         <run_address>0x5a42</run_address>
         <size>0x2a</size>
         <input_file_ref idref="fl-ec"/>
      </object_component>
      <object_component id="oc-1f4">
         <name>.text:_SysCtlMemTimingGet</name>
         <load_address>0x5a6c</load_address>
         <run_address>0x5a6c</run_address>
         <size>0x20</size>
         <input_file_ref idref="fl-ee"/>
      </object_component>
      <object_component id="oc-2ce">
         <name>.text:memccpy</name>
         <load_address>0x5a8c</load_address>
         <run_address>0x5a8c</run_address>
         <size>0x1c</size>
         <input_file_ref idref="fl-df"/>
      </object_component>
      <object_component id="oc-22b">
         <name>.text:_outs</name>
         <load_address>0x5aa8</load_address>
         <run_address>0x5aa8</run_address>
         <size>0x18</size>
         <input_file_ref idref="fl-d5"/>
      </object_component>
      <object_component id="oc-374">
         <name>.text:strchr</name>
         <load_address>0x5ac0</load_address>
         <run_address>0x5ac0</run_address>
         <size>0x16</size>
         <input_file_ref idref="fl-e0"/>
      </object_component>
      <object_component id="oc-3c1">
         <name>.text:copysign</name>
         <load_address>0x5ad6</load_address>
         <run_address>0x5ad6</run_address>
         <size>0x14</size>
         <input_file_ref idref="fl-e3"/>
      </object_component>
      <object_component id="oc-144">
         <name>.text:strlen</name>
         <load_address>0x5aea</load_address>
         <run_address>0x5aea</run_address>
         <size>0x14</size>
         <input_file_ref idref="fl-d6"/>
      </object_component>
      <object_component id="oc-13e">
         <name>.text:GPIOPinTypeI2CSCL</name>
         <load_address>0x5afe</load_address>
         <run_address>0x5afe</run_address>
         <size>0x12</size>
         <input_file_ref idref="fl-ec"/>
      </object_component>
      <object_component id="oc-2d4">
         <name>.text:wcslen</name>
         <load_address>0x5b10</load_address>
         <run_address>0x5b10</run_address>
         <size>0x12</size>
         <input_file_ref idref="fl-e4"/>
      </object_component>
      <object_component id="oc-18">
         <name>.text:decompress:none:__TI_decompress_none</name>
         <load_address>0x5b22</load_address>
         <run_address>0x5b22</run_address>
         <size>0xe</size>
         <input_file_ref idref="fl-cf"/>
      </object_component>
      <object_component id="oc-55">
         <name>.text:decompress:ZI:__TI_zero_init</name>
         <load_address>0x5b30</load_address>
         <run_address>0x5b30</run_address>
         <size>0xc</size>
         <input_file_ref idref="fl-ce"/>
      </object_component>
      <object_component id="oc-24">
         <name>.text</name>
         <load_address>0x5b3c</load_address>
         <run_address>0x5b3c</run_address>
         <size>0xc</size>
         <input_file_ref idref="fl-3"/>
      </object_component>
      <object_component id="oc-14a">
         <name>.text:UARTCharPut</name>
         <load_address>0x5b48</load_address>
         <run_address>0x5b48</run_address>
         <size>0xa</size>
         <input_file_ref idref="fl-ef"/>
      </object_component>
      <object_component id="oc-231">
         <name>.text:_outc</name>
         <load_address>0x5b52</load_address>
         <run_address>0x5b52</run_address>
         <size>0xa</size>
         <input_file_ref idref="fl-d5"/>
      </object_component>
      <object_component id="oc-2da">
         <name>.text:__aeabi_errno_addr</name>
         <load_address>0x5b5c</load_address>
         <run_address>0x5b5c</run_address>
         <size>0x8</size>
         <input_file_ref idref="fl-eb"/>
      </object_component>
      <object_component id="oc-152">
         <name>.text:SysCtlDelay</name>
         <load_address>0x5b64</load_address>
         <run_address>0x5b64</run_address>
         <size>0x6</size>
         <input_file_ref idref="fl-ee"/>
      </object_component>
      <object_component id="oc-b9">
         <name>.text:_system_pre_init</name>
         <load_address>0x5b6a</load_address>
         <run_address>0x5b6a</run_address>
         <size>0x4</size>
         <input_file_ref idref="fl-d9"/>
      </object_component>
      <object_component id="oc-160">
         <name>.text:abort:abort</name>
         <load_address>0x5b6e</load_address>
         <run_address>0x5b6e</run_address>
         <size>0x4</size>
         <input_file_ref idref="fl-d2"/>
      </object_component>
      <object_component id="oc-203">
         <name>.const:g_pppui32XTALtoVCO</name>
         <load_address>0x5b74</load_address>
         <run_address>0x5b74</run_address>
         <size>0x1b0</size>
         <input_file_ref idref="fl-ee"/>
      </object_component>
      <object_component id="oc-322">
         <name>.const:.string:_ctypes_</name>
         <load_address>0x5d24</load_address>
         <run_address>0x5d24</run_address>
         <size>0x101</size>
         <input_file_ref idref="fl-dd"/>
      </object_component>
      <object_component id="oc-200">
         <name>.const:g_pui32Xtals</name>
         <load_address>0x5e28</load_address>
         <run_address>0x5e28</run_address>
         <size>0x6c</size>
         <input_file_ref idref="fl-ee"/>
      </object_component>
      <object_component id="oc-285">
         <name>.const:g_sXTALtoMEMTIM</name>
         <load_address>0x5e94</load_address>
         <run_address>0x5e94</run_address>
         <size>0x30</size>
         <input_file_ref idref="fl-ee"/>
      </object_component>
      <object_component id="oc-206">
         <name>.const</name>
         <load_address>0x5ec4</load_address>
         <run_address>0x5ec4</run_address>
         <size>0x8</size>
         <input_file_ref idref="fl-ee"/>
      </object_component>
      <object_component id="oc-79">
         <name>.const</name>
         <load_address>0x5ecc</load_address>
         <run_address>0x5ecc</run_address>
         <size>0x4</size>
         <input_file_ref idref="fl-c"/>
      </object_component>
      <object_component id="oc-416">
         <name>.cinit..data.load</name>
         <load_address>0x5ed0</load_address>
         <run_address>0x5ed0</run_address>
         <size>0xe</size>
      </object_component>
      <object_component id="oc-414">
         <name>__TI_handler_table</name>
         <load_address>0x5ee0</load_address>
         <run_address>0x5ee0</run_address>
         <size>0xc</size>
      </object_component>
      <object_component id="oc-417">
         <name>.cinit..bss.load</name>
         <load_address>0x5ef0</load_address>
         <run_address>0x5ef0</run_address>
         <size>0x8</size>
      </object_component>
      <object_component id="oc-415">
         <name>__TI_cinit_table</name>
         <load_address>0x5ef8</load_address>
         <run_address>0x5ef8</run_address>
         <size>0x10</size>
      </object_component>
      <object_component id="oc-15e">
         <name>.data</name>
         <load_address>0x2000c6e8</load_address>
         <run_address>0x2000c6e8</run_address>
         <size>0x10</size>
         <input_file_ref idref="fl-2"/>
      </object_component>
      <object_component id="oc-76">
         <name>.data</name>
         <load_address>0x2000c6a0</load_address>
         <run_address>0x2000c6a0</run_address>
         <size>0x34</size>
         <input_file_ref idref="fl-a"/>
      </object_component>
      <object_component id="oc-1c9">
         <name>.data</name>
         <load_address>0x2000c6f8</load_address>
         <run_address>0x2000c6f8</run_address>
         <size>0xc</size>
         <input_file_ref idref="fl-b"/>
      </object_component>
      <object_component id="oc-83">
         <name>.data</name>
         <load_address>0x2000c6e4</load_address>
         <run_address>0x2000c6e4</run_address>
         <size>0x4</size>
         <input_file_ref idref="fl-c"/>
      </object_component>
      <object_component id="oc-1b4">
         <name>.data</name>
         <load_address>0x2000c6d4</load_address>
         <run_address>0x2000c6d4</run_address>
         <size>0x10</size>
         <input_file_ref idref="fl-f"/>
      </object_component>
      <object_component id="oc-384">
         <name>.data</name>
         <load_address>0x2000c704</load_address>
         <run_address>0x2000c704</run_address>
         <size>0x4</size>
         <input_file_ref idref="fl-eb"/>
      </object_component>
      <object_component id="oc-e7">
         <name>.bss:pxReadyTasksLists</name>
         <uninitialized>true</uninitialized>
         <run_address>0x2000c350</run_address>
         <size>0x64</size>
         <input_file_ref idref="fl-a"/>
      </object_component>
      <object_component id="oc-fc">
         <name>.bss:xDelayedTaskList1</name>
         <uninitialized>true</uninitialized>
         <run_address>0x2000c41c</run_address>
         <size>0x14</size>
         <input_file_ref idref="fl-a"/>
      </object_component>
      <object_component id="oc-ff">
         <name>.bss:xDelayedTaskList2</name>
         <uninitialized>true</uninitialized>
         <run_address>0x2000c430</run_address>
         <size>0x14</size>
         <input_file_ref idref="fl-a"/>
      </object_component>
      <object_component id="oc-ed">
         <name>.bss</name>
         <uninitialized>true</uninitialized>
         <run_address>0x2000c480</run_address>
         <size>0x8</size>
         <input_file_ref idref="fl-a"/>
      </object_component>
      <object_component id="oc-f9">
         <name>.bss:xPendingReadyList</name>
         <uninitialized>true</uninitialized>
         <run_address>0x2000c444</run_address>
         <size>0x14</size>
         <input_file_ref idref="fl-a"/>
      </object_component>
      <object_component id="oc-ea">
         <name>.bss:xTasksWaitingTermination</name>
         <uninitialized>true</uninitialized>
         <run_address>0x2000c46c</run_address>
         <size>0x14</size>
         <input_file_ref idref="fl-a"/>
      </object_component>
      <object_component id="oc-f0">
         <name>.bss:xSuspendedTaskList</name>
         <uninitialized>true</uninitialized>
         <run_address>0x2000c458</run_address>
         <size>0x14</size>
         <input_file_ref idref="fl-a"/>
      </object_component>
      <object_component id="oc-1cf">
         <name>.bss:xActiveTimerList1</name>
         <uninitialized>true</uninitialized>
         <run_address>0x2000c3f4</run_address>
         <size>0x14</size>
         <input_file_ref idref="fl-b"/>
      </object_component>
      <object_component id="oc-1d2">
         <name>.bss:xActiveTimerList2</name>
         <uninitialized>true</uninitialized>
         <run_address>0x2000c408</run_address>
         <size>0x14</size>
         <input_file_ref idref="fl-b"/>
      </object_component>
      <object_component id="oc-1cc">
         <name>.bss</name>
         <uninitialized>true</uninitialized>
         <run_address>0x2000c488</run_address>
         <size>0x8</size>
         <input_file_ref idref="fl-b"/>
      </object_component>
      <object_component id="oc-1ba">
         <name>.bss:ucHeap</name>
         <uninitialized>true</uninitialized>
         <run_address>0x20000000</run_address>
         <size>0xc350</size>
         <input_file_ref idref="fl-f"/>
      </object_component>
      <object_component id="oc-1b7">
         <name>.bss:xStart</name>
         <uninitialized>true</uninitialized>
         <run_address>0x2000c490</run_address>
         <size>0x8</size>
         <input_file_ref idref="fl-f"/>
      </object_component>
      <object_component id="oc-151">
         <name>.common:xUARTSemaphore</name>
         <uninitialized>true</uninitialized>
         <run_address>0x2000c49c</run_address>
         <size>0x4</size>
      </object_component>
      <object_component id="oc-150">
         <name>.common:g_ui32SysClock</name>
         <uninitialized>true</uninitialized>
         <run_address>0x2000c498</run_address>
         <size>0x4</size>
      </object_component>
      <object_component id="oc-210">
         <name>.common:xQueueRegistry</name>
         <uninitialized>true</uninitialized>
         <run_address>0x2000c3b4</run_address>
         <size>0x40</size>
      </object_component>
      <object_component id="oc-21">
         <name>.stack</name>
         <uninitialized>true</uninitialized>
         <run_address>0x2000c4a0</run_address>
         <size>0x4</size>
         <input_file_ref idref="fl-d1"/>
      </object_component>
      <object_component id="oc-418">
         <name>.stack</name>
         <uninitialized>true</uninitialized>
         <run_address>0x2000c4a0</run_address>
         <size>0x0</size>
      </object_component>
      <object_component id="oc-116">
         <name>.debug_info</name>
         <load_address>0x0</load_address>
         <run_address>0x0</run_address>
         <size>0x6b5</size>
         <input_file_ref idref="fl-2"/>
      </object_component>
      <object_component id="oc-c0">
         <name>.debug_info</name>
         <load_address>0x6b5</load_address>
         <run_address>0x6b5</run_address>
         <size>0xb72</size>
         <input_file_ref idref="fl-2"/>
      </object_component>
      <object_component id="oc-d4">
         <name>.debug_info</name>
         <load_address>0x1227</load_address>
         <run_address>0x1227</run_address>
         <size>0x30c</size>
         <input_file_ref idref="fl-2"/>
      </object_component>
      <object_component id="oc-94">
         <name>.debug_info</name>
         <load_address>0x1533</load_address>
         <run_address>0x1533</run_address>
         <size>0x26b</size>
         <input_file_ref idref="fl-2"/>
      </object_component>
      <object_component id="oc-1e5">
         <name>.debug_info</name>
         <load_address>0x179e</load_address>
         <run_address>0x179e</run_address>
         <size>0x44c</size>
         <input_file_ref idref="fl-2"/>
      </object_component>
      <object_component id="oc-118">
         <name>.debug_info</name>
         <load_address>0x1bea</load_address>
         <run_address>0x1bea</run_address>
         <size>0x8b</size>
         <input_file_ref idref="fl-2"/>
      </object_component>
      <object_component id="oc-1ef">
         <name>.debug_info</name>
         <load_address>0x1c75</load_address>
         <run_address>0x1c75</run_address>
         <size>0x46</size>
         <input_file_ref idref="fl-2"/>
      </object_component>
      <object_component id="oc-1ea">
         <name>.debug_info</name>
         <load_address>0x1cbb</load_address>
         <run_address>0x1cbb</run_address>
         <size>0x2c</size>
         <input_file_ref idref="fl-2"/>
      </object_component>
      <object_component id="oc-1a0">
         <name>.debug_info</name>
         <load_address>0x1ce7</load_address>
         <run_address>0x1ce7</run_address>
         <size>0x46</size>
         <input_file_ref idref="fl-2"/>
      </object_component>
      <object_component id="oc-88">
         <name>.debug_info</name>
         <load_address>0x1d2d</load_address>
         <run_address>0x1d2d</run_address>
         <size>0x2c</size>
         <input_file_ref idref="fl-2"/>
      </object_component>
      <object_component id="oc-11d">
         <name>.debug_info</name>
         <load_address>0x1d59</load_address>
         <run_address>0x1d59</run_address>
         <size>0x297</size>
         <input_file_ref idref="fl-2"/>
      </object_component>
      <object_component id="oc-99">
         <name>.debug_info</name>
         <load_address>0x1ff0</load_address>
         <run_address>0x1ff0</run_address>
         <size>0xbb</size>
         <input_file_ref idref="fl-2"/>
      </object_component>
      <object_component id="oc-8d">
         <name>.debug_info</name>
         <load_address>0x20ab</load_address>
         <run_address>0x20ab</run_address>
         <size>0x53</size>
         <input_file_ref idref="fl-2"/>
      </object_component>
      <object_component id="oc-129">
         <name>.debug_info</name>
         <load_address>0x20fe</load_address>
         <run_address>0x20fe</run_address>
         <size>0x2c</size>
         <input_file_ref idref="fl-2"/>
      </object_component>
      <object_component id="oc-239">
         <name>.debug_info</name>
         <load_address>0x212a</load_address>
         <run_address>0x212a</run_address>
         <size>0x2c</size>
         <input_file_ref idref="fl-2"/>
      </object_component>
      <object_component id="oc-10c">
         <name>.debug_info</name>
         <load_address>0x2156</load_address>
         <run_address>0x2156</run_address>
         <size>0x14c</size>
         <input_file_ref idref="fl-2"/>
      </object_component>
      <object_component id="oc-37">
         <name>.debug_info</name>
         <load_address>0x22a2</load_address>
         <run_address>0x22a2</run_address>
         <size>0x33a</size>
         <input_file_ref idref="fl-3"/>
      </object_component>
      <object_component id="oc-10">
         <name>.debug_info</name>
         <load_address>0x25dc</load_address>
         <run_address>0x25dc</run_address>
         <size>0xf9</size>
         <input_file_ref idref="fl-3"/>
      </object_component>
      <object_component id="oc-25">
         <name>.debug_info</name>
         <load_address>0x26d5</load_address>
         <run_address>0x26d5</run_address>
         <size>0x27a</size>
         <input_file_ref idref="fl-3"/>
      </object_component>
      <object_component id="oc-3e">
         <name>.debug_info</name>
         <load_address>0x294f</load_address>
         <run_address>0x294f</run_address>
         <size>0x84</size>
         <input_file_ref idref="fl-3"/>
      </object_component>
      <object_component id="oc-1e2">
         <name>.debug_info</name>
         <load_address>0x29d3</load_address>
         <run_address>0x29d3</run_address>
         <size>0x1e7</size>
         <input_file_ref idref="fl-5"/>
      </object_component>
      <object_component id="oc-111">
         <name>.debug_info</name>
         <load_address>0x2bba</load_address>
         <run_address>0x2bba</run_address>
         <size>0x44c</size>
         <input_file_ref idref="fl-5"/>
      </object_component>
      <object_component id="oc-280">
         <name>.debug_info</name>
         <load_address>0x3006</load_address>
         <run_address>0x3006</run_address>
         <size>0xcc</size>
         <input_file_ref idref="fl-5"/>
      </object_component>
      <object_component id="oc-107">
         <name>.debug_info</name>
         <load_address>0x30d2</load_address>
         <run_address>0x30d2</run_address>
         <size>0x53</size>
         <input_file_ref idref="fl-5"/>
      </object_component>
      <object_component id="oc-264">
         <name>.debug_info</name>
         <load_address>0x3125</load_address>
         <run_address>0x3125</run_address>
         <size>0x61b</size>
         <input_file_ref idref="fl-6"/>
      </object_component>
      <object_component id="oc-1a5">
         <name>.debug_info</name>
         <load_address>0x3740</load_address>
         <run_address>0x3740</run_address>
         <size>0x110</size>
         <input_file_ref idref="fl-6"/>
      </object_component>
      <object_component id="oc-1af">
         <name>.debug_info</name>
         <load_address>0x3850</load_address>
         <run_address>0x3850</run_address>
         <size>0x44c</size>
         <input_file_ref idref="fl-6"/>
      </object_component>
      <object_component id="oc-314">
         <name>.debug_info</name>
         <load_address>0x3c9c</load_address>
         <run_address>0x3c9c</run_address>
         <size>0x39</size>
         <input_file_ref idref="fl-6"/>
      </object_component>
      <object_component id="oc-319">
         <name>.debug_info</name>
         <load_address>0x3cd5</load_address>
         <run_address>0x3cd5</run_address>
         <size>0x76</size>
         <input_file_ref idref="fl-6"/>
      </object_component>
      <object_component id="oc-1c0">
         <name>.debug_info</name>
         <load_address>0x3d4b</load_address>
         <run_address>0x3d4b</run_address>
         <size>0x36f</size>
         <input_file_ref idref="fl-7"/>
      </object_component>
      <object_component id="oc-e2">
         <name>.debug_info</name>
         <load_address>0x40ba</load_address>
         <run_address>0x40ba</run_address>
         <size>0x501</size>
         <input_file_ref idref="fl-7"/>
      </object_component>
      <object_component id="oc-211">
         <name>.debug_info</name>
         <load_address>0x45bb</load_address>
         <run_address>0x45bb</run_address>
         <size>0x88c</size>
         <input_file_ref idref="fl-8"/>
      </object_component>
      <object_component id="oc-139">
         <name>.debug_info</name>
         <load_address>0x4e47</load_address>
         <run_address>0x4e47</run_address>
         <size>0x37ef</size>
         <input_file_ref idref="fl-8"/>
      </object_component>
      <object_component id="oc-299">
         <name>.debug_info</name>
         <load_address>0x8636</load_address>
         <run_address>0x8636</run_address>
         <size>0x1cd</size>
         <input_file_ref idref="fl-8"/>
      </object_component>
      <object_component id="oc-d3">
         <name>.debug_info</name>
         <load_address>0x8803</load_address>
         <run_address>0x8803</run_address>
         <size>0x76b</size>
         <input_file_ref idref="fl-a"/>
      </object_component>
      <object_component id="oc-77">
         <name>.debug_info</name>
         <load_address>0x8f6e</load_address>
         <run_address>0x8f6e</run_address>
         <size>0x358</size>
         <input_file_ref idref="fl-a"/>
      </object_component>
      <object_component id="oc-e8">
         <name>.debug_info</name>
         <load_address>0x92c6</load_address>
         <run_address>0x92c6</run_address>
         <size>0xff</size>
         <input_file_ref idref="fl-a"/>
      </object_component>
      <object_component id="oc-fd">
         <name>.debug_info</name>
         <load_address>0x93c5</load_address>
         <run_address>0x93c5</run_address>
         <size>0xff</size>
         <input_file_ref idref="fl-a"/>
      </object_component>
      <object_component id="oc-100">
         <name>.debug_info</name>
         <load_address>0x94c4</load_address>
         <run_address>0x94c4</run_address>
         <size>0xff</size>
         <input_file_ref idref="fl-a"/>
      </object_component>
      <object_component id="oc-ee">
         <name>.debug_info</name>
         <load_address>0x95c3</load_address>
         <run_address>0x95c3</run_address>
         <size>0x142</size>
         <input_file_ref idref="fl-a"/>
      </object_component>
      <object_component id="oc-fa">
         <name>.debug_info</name>
         <load_address>0x9705</load_address>
         <run_address>0x9705</run_address>
         <size>0xff</size>
         <input_file_ref idref="fl-a"/>
      </object_component>
      <object_component id="oc-eb">
         <name>.debug_info</name>
         <load_address>0x9804</load_address>
         <run_address>0x9804</run_address>
         <size>0x10d</size>
         <input_file_ref idref="fl-a"/>
      </object_component>
      <object_component id="oc-f1">
         <name>.debug_info</name>
         <load_address>0x9911</load_address>
         <run_address>0x9911</run_address>
         <size>0x101</size>
         <input_file_ref idref="fl-a"/>
      </object_component>
      <object_component id="oc-7d">
         <name>.debug_info</name>
         <load_address>0x9a12</load_address>
         <run_address>0x9a12</run_address>
         <size>0x4c97</size>
         <input_file_ref idref="fl-a"/>
      </object_component>
      <object_component id="oc-1aa">
         <name>.debug_info</name>
         <load_address>0xe6a9</load_address>
         <run_address>0xe6a9</run_address>
         <size>0x146</size>
         <input_file_ref idref="fl-a"/>
      </object_component>
      <object_component id="oc-1d6">
         <name>.debug_info</name>
         <load_address>0xe7ef</load_address>
         <run_address>0xe7ef</run_address>
         <size>0x83c</size>
         <input_file_ref idref="fl-b"/>
      </object_component>
      <object_component id="oc-1d0">
         <name>.debug_info</name>
         <load_address>0xf02b</load_address>
         <run_address>0xf02b</run_address>
         <size>0xff</size>
         <input_file_ref idref="fl-b"/>
      </object_component>
      <object_component id="oc-1d3">
         <name>.debug_info</name>
         <load_address>0xf12a</load_address>
         <run_address>0xf12a</run_address>
         <size>0xff</size>
         <input_file_ref idref="fl-b"/>
      </object_component>
      <object_component id="oc-1cd">
         <name>.debug_info</name>
         <load_address>0xf229</load_address>
         <run_address>0xf229</run_address>
         <size>0x137</size>
         <input_file_ref idref="fl-b"/>
      </object_component>
      <object_component id="oc-1ca">
         <name>.debug_info</name>
         <load_address>0xf360</load_address>
         <run_address>0xf360</run_address>
         <size>0x123</size>
         <input_file_ref idref="fl-b"/>
      </object_component>
      <object_component id="oc-f4">
         <name>.debug_info</name>
         <load_address>0xf483</load_address>
         <run_address>0xf483</run_address>
         <size>0x1db4</size>
         <input_file_ref idref="fl-b"/>
      </object_component>
      <object_component id="oc-1d7">
         <name>.debug_info</name>
         <load_address>0x11237</load_address>
         <run_address>0x11237</run_address>
         <size>0x1ce</size>
         <input_file_ref idref="fl-b"/>
      </object_component>
      <object_component id="oc-87">
         <name>.debug_info</name>
         <load_address>0x11405</load_address>
         <run_address>0x11405</run_address>
         <size>0x404</size>
         <input_file_ref idref="fl-c"/>
      </object_component>
      <object_component id="oc-7a">
         <name>.debug_info</name>
         <load_address>0x11809</load_address>
         <run_address>0x11809</run_address>
         <size>0x12c</size>
         <input_file_ref idref="fl-c"/>
      </object_component>
      <object_component id="oc-84">
         <name>.debug_info</name>
         <load_address>0x11935</load_address>
         <run_address>0x11935</run_address>
         <size>0x113</size>
         <input_file_ref idref="fl-c"/>
      </object_component>
      <object_component id="oc-30">
         <name>.debug_info</name>
         <load_address>0x11a48</load_address>
         <run_address>0x11a48</run_address>
         <size>0x733</size>
         <input_file_ref idref="fl-c"/>
      </object_component>
      <object_component id="oc-2b">
         <name>.debug_info</name>
         <load_address>0x1217b</load_address>
         <run_address>0x1217b</run_address>
         <size>0x264</size>
         <input_file_ref idref="fl-d"/>
      </object_component>
      <object_component id="oc-1be">
         <name>.debug_info</name>
         <load_address>0x123df</load_address>
         <run_address>0x123df</run_address>
         <size>0x413</size>
         <input_file_ref idref="fl-f"/>
      </object_component>
      <object_component id="oc-1bb">
         <name>.debug_info</name>
         <load_address>0x127f2</load_address>
         <run_address>0x127f2</run_address>
         <size>0xfa</size>
         <input_file_ref idref="fl-f"/>
      </object_component>
      <object_component id="oc-1b8">
         <name>.debug_info</name>
         <load_address>0x128ec</load_address>
         <run_address>0x128ec</run_address>
         <size>0xfa</size>
         <input_file_ref idref="fl-f"/>
      </object_component>
      <object_component id="oc-1b5">
         <name>.debug_info</name>
         <load_address>0x129e6</load_address>
         <run_address>0x129e6</run_address>
         <size>0x1ae</size>
         <input_file_ref idref="fl-f"/>
      </object_component>
      <object_component id="oc-dc">
         <name>.debug_info</name>
         <load_address>0x12b94</load_address>
         <run_address>0x12b94</run_address>
         <size>0x80f</size>
         <input_file_ref idref="fl-f"/>
      </object_component>
      <object_component id="oc-269">
         <name>.debug_info</name>
         <load_address>0x133a3</load_address>
         <run_address>0x133a3</run_address>
         <size>0x62</size>
         <input_file_ref idref="fl-f"/>
      </object_component>
      <object_component id="oc-44">
         <name>.debug_info</name>
         <load_address>0x13405</load_address>
         <run_address>0x13405</run_address>
         <size>0x111</size>
         <input_file_ref idref="fl-cb"/>
      </object_component>
      <object_component id="oc-15a">
         <name>.debug_info</name>
         <load_address>0x13516</load_address>
         <run_address>0x13516</run_address>
         <size>0x12c</size>
         <input_file_ref idref="fl-cc"/>
      </object_component>
      <object_component id="oc-b4">
         <name>.debug_info</name>
         <load_address>0x13642</load_address>
         <run_address>0x13642</run_address>
         <size>0x13f</size>
         <input_file_ref idref="fl-cd"/>
      </object_component>
      <object_component id="oc-b2">
         <name>.debug_info</name>
         <load_address>0x13781</load_address>
         <run_address>0x13781</run_address>
         <size>0x313</size>
         <input_file_ref idref="fl-ce"/>
      </object_component>
      <object_component id="oc-56">
         <name>.debug_info</name>
         <load_address>0x13a94</load_address>
         <run_address>0x13a94</run_address>
         <size>0x1aa</size>
         <input_file_ref idref="fl-ce"/>
      </object_component>
      <object_component id="oc-ad">
         <name>.debug_info</name>
         <load_address>0x13c3e</load_address>
         <run_address>0x13c3e</run_address>
         <size>0x46</size>
         <input_file_ref idref="fl-ce"/>
      </object_component>
      <object_component id="oc-4e">
         <name>.debug_info</name>
         <load_address>0x13c84</load_address>
         <run_address>0x13c84</run_address>
         <size>0x29d</size>
         <input_file_ref idref="fl-cf"/>
      </object_component>
      <object_component id="oc-19">
         <name>.debug_info</name>
         <load_address>0x13f21</load_address>
         <run_address>0x13f21</run_address>
         <size>0x1df</size>
         <input_file_ref idref="fl-cf"/>
      </object_component>
      <object_component id="oc-49">
         <name>.debug_info</name>
         <load_address>0x14100</load_address>
         <run_address>0x14100</run_address>
         <size>0x46</size>
         <input_file_ref idref="fl-cf"/>
      </object_component>
      <object_component id="oc-a5">
         <name>.debug_info</name>
         <load_address>0x14146</load_address>
         <run_address>0x14146</run_address>
         <size>0x2c</size>
         <input_file_ref idref="fl-cf"/>
      </object_component>
      <object_component id="oc-a3">
         <name>.debug_info</name>
         <load_address>0x14172</load_address>
         <run_address>0x14172</run_address>
         <size>0x293</size>
         <input_file_ref idref="fl-d0"/>
      </object_component>
      <object_component id="oc-13">
         <name>.debug_info</name>
         <load_address>0x14405</load_address>
         <run_address>0x14405</run_address>
         <size>0x245</size>
         <input_file_ref idref="fl-d0"/>
      </object_component>
      <object_component id="oc-39">
         <name>.debug_info</name>
         <load_address>0x1464a</load_address>
         <run_address>0x1464a</run_address>
         <size>0x60</size>
         <input_file_ref idref="fl-d0"/>
      </object_component>
      <object_component id="oc-122">
         <name>.debug_info</name>
         <load_address>0x146aa</load_address>
         <run_address>0x146aa</run_address>
         <size>0x46</size>
         <input_file_ref idref="fl-d0"/>
      </object_component>
      <object_component id="oc-9e">
         <name>.debug_info</name>
         <load_address>0x146f0</load_address>
         <run_address>0x146f0</run_address>
         <size>0x39</size>
         <input_file_ref idref="fl-d0"/>
      </object_component>
      <object_component id="oc-22">
         <name>.debug_info</name>
         <load_address>0x14729</load_address>
         <run_address>0x14729</run_address>
         <size>0x100</size>
         <input_file_ref idref="fl-d1"/>
      </object_component>
      <object_component id="oc-62">
         <name>.debug_info</name>
         <load_address>0x14829</load_address>
         <run_address>0x14829</run_address>
         <size>0x1a4</size>
         <input_file_ref idref="fl-d1"/>
      </object_component>
      <object_component id="oc-161">
         <name>.debug_info</name>
         <load_address>0x149cd</load_address>
         <run_address>0x149cd</run_address>
         <size>0x117</size>
         <input_file_ref idref="fl-d2"/>
      </object_component>
      <object_component id="oc-238">
         <name>.debug_info</name>
         <load_address>0x14ae4</load_address>
         <run_address>0x14ae4</run_address>
         <size>0x328</size>
         <input_file_ref idref="fl-d5"/>
      </object_component>
      <object_component id="oc-154">
         <name>.debug_info</name>
         <load_address>0x14e0c</load_address>
         <run_address>0x14e0c</run_address>
         <size>0x1c6</size>
         <input_file_ref idref="fl-d5"/>
      </object_component>
      <object_component id="oc-22c">
         <name>.debug_info</name>
         <load_address>0x14fd2</load_address>
         <run_address>0x14fd2</run_address>
         <size>0x182</size>
         <input_file_ref idref="fl-d5"/>
      </object_component>
      <object_component id="oc-232">
         <name>.debug_info</name>
         <load_address>0x15154</load_address>
         <run_address>0x15154</run_address>
         <size>0x162</size>
         <input_file_ref idref="fl-d5"/>
      </object_component>
      <object_component id="oc-38b">
         <name>.debug_info</name>
         <load_address>0x152b6</load_address>
         <run_address>0x152b6</run_address>
         <size>0x2c</size>
         <input_file_ref idref="fl-d5"/>
      </object_component>
      <object_component id="oc-222">
         <name>.debug_info</name>
         <load_address>0x152e2</load_address>
         <run_address>0x152e2</run_address>
         <size>0x284</size>
         <input_file_ref idref="fl-d6"/>
      </object_component>
      <object_component id="oc-145">
         <name>.debug_info</name>
         <load_address>0x15566</load_address>
         <run_address>0x15566</run_address>
         <size>0x22a</size>
         <input_file_ref idref="fl-d6"/>
      </object_component>
      <object_component id="oc-23f">
         <name>.debug_info</name>
         <load_address>0x15790</load_address>
         <run_address>0x15790</run_address>
         <size>0x10d</size>
         <input_file_ref idref="fl-d7"/>
      </object_component>
      <object_component id="oc-24f">
         <name>.debug_info</name>
         <load_address>0x1589d</load_address>
         <run_address>0x1589d</run_address>
         <size>0x547</size>
         <input_file_ref idref="fl-d8"/>
      </object_component>
      <object_component id="oc-16d">
         <name>.debug_info</name>
         <load_address>0x15de4</load_address>
         <run_address>0x15de4</run_address>
         <size>0x19b</size>
         <input_file_ref idref="fl-d8"/>
      </object_component>
      <object_component id="oc-301">
         <name>.debug_info</name>
         <load_address>0x15f7f</load_address>
         <run_address>0x15f7f</run_address>
         <size>0x39</size>
         <input_file_ref idref="fl-d8"/>
      </object_component>
      <object_component id="oc-39d">
         <name>.debug_info</name>
         <load_address>0x15fb8</load_address>
         <run_address>0x15fb8</run_address>
         <size>0x39</size>
         <input_file_ref idref="fl-d8"/>
      </object_component>
      <object_component id="oc-306">
         <name>.debug_info</name>
         <load_address>0x15ff1</load_address>
         <run_address>0x15ff1</run_address>
         <size>0x39</size>
         <input_file_ref idref="fl-d8"/>
      </object_component>
      <object_component id="oc-30b">
         <name>.debug_info</name>
         <load_address>0x1602a</load_address>
         <run_address>0x1602a</run_address>
         <size>0xcd</size>
         <input_file_ref idref="fl-d8"/>
      </object_component>
      <object_component id="oc-ba">
         <name>.debug_info</name>
         <load_address>0x160f7</load_address>
         <run_address>0x160f7</run_address>
         <size>0x148</size>
         <input_file_ref idref="fl-d9"/>
      </object_component>
      <object_component id="oc-2e1">
         <name>.debug_info</name>
         <load_address>0x1623f</load_address>
         <run_address>0x1623f</run_address>
         <size>0x8a6</size>
         <input_file_ref idref="fl-db"/>
      </object_component>
      <object_component id="oc-2ac">
         <name>.debug_info</name>
         <load_address>0x16ae5</load_address>
         <run_address>0x16ae5</run_address>
         <size>0x213</size>
         <input_file_ref idref="fl-db"/>
      </object_component>
      <object_component id="oc-34e">
         <name>.debug_info</name>
         <load_address>0x16cf8</load_address>
         <run_address>0x16cf8</run_address>
         <size>0x1a8</size>
         <input_file_ref idref="fl-db"/>
      </object_component>
      <object_component id="oc-354">
         <name>.debug_info</name>
         <load_address>0x16ea0</load_address>
         <run_address>0x16ea0</run_address>
         <size>0x210</size>
         <input_file_ref idref="fl-db"/>
      </object_component>
      <object_component id="oc-2b7">
         <name>.debug_info</name>
         <load_address>0x170b0</load_address>
         <run_address>0x170b0</run_address>
         <size>0x3b0</size>
         <input_file_ref idref="fl-db"/>
      </object_component>
      <object_component id="oc-35b">
         <name>.debug_info</name>
         <load_address>0x17460</load_address>
         <run_address>0x17460</run_address>
         <size>0x2fa</size>
         <input_file_ref idref="fl-db"/>
      </object_component>
      <object_component id="oc-361">
         <name>.debug_info</name>
         <load_address>0x1775a</load_address>
         <run_address>0x1775a</run_address>
         <size>0x20a</size>
         <input_file_ref idref="fl-db"/>
      </object_component>
      <object_component id="oc-2bd">
         <name>.debug_info</name>
         <load_address>0x17964</load_address>
         <run_address>0x17964</run_address>
         <size>0x20a</size>
         <input_file_ref idref="fl-db"/>
      </object_component>
      <object_component id="oc-2c3">
         <name>.debug_info</name>
         <load_address>0x17b6e</load_address>
         <run_address>0x17b6e</run_address>
         <size>0x2f9</size>
         <input_file_ref idref="fl-db"/>
      </object_component>
      <object_component id="oc-2c9">
         <name>.debug_info</name>
         <load_address>0x17e67</load_address>
         <run_address>0x17e67</run_address>
         <size>0x4a5</size>
         <input_file_ref idref="fl-db"/>
      </object_component>
      <object_component id="oc-226">
         <name>.debug_info</name>
         <load_address>0x1830c</load_address>
         <run_address>0x1830c</run_address>
         <size>0x5cd</size>
         <input_file_ref idref="fl-db"/>
      </object_component>
      <object_component id="oc-2e2">
         <name>.debug_info</name>
         <load_address>0x188d9</load_address>
         <run_address>0x188d9</run_address>
         <size>0x86</size>
         <input_file_ref idref="fl-db"/>
      </object_component>
      <object_component id="oc-390">
         <name>.debug_info</name>
         <load_address>0x1895f</load_address>
         <run_address>0x1895f</run_address>
         <size>0x39</size>
         <input_file_ref idref="fl-db"/>
      </object_component>
      <object_component id="oc-3d8">
         <name>.debug_info</name>
         <load_address>0x18998</load_address>
         <run_address>0x18998</run_address>
         <size>0xb6</size>
         <input_file_ref idref="fl-db"/>
      </object_component>
      <object_component id="oc-395">
         <name>.debug_info</name>
         <load_address>0x18a4e</load_address>
         <run_address>0x18a4e</run_address>
         <size>0x46</size>
         <input_file_ref idref="fl-db"/>
      </object_component>
      <object_component id="oc-2e7">
         <name>.debug_info</name>
         <load_address>0x18a94</load_address>
         <run_address>0x18a94</run_address>
         <size>0x46</size>
         <input_file_ref idref="fl-db"/>
      </object_component>
      <object_component id="oc-326">
         <name>.debug_info</name>
         <load_address>0x18ada</load_address>
         <run_address>0x18ada</run_address>
         <size>0x2ae</size>
         <input_file_ref idref="fl-dc"/>
      </object_component>
      <object_component id="oc-2a6">
         <name>.debug_info</name>
         <load_address>0x18d88</load_address>
         <run_address>0x18d88</run_address>
         <size>0x171</size>
         <input_file_ref idref="fl-dc"/>
      </object_component>
      <object_component id="oc-3ab">
         <name>.debug_info</name>
         <load_address>0x18ef9</load_address>
         <run_address>0x18ef9</run_address>
         <size>0xee</size>
         <input_file_ref idref="fl-dd"/>
      </object_component>
      <object_component id="oc-323">
         <name>.debug_info</name>
         <load_address>0x18fe7</load_address>
         <run_address>0x18fe7</run_address>
         <size>0xfa</size>
         <input_file_ref idref="fl-dd"/>
      </object_component>
      <object_component id="oc-3b3">
         <name>.debug_info</name>
         <load_address>0x190e1</load_address>
         <run_address>0x190e1</run_address>
         <size>0x290</size>
         <input_file_ref idref="fl-de"/>
      </object_component>
      <object_component id="oc-33e">
         <name>.debug_info</name>
         <load_address>0x19371</load_address>
         <run_address>0x19371</run_address>
         <size>0x1c2</size>
         <input_file_ref idref="fl-de"/>
      </object_component>
      <object_component id="oc-37c">
         <name>.debug_info</name>
         <load_address>0x19533</load_address>
         <run_address>0x19533</run_address>
         <size>0x28b</size>
         <input_file_ref idref="fl-df"/>
      </object_component>
      <object_component id="oc-2cf">
         <name>.debug_info</name>
         <load_address>0x197be</load_address>
         <run_address>0x197be</run_address>
         <size>0x1ab</size>
         <input_file_ref idref="fl-df"/>
      </object_component>
      <object_component id="oc-3ca">
         <name>.debug_info</name>
         <load_address>0x19969</load_address>
         <run_address>0x19969</run_address>
         <size>0x28f</size>
         <input_file_ref idref="fl-e0"/>
      </object_component>
      <object_component id="oc-375">
         <name>.debug_info</name>
         <load_address>0x19bf8</load_address>
         <run_address>0x19bf8</run_address>
         <size>0x247</size>
         <input_file_ref idref="fl-e0"/>
      </object_component>
      <object_component id="oc-3bb">
         <name>.debug_info</name>
         <load_address>0x19e3f</load_address>
         <run_address>0x19e3f</run_address>
         <size>0x28f</size>
         <input_file_ref idref="fl-e1"/>
      </object_component>
      <object_component id="oc-369">
         <name>.debug_info</name>
         <load_address>0x1a0ce</load_address>
         <run_address>0x1a0ce</run_address>
         <size>0x18a</size>
         <input_file_ref idref="fl-e1"/>
      </object_component>
      <object_component id="oc-3e3">
         <name>.debug_info</name>
         <load_address>0x1a258</load_address>
         <run_address>0x1a258</run_address>
         <size>0x39</size>
         <input_file_ref idref="fl-e1"/>
      </object_component>
      <object_component id="oc-3bc">
         <name>.debug_info</name>
         <load_address>0x1a291</load_address>
         <run_address>0x1a291</run_address>
         <size>0x2c</size>
         <input_file_ref idref="fl-e1"/>
      </object_component>
      <object_component id="oc-3c8">
         <name>.debug_info</name>
         <load_address>0x1a2bd</load_address>
         <run_address>0x1a2bd</run_address>
         <size>0x2f2</size>
         <input_file_ref idref="fl-e2"/>
      </object_component>
      <object_component id="oc-371">
         <name>.debug_info</name>
         <load_address>0x1a5af</load_address>
         <run_address>0x1a5af</run_address>
         <size>0x21a</size>
         <input_file_ref idref="fl-e2"/>
      </object_component>
      <object_component id="oc-3c3">
         <name>.debug_info</name>
         <load_address>0x1a7c9</load_address>
         <run_address>0x1a7c9</run_address>
         <size>0x156</size>
         <input_file_ref idref="fl-e3"/>
      </object_component>
      <object_component id="oc-383">
         <name>.debug_info</name>
         <load_address>0x1a91f</load_address>
         <run_address>0x1a91f</run_address>
         <size>0x284</size>
         <input_file_ref idref="fl-e4"/>
      </object_component>
      <object_component id="oc-2d6">
         <name>.debug_info</name>
         <load_address>0x1aba3</load_address>
         <run_address>0x1aba3</run_address>
         <size>0x14f</size>
         <input_file_ref idref="fl-e4"/>
      </object_component>
      <object_component id="oc-3cd">
         <name>.debug_info</name>
         <load_address>0x1acf2</load_address>
         <run_address>0x1acf2</run_address>
         <size>0x46</size>
         <input_file_ref idref="fl-e4"/>
      </object_component>
      <object_component id="oc-37e">
         <name>.debug_info</name>
         <load_address>0x1ad38</load_address>
         <run_address>0x1ad38</run_address>
         <size>0x39</size>
         <input_file_ref idref="fl-e4"/>
      </object_component>
      <object_component id="oc-349">
         <name>.debug_info</name>
         <load_address>0x1ad71</load_address>
         <run_address>0x1ad71</run_address>
         <size>0x144</size>
         <input_file_ref idref="fl-e5"/>
      </object_component>
      <object_component id="oc-2b3">
         <name>.debug_info</name>
         <load_address>0x1aeb5</load_address>
         <run_address>0x1aeb5</run_address>
         <size>0x120</size>
         <input_file_ref idref="fl-e6"/>
      </object_component>
      <object_component id="oc-335">
         <name>.debug_info</name>
         <load_address>0x1afd5</load_address>
         <run_address>0x1afd5</run_address>
         <size>0x122</size>
         <input_file_ref idref="fl-e6"/>
      </object_component>
      <object_component id="oc-331">
         <name>.debug_info</name>
         <load_address>0x1b0f7</load_address>
         <run_address>0x1b0f7</run_address>
         <size>0x132</size>
         <input_file_ref idref="fl-e7"/>
      </object_component>
      <object_component id="oc-32a">
         <name>.debug_info</name>
         <load_address>0x1b229</load_address>
         <run_address>0x1b229</run_address>
         <size>0x132</size>
         <input_file_ref idref="fl-e8"/>
      </object_component>
      <object_component id="oc-33a">
         <name>.debug_info</name>
         <load_address>0x1b35b</load_address>
         <run_address>0x1b35b</run_address>
         <size>0x126</size>
         <input_file_ref idref="fl-e9"/>
      </object_component>
      <object_component id="oc-344">
         <name>.debug_info</name>
         <load_address>0x1b481</load_address>
         <run_address>0x1b481</run_address>
         <size>0x124</size>
         <input_file_ref idref="fl-ea"/>
      </object_component>
      <object_component id="oc-388">
         <name>.debug_info</name>
         <load_address>0x1b5a5</load_address>
         <run_address>0x1b5a5</run_address>
         <size>0x27e</size>
         <input_file_ref idref="fl-eb"/>
      </object_component>
      <object_component id="oc-385">
         <name>.debug_info</name>
         <load_address>0x1b823</load_address>
         <run_address>0x1b823</run_address>
         <size>0x103</size>
         <input_file_ref idref="fl-eb"/>
      </object_component>
      <object_component id="oc-2db">
         <name>.debug_info</name>
         <load_address>0x1b926</load_address>
         <run_address>0x1b926</run_address>
         <size>0x143</size>
         <input_file_ref idref="fl-eb"/>
      </object_component>
      <object_component id="oc-29f">
         <name>.debug_info</name>
         <load_address>0x1ba69</load_address>
         <run_address>0x1ba69</run_address>
         <size>0x240</size>
         <input_file_ref idref="fl-ec"/>
      </object_component>
      <object_component id="oc-215">
         <name>.debug_info</name>
         <load_address>0x1bca9</load_address>
         <run_address>0x1bca9</run_address>
         <size>0x2b3</size>
         <input_file_ref idref="fl-ec"/>
      </object_component>
      <object_component id="oc-21b">
         <name>.debug_info</name>
         <load_address>0x1bf5c</load_address>
         <run_address>0x1bf5c</run_address>
         <size>0x316</size>
         <input_file_ref idref="fl-ec"/>
      </object_component>
      <object_component id="oc-13f">
         <name>.debug_info</name>
         <load_address>0x1c272</load_address>
         <run_address>0x1c272</run_address>
         <size>0x27f</size>
         <input_file_ref idref="fl-ec"/>
      </object_component>
      <object_component id="oc-20a">
         <name>.debug_info</name>
         <load_address>0x1c4f1</load_address>
         <run_address>0x1c4f1</run_address>
         <size>0x18b</size>
         <input_file_ref idref="fl-ec"/>
      </object_component>
      <object_component id="oc-20f">
         <name>.debug_info</name>
         <load_address>0x1c67c</load_address>
         <run_address>0x1c67c</run_address>
         <size>0x298</size>
         <input_file_ref idref="fl-ee"/>
      </object_component>
      <object_component id="oc-201">
         <name>.debug_info</name>
         <load_address>0x1c914</load_address>
         <run_address>0x1c914</run_address>
         <size>0x14d</size>
         <input_file_ref idref="fl-ee"/>
      </object_component>
      <object_component id="oc-204">
         <name>.debug_info</name>
         <load_address>0x1ca61</load_address>
         <run_address>0x1ca61</run_address>
         <size>0x159</size>
         <input_file_ref idref="fl-ee"/>
      </object_component>
      <object_component id="oc-286">
         <name>.debug_info</name>
         <load_address>0x1cbba</load_address>
         <run_address>0x1cbba</run_address>
         <size>0x153</size>
         <input_file_ref idref="fl-ee"/>
      </object_component>
      <object_component id="oc-207">
         <name>.debug_info</name>
         <load_address>0x1cd0d</load_address>
         <run_address>0x1cd0d</run_address>
         <size>0x160</size>
         <input_file_ref idref="fl-ee"/>
      </object_component>
      <object_component id="oc-1f5">
         <name>.debug_info</name>
         <load_address>0x1ce6d</load_address>
         <run_address>0x1ce6d</run_address>
         <size>0x270</size>
         <input_file_ref idref="fl-ee"/>
      </object_component>
      <object_component id="oc-1fb">
         <name>.debug_info</name>
         <load_address>0x1d0dd</load_address>
         <run_address>0x1d0dd</run_address>
         <size>0x2ba</size>
         <input_file_ref idref="fl-ee"/>
      </object_component>
      <object_component id="oc-133">
         <name>.debug_info</name>
         <load_address>0x1d397</load_address>
         <run_address>0x1d397</run_address>
         <size>0x49a</size>
         <input_file_ref idref="fl-ee"/>
      </object_component>
      <object_component id="oc-292">
         <name>.debug_info</name>
         <load_address>0x1d831</load_address>
         <run_address>0x1d831</run_address>
         <size>0x5f</size>
         <input_file_ref idref="fl-ee"/>
      </object_component>
      <object_component id="oc-224">
         <name>.debug_info</name>
         <load_address>0x1d890</load_address>
         <run_address>0x1d890</run_address>
         <size>0x227</size>
         <input_file_ref idref="fl-ef"/>
      </object_component>
      <object_component id="oc-14b">
         <name>.debug_info</name>
         <load_address>0x1dab7</load_address>
         <run_address>0x1dab7</run_address>
         <size>0x273</size>
         <input_file_ref idref="fl-ef"/>
      </object_component>
      <object_component id="oc-419">
         <name>.debug_info</name>
         <load_address>0x1dd2a</load_address>
         <run_address>0x1dd2a</run_address>
         <size>0xae</size>
      </object_component>
      <object_component id="oc-1e4">
         <name>.debug_line</name>
         <load_address>0x0</load_address>
         <run_address>0x0</run_address>
         <size>0x291</size>
         <input_file_ref idref="fl-2"/>
      </object_component>
      <object_component id="oc-c3">
         <name>.debug_line</name>
         <load_address>0x291</load_address>
         <run_address>0x291</run_address>
         <size>0x19f</size>
         <input_file_ref idref="fl-2"/>
      </object_component>
      <object_component id="oc-d7">
         <name>.debug_line</name>
         <load_address>0x430</load_address>
         <run_address>0x430</run_address>
         <size>0x7a</size>
         <input_file_ref idref="fl-2"/>
      </object_component>
      <object_component id="oc-97">
         <name>.debug_line</name>
         <load_address>0x4aa</load_address>
         <run_address>0x4aa</run_address>
         <size>0x7e</size>
         <input_file_ref idref="fl-2"/>
      </object_component>
      <object_component id="oc-1e8">
         <name>.debug_line</name>
         <load_address>0x528</load_address>
         <run_address>0x528</run_address>
         <size>0x7e</size>
         <input_file_ref idref="fl-2"/>
      </object_component>
      <object_component id="oc-11b">
         <name>.debug_line</name>
         <load_address>0x5a6</load_address>
         <run_address>0x5a6</run_address>
         <size>0x20</size>
         <input_file_ref idref="fl-2"/>
      </object_component>
      <object_component id="oc-1f2">
         <name>.debug_line</name>
         <load_address>0x5c6</load_address>
         <run_address>0x5c6</run_address>
         <size>0x7b</size>
         <input_file_ref idref="fl-2"/>
      </object_component>
      <object_component id="oc-1ed">
         <name>.debug_line</name>
         <load_address>0x641</load_address>
         <run_address>0x641</run_address>
         <size>0x7c</size>
         <input_file_ref idref="fl-2"/>
      </object_component>
      <object_component id="oc-1a3">
         <name>.debug_line</name>
         <load_address>0x6bd</load_address>
         <run_address>0x6bd</run_address>
         <size>0x7c</size>
         <input_file_ref idref="fl-2"/>
      </object_component>
      <object_component id="oc-8b">
[...]
         <value>0xf83</value>
         <object_component_ref idref="oc-7c"/>
      </symbol>
      <symbol id="sm-3f1">
         <name>xTaskNotifyStateClear</name>
         <value>0x19cb</value>
         <object_component_ref idref="oc-7c"/>
      </symbol>
      <symbol id="sm-3f2">
         <name>pvTaskIncrementMutexHeldCount</name>
         <value>0x15e3</value>
         <object_component_ref idref="oc-7c"/>
      </symbol>
      <symbol id="sm-3f3">
         <name>xTaskGenericNotify</name>
         <value>0x1723</value>
         <object_component_ref idref="oc-7c"/>
      </symbol>
      <symbol id="sm-3f4">
         <name>vTaskPriorityDisinheritAfterTimeout</name>
         <value>0x14e9</value>
         <object_component_ref idref="oc-7c"/>
      </symbol>
      <symbol id="sm-3f5">
         <name>xTaskCreate</name>
         <value>0x209</value>
         <object_component_ref idref="oc-7c"/>
      </symbol>
      <symbol id="sm-3f6">
         <name>vTaskDelayUntil</name>
         <value>0x4b1</value>
         <object_component_ref idref="oc-7c"/>
      </symbol>
      <symbol id="sm-3f7">
         <name>uxTaskGetTaskNumber</name>
         <value>0x1035</value>
         <object_component_ref idref="oc-7c"/>
      </symbol>
      <symbol id="sm-3f8">
         <name>vTaskEndScheduler</name>
         <value>0xa19</value>
         <object_component_ref idref="oc-7c"/>
      </symbol>
      <symbol id="sm-3f9">
         <name>xTaskNotifyWait</name>
         <value>0x1681</value>
         <object_component_ref idref="oc-7c"/>
      </symbol>
      <symbol id="sm-3fa">
         <name>vTaskMissedYield</name>
         <value>0x1023</value>
         <object_component_ref idref="oc-7c"/>
      </symbol>
      <symbol id="sm-3fb">
         <name>uxTaskGetNumberOfTasks</name>
         <value>0xb51</value>
         <object_component_ref idref="oc-7c"/>
      </symbol>
      <symbol id="sm-3fc">
         <name>xTaskGenericNotifyFromISR</name>
         <value>0x180d</value>
         <object_component_ref idref="oc-7c"/>
      </symbol>
      <symbol id="sm-3fd">
         <name>vTaskGetInfo</name>
         <value>0x112d</value>
         <object_component_ref idref="oc-7c"/>
      </symbol>
      <symbol id="sm-3fe">
         <name>uxTaskPriorityGet</name>
         <value>0x611</value>
         <object_component_ref idref="oc-7c"/>
      </symbol>
      <symbol id="sm-3ff">
         <name>xTaskResumeAll</name>
         <value>0xa49</value>
         <object_component_ref idref="oc-7c"/>
      </symbol>
      <symbol id="sm-400">
         <name>xTaskGetTickCount</name>
         <value>0xb2d</value>
         <object_component_ref idref="oc-7c"/>
      </symbol>
      <symbol id="sm-401">
         <name>uxTaskGetSystemState</name>
         <value>0xb7d</value>
         <object_component_ref idref="oc-7c"/>
      </symbol>
      <symbol id="sm-402">
         <name>vTaskDelete</name>
         <value>0x403</value>
         <object_component_ref idref="oc-7c"/>
      </symbol>
      <symbol id="sm-403">
         <name>pxCurrentTCB</name>
         <value>0x2000c6a0</value>
         <object_component_ref idref="oc-76"/>
      </symbol>
      <symbol id="sm-404">
         <name>vTaskNotifyGiveFromISR</name>
         <value>0x191d</value>
         <object_component_ref idref="oc-7c"/>
      </symbol>
      <symbol id="sm-405">
         <name>eTaskGetState</name>
         <value>0x57d</value>
         <object_component_ref idref="oc-7c"/>
      </symbol>
      <symbol id="sm-406">
         <name>vTaskSuspend</name>
         <value>0x7a5</value>
         <object_component_ref idref="oc-7c"/>
      </symbol>
      <symbol id="sm-407">
         <name>xTaskGetTickCountFromISR</name>
         <value>0xb3d</value>
         <object_component_ref idref="oc-7c"/>
      </symbol>
      <symbol id="sm-408">
         <name>vTaskResume</name>
         <value>0x8b5</value>
         <object_component_ref idref="oc-7c"/>
      </symbol>
      <symbol id="sm-409">
         <name>vTaskPlaceOnEventListRestricted</name>
         <value>0xe43</value>
         <object_component_ref idref="oc-7c"/>
      </symbol>
      <symbol id="sm-40a">
         <name>vTaskSetTimeOutState</name>
         <value>0xf65</value>
         <object_component_ref idref="oc-7c"/>
      </symbol>
      <symbol id="sm-40b">
         <name>xTaskIncrementTick</name>
         <value>0xc71</value>
         <object_component_ref idref="oc-7c"/>
      </symbol>
      <symbol id="sm-40c">
         <name>vTaskSwitchContext</name>
         <value>0xd95</value>
         <object_component_ref idref="oc-7c"/>
      </symbol>
      <symbol id="sm-40d">
         <name>uxTaskResetEventItemValue</name>
         <value>0x15c1</value>
         <object_component_ref idref="oc-7c"/>
      </symbol>
      <symbol id="sm-40e">
         <name>xTaskGetSchedulerState</name>
         <value>0x1319</value>
         <object_component_ref idref="oc-7c"/>
      </symbol>
      <symbol id="sm-40f">
         <name>xTaskResumeFromISR</name>
         <value>0x92f</value>
         <object_component_ref idref="oc-7c"/>
      </symbol>
      <symbol id="sm-410">
         <name>xTaskGetCurrentTaskHandle</name>
         <value>0x12ff</value>
         <object_component_ref idref="oc-7c"/>
      </symbol>
      <symbol id="sm-411">
         <name>vTaskPlaceOnUnorderedEventList</name>
         <value>0xe19</value>
         <object_component_ref idref="oc-7c"/>
      </symbol>
      <symbol id="sm-412">
         <name>xTaskRemoveFromEventList</name>
         <value>0xe7d</value>
         <object_component_ref idref="oc-7c"/>
      </symbol>
      <symbol id="sm-413">
         <name>xTaskPriorityInherit</name>
         <value>0x1365</value>
         <object_component_ref idref="oc-7c"/>
      </symbol>
      <symbol id="sm-4a1">
         <name>vTimerSetTimerNumber</name>
         <value>0x3da7</value>
         <object_component_ref idref="oc-f3"/>
      </symbol>
      <symbol id="sm-4a2">
         <name>xTimerGetTimerDaemonTaskHandle</name>
         <value>0x394d</value>
         <object_component_ref idref="oc-f3"/>
      </symbol>
      <symbol id="sm-4a3">
         <name>pcTimerGetName</name>
         <value>0x397b</value>
         <object_component_ref idref="oc-f3"/>
      </symbol>
      <symbol id="sm-4a4">
         <name>xTimerCreateTimerTask</name>
         <value>0x3841</value>
         <object_component_ref idref="oc-f3"/>
      </symbol>
      <symbol id="sm-4a5">
         <name>xTimerGetExpiryTime</name>
         <value>0x3965</value>
         <object_component_ref idref="oc-f3"/>
      </symbol>
      <symbol id="sm-4a6">
         <name>uxTimerGetTimerNumber</name>
         <value>0x3d99</value>
         <object_component_ref idref="oc-f3"/>
      </symbol>
      <symbol id="sm-4a7">
         <name>xTimerIsTimerActive</name>
         <value>0x3d39</value>
         <object_component_ref idref="oc-f3"/>
      </symbol>
      <symbol id="sm-4a8">
         <name>xTimerGetPeriod</name>
         <value>0x3953</value>
         <object_component_ref idref="oc-f3"/>
      </symbol>
      <symbol id="sm-4a9">
         <name>xTimerCreate</name>
         <value>0x386d</value>
         <object_component_ref idref="oc-f3"/>
      </symbol>
      <symbol id="sm-4aa">
         <name>xTimerGenericCommand</name>
         <value>0x38e1</value>
         <object_component_ref idref="oc-f3"/>
      </symbol>
      <symbol id="sm-4ab">
         <name>pvTimerGetTimerID</name>
         <value>0x3d65</value>
         <object_component_ref idref="oc-f3"/>
      </symbol>
      <symbol id="sm-4ac">
         <name>vTimerSetTimerID</name>
         <value>0x3d7f</value>
         <object_component_ref idref="oc-f3"/>
      </symbol>
      <symbol id="sm-4dc">
         <name>ulMaxSyscallInterruptPriority</name>
         <value>0x5ecc</value>
         <object_component_ref idref="oc-79"/>
      </symbol>
      <symbol id="sm-4dd">
         <name>vPortSetupTimerInterrupt</name>
         <value>0x4ac3</value>
         <object_component_ref idref="oc-2f"/>
      </symbol>
      <symbol id="sm-4de">
         <name>vPortEndScheduler</name>
         <value>0x4a65</value>
         <object_component_ref idref="oc-2f"/>
      </symbol>
      <symbol id="sm-4df">
         <name>xPortSysTickHandler</name>
         <value>0x4a9d</value>
         <object_component_ref idref="oc-2f"/>
      </symbol>
      <symbol id="sm-4e0">
         <name>pxPortInitialiseStack</name>
         <value>0x49c5</value>
         <object_component_ref idref="oc-2f"/>
      </symbol>
      <symbol id="sm-4e1">
         <name>vPortExitCritical</name>
         <value>0x4a87</value>
         <object_component_ref idref="oc-2f"/>
      </symbol>
      <symbol id="sm-4e2">
         <name>xPortStartScheduler</name>
         <value>0x4a2f</value>
         <object_component_ref idref="oc-2f"/>
      </symbol>
      <symbol id="sm-4e3">
         <name>vPortEnterCritical</name>
         <value>0x4a67</value>
         <object_component_ref idref="oc-2f"/>
      </symbol>
      <symbol id="sm-4f2">
         <name>vPortStartFirstTask</name>
         <value>0x5269</value>
         <object_component_ref idref="oc-2a"/>
      </symbol>
      <symbol id="sm-4f3">
         <name>ulPortGetIPSR</name>
         <value>0x51d1</value>
         <object_component_ref idref="oc-2a"/>
      </symbol>
      <symbol id="sm-4f4">
         <name>vPortEnableVFP</name>
         <value>0x528d</value>
         <object_component_ref idref="oc-2a"/>
      </symbol>
      <symbol id="sm-4f5">
         <name>xPortPendSVHandler</name>
         <value>0x51e9</value>
         <object_component_ref idref="oc-2a"/>
      </symbol>
      <symbol id="sm-4f6">
         <name>vPortSVCHandler</name>
         <value>0x5249</value>
         <object_component_ref idref="oc-2a"/>
      </symbol>
      <symbol id="sm-546">
         <name>vPortInitialiseBlocks</name>
         <value>0x3f35</value>
         <object_component_ref idref="oc-db"/>
      </symbol>
      <symbol id="sm-547">
         <name>xPortGetFreeHeapSize</name>
         <value>0x3f29</value>
         <object_component_ref idref="oc-db"/>
      </symbol>
      <symbol id="sm-548">
         <name>pvPortMalloc</name>
         <value>0x3dd5</value>
         <object_component_ref idref="oc-db"/>
      </symbol>
      <symbol id="sm-549">
         <name>vPortFree</name>
         <value>0x3ed7</value>
         <object_component_ref idref="oc-db"/>
      </symbol>
      <symbol id="sm-54a">
         <name>xPortGetMinimumEverFreeHeapSize</name>
         <value>0x3f2f</value>
         <object_component_ref idref="oc-db"/>
      </symbol>
      <symbol id="sm-566">
         <name>memcpy</name>
         <value>0x534f</value>
         <object_component_ref idref="oc-43"/>
      </symbol>
      <symbol id="sm-567">
         <name>__aeabi_memcpy</name>
         <value>0x534f</value>
         <object_component_ref idref="oc-43"/>
      </symbol>
      <symbol id="sm-568">
         <name>__aeabi_memcpy8</name>
         <value>0x534f</value>
         <object_component_ref idref="oc-43"/>
      </symbol>
      <symbol id="sm-569">
         <name>__aeabi_memcpy4</name>
         <value>0x534f</value>
         <object_component_ref idref="oc-43"/>
      </symbol>
      <symbol id="sm-576">
         <name>__aeabi_uldivmod</name>
         <value>0x53eb</value>
         <object_component_ref idref="oc-159"/>
      </symbol>
      <symbol id="sm-585">
         <name>__aeabi_memset</name>
         <value>0x558f</value>
         <object_component_ref idref="oc-b3"/>
      </symbol>
      <symbol id="sm-586">
         <name>memset</name>
         <value>0x5595</value>
         <object_component_ref idref="oc-b3"/>
      </symbol>
      <symbol id="sm-587">
         <name>__aeabi_memset8</name>
         <value>0x558f</value>
         <object_component_ref idref="oc-b3"/>
      </symbol>
      <symbol id="sm-588">
         <name>__aeabi_memset4</name>
         <value>0x558f</value>
         <object_component_ref idref="oc-b3"/>
      </symbol>
      <symbol id="sm-589">
         <name>__aeabi_memclr8</name>
         <value>0x558d</value>
         <object_component_ref idref="oc-b3"/>
      </symbol>
      <symbol id="sm-58a">
         <name>__aeabi_memclr4</name>
         <value>0x558d</value>
         <object_component_ref idref="oc-b3"/>
      </symbol>
      <symbol id="sm-58b">
         <name>__aeabi_memclr</name>
         <value>0x558d</value>
         <object_component_ref idref="oc-b3"/>
      </symbol>
      <symbol id="sm-59d">
         <name>__TI_zero_init</name>
         <value>0x5b31</value>
         <object_component_ref idref="oc-55"/>
      </symbol>
      <symbol id="sm-5b4">
         <name>__TI_decompress_none</name>
         <value>0x5b23</value>
         <object_component_ref idref="oc-18"/>
      </symbol>
      <symbol id="sm-5d7">
         <name>__TI_decompress_lzss</name>
         <value>0x5675</value>
         <object_component_ref idref="oc-12"/>
      </symbol>
      <symbol id="sm-5ea">
         <name>__stack</name>
         <value>0x2000c4a0</value>
         <object_component_ref idref="oc-21"/>
      </symbol>
      <symbol id="sm-5eb">
         <name>_c_int00_noargs</name>
         <value>0x59dd</value>
         <object_component_ref idref="oc-61"/>
      </symbol>
      <symbol id="sm-5f6">
         <name>C$$EXIT</name>
         <value>0x5b6f</value>
         <object_component_ref idref="oc-160"/>
      </symbol>
      <symbol id="sm-5f7">
         <name>abort</name>
         <value>0x5b6f</value>
         <object_component_ref idref="oc-160"/>
      </symbol>
      <symbol id="sm-620">
         <name>sprintf</name>
         <value>0x595d</value>
         <object_component_ref idref="oc-153"/>
      </symbol>
      <symbol id="sm-62e">
         <name>strlen</name>
         <value>0x5aeb</value>
         <object_component_ref idref="oc-144"/>
      </symbol>
      <symbol id="sm-638">
         <name>__aeabi_idiv0</name>
         <value>0x3227</value>
         <object_component_ref idref="oc-23e"/>
      </symbol>
      <symbol id="sm-639">
         <name>__aeabi_ldiv0</name>
         <value>0x3227</value>
         <object_component_ref idref="oc-23e"/>
      </symbol>
      <symbol id="sm-661">
         <name>__TI_auto_init_nobinit_nopinit</name>
         <value>0x5919</value>
         <object_component_ref idref="oc-16c"/>
      </symbol>
      <symbol id="sm-66b">
         <name>_system_pre_init</name>
         <value>0x5b6b</value>
         <object_component_ref idref="oc-b9"/>
      </symbol>
      <symbol id="sm-7d1">
         <name>__TI_printfi</name>
         <value>0x27c9</value>
         <object_component_ref idref="oc-225"/>
      </symbol>
      <symbol id="sm-7e7">
         <name>atoi</name>
         <value>0x583d</value>
         <object_component_ref idref="oc-2a5"/>
      </symbol>
      <symbol id="sm-7f2">
         <name>_ctypes_</name>
         <value>0x5d24</value>
         <object_component_ref idref="oc-322"/>
      </symbol>
      <symbol id="sm-801">
         <name>ltoa</name>
         <value>0x5797</value>
         <object_component_ref idref="oc-33d"/>
      </symbol>
      <symbol id="sm-811">
         <name>memccpy</name>
         <value>0x5a8d</value>
         <object_component_ref idref="oc-2ce"/>
      </symbol>
      <symbol id="sm-821">
         <name>strchr</name>
         <value>0x5ac1</value>
         <object_component_ref idref="oc-374"/>
      </symbol>
      <symbol id="sm-841">
         <name>frexpl</name>
         <value>0x56dd</value>
         <object_component_ref idref="oc-368"/>
      </symbol>
      <symbol id="sm-842">
         <name>frexp</name>
         <value>0x56dd</value>
         <object_component_ref idref="oc-368"/>
      </symbol>
      <symbol id="sm-85f">
         <name>scalbn</name>
         <value>0x4fb5</value>
         <object_component_ref idref="oc-36e"/>
      </symbol>
      <symbol id="sm-860">
         <name>scalbnl</name>
         <value>0x4fb5</value>
         <object_component_ref idref="oc-36e"/>
      </symbol>
      <symbol id="sm-861">
         <name>ldexpl</name>
         <value>0x4fb5</value>
         <object_component_ref idref="oc-36e"/>
      </symbol>
      <symbol id="sm-862">
         <name>ldexp</name>
         <value>0x4fb5</value>
         <object_component_ref idref="oc-36e"/>
      </symbol>
      <symbol id="sm-86c">
         <name>copysign</name>
         <value>0x5ad7</value>
         <object_component_ref idref="oc-3c1"/>
      </symbol>
      <symbol id="sm-86d">
         <name>copysignl</name>
         <value>0x5ad7</value>
         <object_component_ref idref="oc-3c1"/>
      </symbol>
      <symbol id="sm-886">
         <name>wcslen</name>
         <value>0x5b11</value>
         <object_component_ref idref="oc-2d4"/>
      </symbol>
      <symbol id="sm-89d">
         <name>__aeabi_dsub</name>
         <value>0x46d1</value>
         <object_component_ref idref="oc-348"/>
      </symbol>
      <symbol id="sm-89e">
         <name>__aeabi_dadd</name>
         <value>0x46db</value>
         <object_component_ref idref="oc-348"/>
      </symbol>
      <symbol id="sm-8c0">
         <name>__aeabi_cdcmpeq</name>
         <value>0x5481</value>
         <object_component_ref idref="oc-2b1"/>
      </symbol>
      <symbol id="sm-8c1">
         <name>__aeabi_cdcmple</name>
         <value>0x5481</value>
         <object_component_ref idref="oc-2b1"/>
      </symbol>
      <symbol id="sm-8c2">
         <name>__aeabi_cdrcmple</name>
         <value>0x5507</value>
         <object_component_ref idref="oc-333"/>
      </symbol>
      <symbol id="sm-8d6">
         <name>__aeabi_ddiv</name>
         <value>0x4b01</value>
         <object_component_ref idref="oc-32e"/>
      </symbol>
      <symbol id="sm-8e1">
         <name>__aeabi_dmul</name>
         <value>0x50c5</value>
         <object_component_ref idref="oc-329"/>
      </symbol>
      <symbol id="sm-8eb">
         <name>__aeabi_d2iz</name>
         <value>0x58d1</value>
         <object_component_ref idref="oc-338"/>
      </symbol>
      <symbol id="sm-8f5">
         <name>__aeabi_i2d</name>
         <value>0x5a15</value>
         <object_component_ref idref="oc-343"/>
      </symbol>
      <symbol id="sm-90b">
         <name>__aeabi_errno_addr</name>
         <value>0x5b5d</value>
         <object_component_ref idref="oc-2da"/>
      </symbol>
      <symbol id="sm-90c">
         <name>errno</name>
         <value>0x2000c704</value>
         <object_component_ref idref="oc-384"/>
      </symbol>
      <symbol id="sm-930">
         <name>GPIOPinTypeI2CSCL</name>
         <value>0x5aff</value>
         <object_component_ref idref="oc-13e"/>
      </symbol>
      <symbol id="sm-931">
         <name>GPIODirModeSet</name>
         <value>0x5a43</value>
         <object_component_ref idref="oc-214"/>
      </symbol>
      <symbol id="sm-932">
         <name>GPIOPadConfigSet</name>
         <value>0x4c37</value>
         <object_component_ref idref="oc-21a"/>
      </symbol>
      <symbol id="sm-99a">
         <name>SysCtlDelay</name>
         <value>0x5b65</value>
         <object_component_ref idref="oc-152"/>
      </symbol>
      <symbol id="sm-99b">
         <name>SysCtlClockFreqSet</name>
         <value>0x4301</value>
         <object_component_ref idref="oc-132"/>
      </symbol>
      <symbol id="sm-9a9">
         <name>UARTCharPut</name>
         <value>0x5b49</value>
         <object_component_ref idref="oc-14a"/>
      </symbol>
      <symbol id="sm-9ab">
         <name>__TI_static_base__</name>
         <value>0x0</value>
      </symbol>
      <symbol id="sm-9ae">
         <name>__mpu_init</name>
         <value>0x0</value>
      </symbol>
      <symbol id="sm-9af">
         <name>_system_post_cinit</name>
         <value>0x0</value>
      </symbol>
   </symbol_table>
   <title>Link successful</title>
</link_info>
